$ C:\Users\user\documents\lee\class\2026-2\geoai\.venv\Scripts\python.exe 9-1-protected-area-forest-loss.py

=== STDOUT ===
보호구역 정책의 산림손실 저감 효과 분석 (교육용 시뮬레이션)
단위 300개(보호 150) · 2001~2020 · 지정 2011
진짜 정책효과(설정값): -0.80 %p

=== [기본] 보호구역 안/밖 평균 산림손실률 (%) ===
             사전(2001-2010)  사후(2011-2020)
보호구역 밖(대조군)          4.781          5.264
보호구역 안(처리군)          4.298          3.958

naive 추정(사후 안-밖 차이): -1.306 %p  ← selection bias로 효과 과대추정

=== [심화] DID 추정 (전체 표본, n=6000) ===
DID 효과(treated:post): -0.822 %p  (SE=0.020, p=0.0000)

공통 지지 구간 압력 [0.36, 0.84] → 매칭 후 단위 232개

=== [심화] DID 추정 (매칭(공통지지) 표본, n=4640) ===
DID 효과(treated:post): -0.804 %p  (SE=0.022, p=0.0000)

그림 저장: lecture_practice\chapter9\data\fig_9_1_forest_loss_trends.png

=== 공간단위 정책 산출물 ===
격자 단위 우선순위표 저장: lecture_practice\chapter9\results\spatial_unit_priority.csv
행정구역 우선순위표 저장: lecture_practice\chapter9\results\admin_area_priority.csv

행정구역 우선순위 상위 5개
admin_area  priority_rank  post_loss  mean_pressure  protected_share  high_priority_units
       A01              1      5.417          0.729            0.267                    8
       A02              2      4.975          0.654            0.333                    7
       A09              3      4.871          0.725            0.200                    4
       A08              4      4.841          0.700            0.300                    3
       A07              5      4.927          0.593            0.400                    3

=== [2층 AI] 공간 명시적 ML 벌채위험 예측 (2겹 공간 블록 CV, 통제구역 학습) ===
공간 피처 포함 : R²=0.307, RMSE=0.459
공간 피처 제외 : R²=-0.080, RMSE=0.570
→ 공간 시차(미관측 공간효과) 기여: R² +0.386 (공간 ML 정당)
피처 중요도(설명가능성): spatial_lag_pre_loss=0.569, habitat_value=0.219, pressure=0.212
주의(규칙4): DID는 '관측' 손실로 추정한다. ML 예측치를 인과추정의 결과변수로 쓰면 평균수축→효과 과소추정이 생기므로 별도 보정이 필요하다.

=== [불확실성] 정규화 conformal 예측구간(90%, OOF 근사)과 신뢰등급 ===
통제구역 보정표본 n=150 · 목표 포함확률 0.90 conformal 계열(교육용 OOF 근사)
OOF 경험적 포함률 = 0.907 (목표 0.90)
구간 반폭(%p): 중앙값 0.511, 범위 [0.125, 1.327]
신뢰등급 분포: 높음 100 · 중간 100 · 낮음 100
주의: σ̂를 같은 OOF 잔차로 적합 → 포함률은 다소 낙관적이다. 엄밀한 실무는
      학습/보정/시험 3분할 split conformal을 쓴다(7.5절·보론).

가중합 상위30 vs ML위험 상위30 일치: 18/30 → 12곳 차이 (변화 자체는 영향의 증거일 뿐, 우월성은 아래 근거로 판단)
ML이 새로 상위30에 올린 격자(검증용 — 손실·압력·서식지 근거 확인):
 unit admin_area  post_loss  pressure  habitat_value  treated  ml_risk
   17        A01      6.061     0.806          0.000        0    6.114
   14        A01      6.087     0.730          0.000        0    6.084
   11        A01      5.741     0.923          0.019        0    5.753
    1        A01      5.844     0.748          0.194        0    5.753
  197        A07      5.791     0.750          0.228        0    5.713
   41        A02      5.794     0.850          0.030        0    5.709

=== [불확실성] ml_risk 기준 행정구역 우선순위(구간반폭·신뢰등급) ===
 priority_rank admin_area  mean_ml_risk  mean_pi_half  low_conf_units confidence
             1        A01         5.629         0.434               4         높음
             2        A02         5.293         0.519               7         중간
             3        A07         5.256         0.489               8         높음
             4        A08         5.168         0.451               1         높음
             5        A10         5.141         0.568               8         중간
             6        A09         5.115         0.458               6         높음

=== 추정 방법 비교 (진짜 효과 = -0.80 %p) ===
방법                         추정 효과(%p)         진짜값과 오차
naive(단순 비교)                  -1.306          -0.506
DID(전체)                       -0.822          -0.022
DID(매칭)                       -0.804          -0.004

해석: naive는 selection bias로 효과를 과대(더 음수)추정한다.
DID는 단위 고정효과로 시간불변 차이를 제거해 진짜값에 근접한다.

=== STDERR ===
