$ C:\Users\user\documents\lee\class\2026-2\geoai\.venv\Scripts\python.exe 9-3-supply-chain-due-diligence.py

=== STDOUT ===
======================================================================
9-3 공급망 산림 리스크 실사 — 비대칭 손실 하의 등급 컷오프
======================================================================
조달 구역 240개 · 조달국 4개(표준위험 가정)
비용 단위: 실사 1건 = 1단위(C_FP=1). 기준 비용비 R = C_FN/C_FP = 10
기준 예산 K = 30건 / 연

=== [1단계 관측] 조달 구역 연간 산림손실률 분포 ===
  분위    p50   p75   p90   p95   p99 
  손실률% 0.51   0.89   1.58   2.28   4.19 
  평균 0.780% · 최대 8.761%
  손실 면적 상위 10% 구역(24개)이 전체 손실 면적의 39.6%를 차지
  → 손실은 소수 구역에 쏠린다. 그래서 '어디를 볼 것인가'가 결정 문제가 된다.

=== [2단계 위험함수] 위반확률 p(위반|손실률, 거버넌스) — 선언값 ===
  logit p = -2.30 +1.10·z(log 손실률) +1.60·(0.5−거버넌스)·2
  참 위반확률: 평균 0.128 · 범위 [0.006, 0.827]
  실현 위반 25건 / 240구역
  주의: 계수는 추정값이 아니라 가정이다. 이 가정이 결론을 얼마나 좌우하는지는
        6단계 보정 민감도와 대조군에서 되갚는다.

=== [3단계 비용 곡선] 비용비 R에 따른 최적 컷오프와 기대 총비용 ===
  R=C_FN/C_FP  임계비  확률컷오프p*  실사건수  기대총비용  놓친위반(기대건수)
           1   0.500       0.5000         7        28.8             26.29
           3   0.750       0.2500        32        74.3             18.27
           5   0.833       0.1667        59       106.0             12.97
          10   0.909       0.0909       123       149.5              5.21
          20   0.952       0.0476       168       178.6              1.97
          50   0.980       0.0196       219       204.1              0.31
         100   0.990       0.0099       237       208.5              0.02
  → C_FN이 커질수록 임계비가 1에 가까워지고 확률 컷오프는 0으로 내려간다.
    같은 데이터·같은 예측인데 실사 대상 수가 바뀐다. 바꾸는 것은 비용비다.

=== [4단계 예산 제약] R=10에서 예산 K에 따른 잔여 기대손실 ===
  무실사 기대 총비용        : 307.8
  예산 무제한 최적 실사 건수 : K* = 123건 (= p̂ > 0.0909 구역 수)
  그때의 기대 총비용        : 149.5 (절감 158.2)
  절감의 90% 달성 건수       : K = 66건 → 곡선의 무릎
    K=  0 → 기대 총비용   307.8 · 잔여   307.8 · 달성 절감  0.0%
    K= 10 → 기대 총비용   253.8 · 잔여   253.8 · 달성 절감 34.1%
    K= 20 → 기대 총비용   226.2 · 잔여   226.2 · 달성 절감 51.6%
    K= 30 → 기대 총비용   205.7 · 잔여   205.7 · 달성 절감 64.5%
    K= 60 → 기대 총비용   170.1 · 잔여   170.1 · 달성 절감 87.0%
    K= 90 → 기대 총비용   153.5 · 잔여   153.5 · 달성 절감 97.5%
    K=123 → 기대 총비용   149.5 · 잔여   149.5 · 달성 절감 100.0%
  → 예산이 K=30으로 묶이면 달성 가능한 절감의 64.5%만 얻는다.
    이 곡선이 '실사 예산을 얼마나 더 써야 하는가'의 근거가 된다.

=== [5단계 규칙 비교] R=10 · 예산 K=30 ===
  실사 규칙                                    건수      기대총비용     놓친위반     무실사대비
  제도 기본선 3%(표준위험 점검률 전용)                    7      272.5    26.94     +35.2
  제도 기본선 9%(고위험 점검률 전용)                    21      233.3    22.10     +74.4
  비용 최적 컷오프(p*>0.0909)                    123      149.5     5.21    +158.2
  예산 상위 K=30(위험순위)                         30      205.7    18.77    +102.0
  동수 손실률 컷오프(K=30)                         30      219.8    20.05     +88.0
  무작위 K=30                                 30      291.6    26.58     +16.1
  전수 실사                                   240      209.2     0.00     +98.5
  무실사                                       0      307.8    30.78      +0.0
  → 제도 점검률 9%를 사내 규칙으로 쓰면 기대 총비용 233.3, 비용 최적은 149.5. 차이 83.8단위
    같은 예산 30건이라도 위험순위 205.7 < 손실률 단일 컷오프 219.8 < 무작위 291.6
    등급을 손실률 한 변수로 자르면 같은 건수를 써도 비용이 더 든다(거버넌스를 못 본다).

=== [6단계 보정 민감도] 위험함수 손실률 기울기를 ±50% 흔든다 (R=10) ===
       기울기     실사건수       실제 기대총비용       최적 대비 초과
      0.50      125          153.7           +4.2
      1.00      123          149.5           +0.0
      1.50      117          150.8           +1.3
  → 확률 컷오프 p*는 비용비가 정하므로 보정과 무관하게 그대로다.
    움직이는 것은 그 컷오프에 걸리는 구역 집합, 즉 실질 손실률 컷오프다.

=== [6단계-b 비용비 오지정] 참 비용비는 R=10인데 R을 다르게 가정했다면 ===
     가정한 R     실사건수       실제 기대총비용       최적 대비 초과
         1        7          265.5         +116.0
         3       32          202.2          +52.7
         5       59          170.9          +21.4
        10      123          149.5           +0.0
        20      168          158.9           +9.4
        50      219          191.6          +42.1
  → 두 민감도를 견주면 결론이 분명하다. 위험함수의 기울기를 ±50% 틀리는 대가는
    작지만, 비용비를 한 자릿수 틀리는 대가는 크다. 기대비용 곡선이 최적점 근처에서
    평평하기 때문이다 — 컷오프 근처 구역은 실사해도 안 해도 손익이 비슷하다.
    그러므로 실무에서 먼저 확보할 것은 더 정교한 위험모형이 아니라 C_FN/C_FP다.

=== [7단계 대조군] 심은 메커니즘을 제거한 세계에서 이득이 사라지는가 ===
  (a) 신호 0 대조군 — 위반을 300회 다시 뽑아 실현 비용으로 채점
      세계                     위험순위        무작위         차이(순위−무작위)
      신호 있음                 208.2      297.3       -89.0 (SD 32.0)
      신호 0                  297.2      297.2        +0.0 (SD 27.2)
      통과 조건: 신호 0 세계에서 차이 ≈ 0. 실측 +0.0 (SD 27.2, |차이|/SD = 0.00)
      신호 있는 세계의 차이는 -89.0 — 위험순위의 이득은 절차가 아니라 신호에서 온다.

  (b) 대칭 비용 대조군 — C_FN = C_FP (R=1)
      확률 컷오프 0.5000 (기대 0.5), 실사 건수 7건 · R=10일 때 123건
      통과 조건: 컷오프가 정확히 0.5로 이동 → 통과
      비대칭이 사라지면 점추정을 그대로 쓰는 것과 같아진다(15.5절의 임계비 0.5).

[그림] 위험함수·컷오프와 예산 곡선 저장 → 9-3-due-diligence-cutoff.png
[저장] 9-3-cost-ratio-cutoff.csv · 9-3-rule-comparison.csv · 9-3-calibration-sensitivity.csv · 9-3-cost-ratio-misspecification.csv · 9-3-null-control.csv

======================================================================
요약: 등급은 예측할 것이 아니라 정하는 것이다.
  비용비 R이 1→100으로 가면 확률 컷오프는 0.500→0.0099로,
  실사 대상은 7→237구역으로 움직인다. 데이터는 그대로다.
  제도 점검률 9%를 사내 규칙으로 전용하면 비용 최적보다 83.8단위를 더 쓴다.
  반면 위험함수 기울기를 ±50% 틀리는 대가는 그보다 훨씬 작다 — 먼저 확보할 것은
  더 정교한 위험모형이 아니라 비용비 C_FN/C_FP다.
  예산이 K=30으로 묶이면 컷오프 문제는 순위 문제가 되고,
  잔여 기대손실 205.7이 증액 요청의 근거가 된다.
한계: 위험함수의 계수는 선언값이며, 실제 위반확률·C_FN·실사 단가를 이 예제가
  말하지 않는다. 컷오프의 절대값이 아니라 컷오프를 정하는 절차가 산출물이다.
======================================================================

=== STDERR ===
