$ C:\Users\user\documents\lee\class\2026-2\geoai\.venv\Scripts\python.exe 10-4-delivery-zone-optimization.py

=== STDOUT ===
====================================================================
배달 권역 설계와 원가 컷라인 (10-4, 비즈니스 · 최적화)
====================================================================
자료: 서울 종로구 · 서대문구 · 은평구 | 활동 격자 245개(셀 500m) | 행정동 47개
  원본: 소상공인시장진흥공단_상가(상권)정보_서울_202606.csv / 행정동 단위 서울 생활인구(내국인).csv (평일 20260612~20260731)
  스냅샷 생성일 2026-08-26, sha256 bbb4c3747dd31332…
  평시 생활인구 1,121,348명 → 피크 1,030,742명
  주문 환산(가정): 생활인구 1,000명당 시간당 1.2건 → 평시 1,346건/시간
  자치구별 생활인구 비중(평시 → 피크):
    서대문구: 34.5% → 33.5% (-1.0%p)
    은평구: 31.2% → 38.6% (+7.4%p)
    종로구: 34.2% → 27.9% (-6.3%p)

[1] 최적화 — 목적함수가 거점 배치를 바꾼다 (표 10.7)
--------------------------------------------------------------------
  후보 거점 40개(음식점 밀집 상위), 개설 10개, 해법: MILP(HiGHS)
  해                        평균 도달(분)      T분 커버 수요      커버 인구    p-median과 공통  비고
  p-median                     2.96        86.6%      86.6%          10/10  
  최대커버(T=5분)                   3.13        88.8%      88.8%           7/10  
  용량제약 p-median                2.96        86.6%      86.6%          10/10  미배차 0.0%
  휴리스틱(정점치환)                   2.99        85.5%      85.5%           8/10  

  휴리스틱 목적함수 격차: +0.738% (정확해 대비. Teitz–Bart는 전역 최적을 보장하지 않는다)
  해 안정성 — p=(8, 10, 12): 공통 거점 수 6, 후보집합 교체 시 공통 7/10

[2] 원가 컷라인 — 어디까지 배달하면 남는가 (표 10.8)
--------------------------------------------------------------------
  건당 수수료 4,500원, 임률 300원/분, 고정 6분, 변동비 400원  ← 전부 가정값
  손익분기 편도 주행시간: 묶음 없음(계수 1.0) 3.8분 → 최대 묶음(계수 2.0) 7.7분
  건당 기여이익 분위(원): p10 -2,068 | p25 -487 | 중앙 843 | p75 1,443 | p90 1,748
  컷라인 밖: 격자 83개/245 (33.9%), 인구 74,047명 (6.6%), 주문 6.6%
  컷라인 밖 격자의 특성: 평균 도달 7.9분 (안쪽 3.0분), 주문밀도 1.07건/시간 (안쪽 7.76), 묶음계수 1.18 (안쪽 1.72)
  컷라인 밖 격자를 가진 행정동 25개 (전체 47개). 상위 5:
    은평구 진관동: 22/26개 셀
    종로구 평창동: 14/14개 셀
    종로구 부암동: 10/10개 셀
    은평구 수색동: 5/7개 셀
    서대문구 연희동: 4/11개 셀

[3] 공급 제약 — 피크에 컷라인이 얼마나 당겨지는가 (표 10.9)
--------------------------------------------------------------------
  거점당 라이더 평시 25명(시간당 1,500분) → 피크 50명(주문은 2.1배)
  시나리오                           평균 도달     평균 이용률     배차 대기     유효 임률     미배차       컷라인 밖 인구
  평시 · 용량 무제약                    2.96분          —         —       300    0.0%          6.6%
  피크 · 용량 무제약                    4.21분          —         —       300    0.0%         10.4%
  피크 · 용량제약+할증                   4.37분       0.93     15.2분       453    0.0%         54.4%

  평시 → 피크(용량·할증 반영): 컷라인 밖 인구 +47.8%p (6.6% → 54.4%)
  그중 수요 이동·혼잡만의 몫은 10.4%이고, 용량 제약·할증이 더한 몫이 +44.0%p다.
  ※ 대기는 서비스 품질 지표이고, 원가에 들어오는 경로는 유효 임률의 할증이다.

  라이더 공급을 ±40% 흔들면(피크 기준):
    라이더 배수           평균 이용률     배차 대기     유효 임률     미배차       컷라인 밖 인구
    1.2                1.00     19.0분       480   22.9%         56.6%
    2.0                0.93     15.2분       453    0.0%         54.4%
    2.8                0.69      6.3분       375    0.0%         34.4%

[4] 중첩 — 컷라인 밖과 생활 인프라 열위가 겹치는가 (표 10.11)
--------------------------------------------------------------------
  생활 인프라(보건의료·체육 POI) 도보 도달시간: 중앙 2.9분, 상위25% 기준 5.2분, 15분 초과 격자 0개
  ※ 민간 시설이므로 공공 생활SOC를 대신하지 못한다. 기술통계로만 읽는다.
  컷라인 밖 83개 ∩ 인프라 열위 62개 = 42개
  Jaccard(교집합/합집합) 0.408 | 컷라인 밖 중 열위 비율 50.6% | 열위 중 컷라인 밖 비율 67.7%

[4-2] 대조군 — 결론이 배분 규칙과 지리적 우연의 산물인가
--------------------------------------------------------------------
  대조군A(POI 밀도 가중 제거): 컷라인 밖 인구 9.5% (관측 6.6%), Jaccard 0.305
  대조군B(수요–위치 결합 제거, 200회 순열): Jaccard 평균 0.277 [0.228, 0.333] | 관측 0.408 | 경험적 p(대조군 ≥ 관측) = 0.000
     대조군B의 컷라인 밖 인구 비율: 평균 15.4% (관측 6.6%)
  → 관측 중첩이 대조군 분포를 벗어난다. 겹침이 기하만의 산물은 아니다.

[5] 퇴화 검사 — 최적화가 '음식점 많은 셀 고르기'와 다른 답을 내는가
--------------------------------------------------------------------
  방법                           평균 도달(분)      최적 대비     공통 거점       컷라인 밖 인구
  최적화(p-median)                    2.96          —         —          6.6%
  규칙1: 음식점 상위 p개                   4.79    +61.5%         4         24.8%
  규칙2: 수요 상위 p개                    4.67    +57.4%         6         26.3%
  → 판정: 단순 규칙은 최적해와 다른 답을 낸다(목적함수 최소 격차 +57.4%, 공통 거점 최대 6/10).
     밀집지에 거점을 몰면 평균 도달시간이 늘고 컷라인 밖 인구가 커진다 →
     최적화를 돌릴 값어치가 있다.

[6] 민감도 — 결론을 절대 금액이 아니라 범위로 읽는다 (표 10.10)
--------------------------------------------------------------------
  설정                             컷라인 밖 인구       컷라인 밖 격자
  기준                                6.6%           83개
  임률 −30%                           2.0%           31개
  임률 +30%                          17.6%          129개
  수수료 −20%                         17.3%          127개
  수수료 +20%                          3.2%           45개
  묶음 없음(계수 1.0)                    30.1%          130개
  묶음 강함(최대 2.5)                     5.4%           74개
  우회계수 1.20                         5.2%           67개
  우회계수 1.50                         8.4%           98개
  거리정의: 맨해튼                         6.2%           79개

  컷라인 밖 인구 비율 범위: 2.0% ~ 30.1% (기준 6.6%)
  → 절대 수준은 가정에 흔들린다. 흔들리지 않는 것은 순서다 — 먼 저밀도 격자가 언제나 먼저 잘린다.

[7] 산출물
--------------------------------------------------------------------
  delivery_zone_cells.csv — 격자별 원가·기여이익·컷라인 판정
  delivery_zone_summary.csv — 시나리오별 요약
  10-4-delivery-zone.png — 거점 배치와 컷라인 지도(그림 10.2)

[증명 범위]
--------------------------------------------------------------------
  증명하는 것: 목적함수(평균 최소화 대 임계 커버 최대화)가 거점 배치를 바꾸는가,
    거리·주문밀도·용량 제약이 건당 기여이익과 컷라인을 어떻게 움직이는가,
    그 결론이 원가 가정의 범위에서 얼마나 버티는가.
  증명하지 못하는 것: 특정 사업자의 실제 손익, 실제 주문 분포와 그 시간 프로파일,
    실제 도로망 주행시간(우회계수 근사로 대신했다), 공공 생활SOC와의 중첩
    (여기서 쓴 인프라 지표는 민간 보건의료·체육 POI다).
====================================================================
[완료] 배달 권역 최적화와 원가 컷라인 분석을 마쳤다.

=== STDERR ===
