$ C:\Users\user\documents\lee\class\2026-2\geoai\.venv\Scripts\python.exe 3-2-cloud-formats.py

=== STDOUT ===
============================================================
클라우드 네이티브 포맷 비교 실습
============================================================

--- 1. 테스트 데이터 생성 ---
  생성된 데이터: 50,000개 포인트, 6개 컬럼

--- 2. 포맷별 저장 비교 ---
  포맷           |      파일 크기 |      저장 시간
  ------------ | ---------- | ----------
  GeoJSON      |    11.89 MB |    1.631초
  Shapefile    |    21.05 MB |    1.661초
  GeoParquet   |     2.18 MB |    0.076초

--- 3. 포맷별 읽기 성능 비교 ---
  GeoJSON:    0.723초
  Shapefile:  0.540초
  GeoParquet: 0.055초

  GeoParquet 대비 속도:
    vs GeoJSON:   13.2배 빠름
    vs Shapefile: 9.8배 빠름

--- 4. GeoParquet 공간 필터링 ---
  전체 데이터: 50,000개
  필터링 결과: 2,055개 (강남 영역)
  필터링 시간: 0.030초
  필터링 비율: 4.1%

--- 5. 컬럼 선택 읽기 ---
  전체 컬럼 (6개): 0.046초
  2개 컬럼만:            0.066초
  속도 개선: 0.7배

--- 6. 포맷 선택 가이드 ---
  래스터 (2D 위성영상)     → COG (Cloud Optimized GeoTIFF)
  래스터 (다차원 시계열)   → Zarr
  벡터 (대용량 포인트/폴리곤) → GeoParquet
  벡터 (웹 전송, 소규모)  → GeoJSON
  벡터 (레거시 호환)      → Shapefile (비권장)

[완료] 클라우드 네이티브 포맷 비교 실습을 마쳤다.

=== STDERR ===
