$ C:\Users\user\documents\lee\class\2026-2\geoai\.venv\Scripts\python.exe 3-3-cog-partial-read.py

=== STDOUT ===
============================================================
COG 부분 읽기(Range Request) 실습
============================================================

--- 1. STAC 검색 ---
  검색 결과 5개 중 강남 소구역을 포함하며 구름이 가장 적은 장면 선택: S2B_MSIL2A_20240829T021539_R003_T52SCG_20240829T043313
  취득일: 2024-08-29, 구름 비율: 8.1%
  대상 Asset: B04 (Red, 10m)

--- 2. 전체 COG 파일 크기 (HTTP HEAD) ---
  전체 파일 크기: 268.5 MB
  (본문을 내려받지 않고 헤더만 조회했다)

--- 3. 전체 해상도 (COG 헤더 조회) ---
  전체 크기: 10980행 × 10980열 (120,560,400픽셀)
  좌표계: EPSG:32652
  (rasterio.open()은 GDAL이 파일 헤더만 읽어 얻는다 — 픽셀 데이터는 아직 없다)

--- 4. 관심 영역 윈도우 읽기 (Range Request) ---
  읽은 영역: 216행 × 270열 (58,320픽셀)
  소요 시간: 1.44초
  픽셀 최소~최대값: 1012~8976 (값이 있는 반사율 DN — 정상적으로 데이터를 받았다는 확인)

--- 5. 소구역 저장 ---
  저장: chapter3\data\gangnam_b04_window.tif (91.0 KB)
  (강남 소구역 크롭만 저장했다 — 전체 268.5 MB 파일은 여전히 받지 않았다)

--- 6. 비교 ---
  전체 파일 크기: 268.5 MB (120,560,400픽셀)
  실제로 받은 픽셀: 58,320개 (전체의 0.048%)
  윈도우 읽기 소요 시간: 1.44초
  → 픽셀 비율은 정확한 값이지만, COG는 타일 단위로 압축되어 있어 실제 전송 바이트가 픽셀 비율과 정확히 비례하지는 않는다(근사).
  → 그럼에도 전체 파일을 먼저 내려받는 절차 없이, 필요한 소구역만 1.44초 만에 바로 받을 수 있었다는 점이 핵심이다.

--- 7. RGB 합성 미리보기 ---
  저장(스트레치 없음, 단일 밴드 B04): gangnam_b04_raw_preview.png
  Green(B03)·Blue(B02) 추가 읽기: 2.45초 (B04와 마찬가지로 강남 소구역만 Range Request로 수신)
  저장(2~98% 스트레치, RGB 합성): gangnam_rgb_stretched.png
  Red=B04, Green=B03, Blue=B02 순서로 합성했다.
  → gangnam_b04_raw_preview.png(스트레치 없는 단일 밴드)과 gangnam_rgb_stretched.png(스트레치+RGB 합성)을 VSCode에서 나란히 열어 선명도·색상 차이를 직접 비교할 수 있다.

[완료] COG 부분 읽기 실습을 마쳤다.

=== STDERR ===
