$ C:\Users\user\Documents\lee\class\2026-2\geoAI\.venv\Scripts\python.exe 3-4-commercial-data-bias.py

=== STDOUT ===
행정동 425개 · 집계 셀 10,266개 · 매출 행 67,113개

========================================================================
분석 A. 포착률 — 지도 데이터는 실제 점포를 얼마나 담는가
========================================================================

[A-1] 업종군별 서울 전체 포착률 (OSM 점포 수 ÷ 상권정보 점포 수)
업종군           상권정보(좁음)   OSM(좁음)     포착률    상권정보(넓음)   OSM(넓음)     포착률
카페              22,739     4,237   0.186      24,081     4,281   0.178
제과점              6,119       616   0.101       7,182       678   0.094
편의점              9,395     6,696   0.713       9,395     6,696   0.713
미용·뷰티           20,278    25,324   1.249      33,784    25,573   0.757
약국               5,611       698   0.124       5,611       725   0.129
안경               2,136        97   0.045       2,136        97   0.045
화장품              5,517       192   0.035       5,517       213   0.039
서점               1,524       113   0.074       1,524       113   0.074
세탁소              3,869       270   0.070       4,740       283   0.060
8개 합계*          56,910    12,919   0.227      60,186    13,086   0.217
  * 합계에서 미용·뷰티는 제외했다(아래 주의 참조).

  [주의] 좁은 대응에서 포착률이 1을 넘는 업종군: ['미용·뷰티']
        포착률이 1을 넘는 것은 물리적으로 불가능하다. 원인은 OSM 태그 하나에
        여러 업종이 섞여 담기는 것이다. 넓은 대응에서 그 값이 어떻게
        움직이는지가 대응표의 영향력을 보여 준다.
        미용·뷰티: 좁은 대응 1.249 → 넓은 대응 0.757

[A-2] 행정동별 포착률 분포 (8개 업종군 합산, 넓은 대응)
  합산에서 미용·뷰티는 뺀다. 태그 하나에 여러 업종이 섞여 값이 흔들리는 데다,
  개수가 가장 많아 합계를 이 한 업종이 좌우하기 때문이다.
  분모(상권정보 점포 수) 30개 미만인 13개 동은 비율이 불안정해 제외
  분석 대상 412개 행정동
  포착률 최소 0.000 / 10% 0.109 / 1사분위 0.144 / 중앙값 0.190 / 3사분위 0.259 / 90% 0.344 / 최대 1.069
  가장 높은 동: 가회동(1.07), 교남동(0.86), 삼청동(0.70), 위례동(0.65), 면목5동(0.60)
  가장 낮은 동: 상계8동(0.00), 문정2동(0.03), 시흥2동(0.03), 북아현동(0.05), 고덕1동(0.05)

[A-3] 편향은 무작위 잡음인가, 지역 특성을 따라가는가
  포착 여부를 점포 하나하나의 성공/실패로 보고 이항 GLM을 적합한다.
  (분모가 동마다 크게 다르므로 비율을 그대로 최소제곱에 넣지 않는다)
  항                    계수      표준오차       z         p
  const           -1.3325    0.0330  -40.38  0.00e+00
  log_점포밀도        -0.0605    0.0506   -1.19  2.32e-01
  시청거리_km         -0.3089    0.0421   -7.33  2.27e-13
  log_면적           0.0621    0.0527    1.18  2.38e-01
  이탈도(deviance) 3,769 / 자유도 408 → 분산 팽창 9.2배 (과대산포)
  과대산포가 크다는 것은 동마다 포착률이 흔들리는 폭이 단순 이항 잡음보다
  훨씬 넓다는 뜻이다. 즉 설명변수로 다 잡히지 않는 지역 고유의 차이가 있다.

  잔차의 공간 자기상관 Moran's I = 0.262 (기댓값 -0.002, 순열검정 p = 0.001, 이웃 6개 기준)
  잔차가 공간적으로 뭉쳐 있으면, 설명변수로 걸러지지 않은 편향이 특정
  구역에 몰려 있다는 뜻이다. 동을 서로 독립으로 보고 세운 추론은 그만큼 위태롭다.

  좁은 대응과 넓은 대응으로 각각 잰 행정동 포착률의 순위상관 = 0.994
  대응을 바꾸면 포착률의 절대 수준은 바뀌지만 동 사이의 순서는 거의 그대로다.
  따라서 이 절은 '포착률이 몇 %다'가 아니라 '어느 동이 더 낮다'를 주장으로 삼는다.

  [대응표를 바꾸면 이 결론이 남는가] 미용·뷰티를 합계에 다시 넣고 같은 회귀를 돌린다.
  항                  8개 계수        8개 p      9개 계수        9개 p
  const            -1.3325       0.000    -0.4639       0.000
  log_점포밀도         -0.0605       0.232    +0.1619       0.004
  시청거리_km          -0.3089       0.000    +0.0615       0.209
  log_면적           +0.0621       0.238    +0.1978       0.001
  미용·뷰티를 넣으면 시청거리의 부호가 뒤집히고 유의성이 사라진다.
  개수가 가장 많은 업종군 하나가 합계를 끌고 가기 때문이다. 대응표를 어떻게 잡느냐가
  '도심에서 멀수록 덜 담긴다'는 결론 자체를 좌우한다 — 그래서 대응표를 표로 공개한다.

========================================================================
분석 B. 카드 기반 추정매출의 빈칸은 무작위로 생기는가
========================================================================

[B-1] 점포가 실재하는 셀 10,262개 (행정동 425개 × 업종군 27개 중)
  그중 2025년 매출 자료에 한 분기도 없는 셀: 1,916개 (18.7%)
  '점포는 있는데 매출 기록이 없다'는 것이 여기서 말하는 결측이다.

[B-2] 업종군별 결측률과 점포당 카드 매출
업종군             셀 수     점포 수     셀당 점포    결측 셀     결측률         점포당 연매출(만원)      건당 결제(원)
자전거             243      463       1.9     161   0.663              20,862       148,070
애완동물            378    1,574       4.2     225   0.595               3,034        43,933
가구              325    1,306       4.0     160   0.492              42,352       417,948
신발              292    1,690       5.8     136   0.466              23,288        94,509
미곡판매            177      296       1.7      79   0.446             104,859        37,586
수산물판매           240    1,255       5.2      98   0.408             357,972        64,699
서점              375    1,524       4.1     142   0.379              24,813        56,743
철물점             384    1,893       4.9     118   0.307              10,768        43,897
시계및귀금속          382    2,506       6.6     117   0.306              48,275       533,185
청과상             398    2,588       6.5     111   0.279             194,001        26,833
문구              387    1,657       4.3      88   0.227              63,393        31,223
안경              392    2,136       5.4      87   0.222              23,629        98,806
반찬가게            409    2,279       5.6      75   0.183             151,008        24,838
노래방             390    5,053      13.0      47   0.121               8,945        25,301
화장품             419    5,517      13.2      47   0.112              23,863        90,750
제과점             424    7,182      16.9      45   0.106              14,876        10,887
세탁소             425    4,740      11.2      45   0.106               3,678        19,366
육류판매            412    2,760       6.7      39   0.095             115,549        50,493
치킨전문점           424    5,560      13.1      28   0.066               7,997        33,498
호프-간이주점         416   16,025      38.5      18   0.043              18,787        46,297
편의점             425    9,395      22.1      17   0.040              44,420         7,014
약국              420    5,611      13.4      12   0.029             125,205        23,288
분식전문점           425    8,097      19.1       9   0.021              15,074        11,505
카페              425   24,081      56.7       4   0.009              12,153         7,801
미용·뷰티           425   33,784      79.5       4   0.009               3,197        50,767
슈퍼마켓            425    8,229      19.4       2   0.005              55,183        11,244
한식음식점           425   49,559     116.6       2   0.005              32,401        38,795
  [읽는 법] 점포당 연매출은 두 자료의 업종 정의가 어긋나면 크게 부풀거나 줄어든다.
  분자(매출)는 서울 상권분석의 서비스업종, 분모(점포)는 상권정보의 소분류이므로,
  두 범위가 다르면 이 값은 업종 간 비교에 쓸 수 없다. 반면 건당 결제금액은 매출
  자료 안에서만 계산되어 대응표의 영향을 받지 않는다 — 이 열이 더 믿을 만하다.

  결측이 어디에 몰리는지 한 줄로 보면 이렇다.
    셀당 평균 점포 수가 적은 업종군 5개: 미곡판매(1.7개, 결측률 0.45), 자전거(1.9개, 결측률 0.66), 가구(4.0개, 결측률 0.49), 서점(4.1개, 결측률 0.38), 애완동물(4.2개, 결측률 0.60)
    많은 업종군 5개: 편의점(22.1개, 결측률 0.04), 호프-간이주점(38.5개, 결측률 0.04), 카페(56.7개, 결측률 0.01), 미용·뷰티(79.5개, 결측률 0.01), 한식음식점(116.6개, 결측률 0.00)
  점포가 몇 개 없는 칸일수록 빈다. 소수 표본을 가리는 최소 집계 규칙이 작동한 것으로
  보이지만(자료 명세에서 확인 필요), 원인이 무엇이든 결과는 같다 — 작은 업종이
  체계적으로 지워진다.

  참고: 60대 이상 매출 비중이 가장 높은 업종군 — 미곡판매(0.62), 청과상(0.51), 육류판매(0.46), 약국(0.37)
        가장 낮은 업종군 — 카페(0.09), 호프-간이주점(0.10), 편의점(0.10), 분식전문점(0.13)
        결측률과 60대 이상 비중의 순위상관 +0.414
  이것은 정황일 뿐 인과의 증거가 아니다. 고령층 이용이 많은 업종에서 현금 결제가
  많다면 카드 자료가 그만큼 덜 담겠지만, 그 연결을 이 자료만으로는 확인할 수 없다.

[B-3] 결측이 무작위인지 검정 (로지스틱 회귀)
  완전 무작위 결측(MCAR)이라면 결측 확률이 점포 수·지역·업종과 무관해야 한다.
  점포 수·시청거리        우도비 χ² =   3884.0 (자유도  2), p = 0.000e+00
  + 업종 고정효과        우도비 χ² =    378.0 (자유도 26), p = 3.828e-64
  점포 수 계수 -3.029 (표준오차 0.085) — 점포가 많은 셀일수록 결측이 적다
  시청거리 계수 -0.040 (표준오차 0.033)
  두 검정 모두 MCAR을 기각한다. 결측은 관측된 특성(점포 수·업종·위치)을 따라 생긴다.
  여기까지가 MAR(관측 변수로 설명되는 결측)의 근거다. 그러나 MNAR을 배제하지는
  못한다 — 매출이 작은 셀일수록 가려질 수 있는데, 그 매출은 정의상 보이지 않는다.

========================================================================
분석 C. 이 데이터로 '빈 동네'를 판정해도 되는가 — 컷라인과 판정표
========================================================================

[C-1] 지도에 한 곳도 없는 동네가 정말 비어 있을 확률
  포착률이 p인 자료에서, 실제 점포가 N개인 동이 '0개'로 보일 확률은 (1−p)^N 이다.
  N의 분포는 상권정보의 행정동별 점포 수를 그대로 사전분포로 쓴다.
  (점포가 하나도 없어 집계표에 아예 빠진 동까지 0으로 되살려 넣는다)

  진입 판단의 컷라인은 오판 비용의 비로 정한다.
    이미 점포가 있는데 비었다고 보고 들어가는 손실(매몰 투자) = 1.0
    비어 있는데 놓치는 손실(기회비용)                        = 0.25
    → '정말 비었다'는 사후확률이 0.80 이상일 때만 진입한다.

업종군           0개인 동   P(N=0)      실측 포착률       P(N=0|0개로 보임)    필요 p*          판정
카페                0    0.000       0.178               0.000        —       판정 불가
제과점               1    0.002       0.094               0.008     0.93       판정 불가
편의점               0    0.000       0.713               0.000        —       판정 불가
미용·뷰티             0    0.000       0.757               0.000        —       판정 불가
약국                5    0.012       0.129               0.044     0.85       판정 불가
안경               33    0.078       0.045               0.096     0.84       판정 불가
화장품               6    0.014       0.039               0.021     0.90       판정 불가
서점               50    0.118       0.074               0.150     0.85       판정 불가
세탁소               0    0.000       0.060               0.000        —       판정 불가
  ('필요 p*'가 —인 업종군은 포착률을 1에 가깝게 올려도 컷라인을 넘지 못한다는 뜻이다.
   그런 업종군은 점포가 없는 동 자체가 드물어, '0개'가 애초에 정보를 거의 담지 않는다.)

  자세히 보기 — 서점 (점포 0개인 동 50개, 중앙값 3개)
     포착률 p      P(0개로 보임)         P(정말 0개 | 0개로 보임)          판정
      0.05          0.845                     0.139       판정 불가
      0.10          0.725                     0.162       판정 불가
      0.20          0.550                     0.214       판정 불가
      0.30          0.429                     0.274       판정 불가
      0.50          0.277                     0.425       판정 불가
      0.70          0.190                     0.619       판정 불가
      0.90          0.137                     0.860       진입 가능

  사후확률이 0.80에 도달하는 최소 포착률 p* = 0.85
  실측 서점 포착률은 0.074이다.
  즉 이 자료에서 '서점이 한 곳도 없는 동네'를 미충족 시장으로 읽으면 안 된다.

  공공은 비용의 방향이 반대다. 사각지대를 놓치는 손실이 헛짚는 손실보다 크면
  같은 계산에서 컷라인이 0.20로 내려가고, 판정은 '의심되면 현장 확인'이 된다.
  그 컷라인에서 필요한 최소 포착률은 0.17이다.
  같은 데이터, 같은 확률, 다른 결론 — 갈라놓는 것은 오판 비용의 비다.

[C-2] 현금 결제를 무시하면 상권 순위가 어떻게 달라지는가
  카드 기반 추정매출은 현금 거래를 담지 못한다. 업종별 현금 비중 c의 공개 실측
  자료를 찾지 못했으므로 아래 c는 **가정**이며, 결론은 '순위가 흔들린다'까지다.
  보정은 단순하다 — 카드로 잡힌 금액이 전체의 (1−c)이라고 보고 그만큼 되돌린다.

업종군            가정 c       연매출(억원)       보정 후(억원)   순위 전   순위 후    이동
한식음식점          0.15       160,577        188,914      1      1    +0
약국             0.05        70,252         73,950      2      2    +0
청과상            0.30        50,207         71,725      3      3    +0
슈퍼마켓           0.15        45,410         53,424      4      5    -1
수산물판매          0.30        44,925         64,179      5      4    +1
편의점            0.05        41,733         43,929      6      8    -2
반찬가게           0.30        34,415         49,164      7      6    +1
육류판매           0.30        31,892         45,559      8      7    +1
호프-간이주점        0.15        30,106         35,418      9      9    +0
카페             0.05        29,265         30,806     10     10    +0
화장품            0.05        13,165         13,858     11     13    -2
분식전문점          0.15        12,205         14,359     12     11    +1
시계및귀금속         0.15        12,098         14,233     13     12    +1
미용·뷰티          0.15        10,802         12,708     14     14    +0
제과점            0.15        10,684         12,569     15     15    +0
문구             0.15        10,504         12,358     16     16    +0
가구             0.15         5,531          6,507     17     17    +0
안경             0.15         5,047          5,938     18     18    +0
노래방            0.15         4,520          5,318     19     19    +0
치킨전문점          0.15         4,446          5,231     20     20    +0
신발             0.15         3,936          4,630     21     21    +0
서점             0.15         3,781          4,449     22     22    +0
미곡판매           0.30         3,104          4,434     23     23    +0
철물점            0.30         2,038          2,912     24     24    +0
세탁소            0.15         1,743          2,051     25     25    +0
자전거            0.15           966          1,136     26     26    +0
애완동물           0.15           478            562     27     27    +0

  순위가 바뀐 업종군 8개 / 27개, 순위상관 0.996
  가장 크게 오른 업종: 수산물판매(+1), 반찬가게(+1), 육류판매(+1)
  현금 비중이 모든 업종에서 같다면 순위는 그대로다. 순위를 흔드는 것은 c의 크기가
  아니라 c가 업종마다 다르다는 사실이다.

  같은 보정을 행정동에 적용하면 '어느 상권이 큰가'의 순위가 움직인다.
    상위 10개 상권의 겹침: 10/10
    상위 20개 상권의 겹침: 20/20
    상위 50개 상권의 겹침: 48/50
    보정 후 가장 많이 오른 동: 남가좌1동 223위→194위, 용문동 182위→155위, 홍은1동 244위→217위
    행정동 순위상관 0.9991
  겹침이 크더라도 경계 근처에서는 순서가 바뀐다. 상위 몇 곳만 뽑아 예산이나 출점을
  결정할 때, 그 경계에 걸린 동이 현금 업종이 많은 곳이라면 판단이 뒤집힌다.

[C-3] 행정동 데이터 사용 판정표
  세 등급으로 나눈다. 경계는 위에서 계산한 컷라인과 회귀 잔차를 함께 쓴다.
  각 동의 포착률을 그 동의 값으로 넣고, 사전분포는 서점의 것을 쓴다.
  (성기게 깔린 업종을 그 동에서 찾는다면 '0개'를 믿어도 되는가 하는 물음이다)

  [경고] 포착률이 1을 넘는 동 1개는 등급 판정에서 뺀다.
    가회동 — 분모 101개, 분자 108개, 포착률 1.069. 확률로 해석할 수 없는 값이므로 업종 대응표를 다시 잡는다.

등급              행정동 수      포착률 최소      중앙값       최대                    대표 동
그대로 사용              1       0.857    0.857    0.857                     교남동
보정 후 사용           248       0.089    0.193    0.471                가산동, 신사동
사용 금지             162       0.000    0.171    0.704               역삼1동, 서교동
대응표 점검              1       1.069    1.069    1.069                     가회동

  '그대로 사용'은 포착률이 컷라인을 넘어 공백 판정을 그대로 믿어도 되는 동이다.
  '보정 후 사용'은 포착률이 낮지만 회귀식으로 예측되는 만큼만 낮은 동이다.
    관측값을 예측 포착률로 나누어 점포 수를 되돌린 뒤 쓴다.
  '사용 금지'는 낮으면서 예측도 빗나가는 동이다. 여기서는 POI만으로 공백을 판정하지 않는다.

========================================================================
산출물
========================================================================
  그림: lecture_practice\chapter3\results\3-4-coverage-map.png
  8개 업종군 합산 포착률 — 좁은 대응 0.227 / 넓은 대응 0.217
  서점 공백 판정에 필요한 최소 포착률 p* = 0.85 (실측 0.074)
  판정 등급별 행정동 수: 보정 후 사용 248개, 사용 금지 162개, 그대로 사용 1개, 대응표 점검 1개

=== STDERR ===
