$ C:\Users\user\documents\lee\class\2026-2\geoai\.venv\Scripts\python.exe 12-1-welfare-blindspot-priority.py

=== STDOUT ===
================================================================
복지·의료 사각지대 위험 예측과 방문상담 우선순위 (12-1)
================================================================

분석 단위: 300개 읍면동(20×15 격자), 개인 식별 불가 집계

[1층 GIS] 의료 접근성 취약지 (이동시간 > 30분)
  접근성 취약 읍면동: 15개 (5.0%)
  취약지 평균 사각지대 위험: 13.56% vs 그 외: 10.88%
  → 접근성만으로는 위험의 일부만 설명(고립·취약계층 결합 필요) → 2층 AI 동기

[2층 AI] 사각지대 위험 예측: 공간 피처 유무 + 검증 방식 비교
  공간 블록 CV | 비공간 피처     R² =  0.681
  공간 블록 CV | +공간 시차 피처 R² =  0.737  (개선 +0.056)
  랜덤    CV | +공간 시차 피처 R² =  0.737  (공간 누수 과대추정 +0.000)
  → 공간 시차가 (설계된) spillover를 회복 = 방법 검증(실데이터 실증은 별도, 규칙2)

  피처 중요도 상위 5(설명가능성):
    access_lag       0.527
    elderly          0.145
    single           0.100
    medical_access   0.069
    crisis_lag       0.062

[3층 정책] 방문상담 우선순위 (예측 위험 상위)
 unit_id  row  col     pop  elderly  single  crisis  medical_access  pred_risk  priority_rank
      31    2    1  7509.0    0.284   0.511  21.508          28.367     18.263              1
      75    5    0 12093.0    0.407   0.409  13.614          25.071     17.258              2
      44    2   14 16179.0    0.333   0.338  11.190          34.783     16.727              3
     104    6   14 10996.0    0.277   0.420  16.849          24.537     16.681              4
      30    2    0  9802.0    0.369   0.487  15.058          36.433     16.607              5
      88    5   13 20014.0    0.275   0.337  19.093          22.091     16.595              6
      78    5    3 13455.0    0.338   0.386  14.269          14.226     16.417              7
     107    7    2 16932.0    0.289   0.387  14.362          26.906     15.742              8
      80    5    5 16774.0    0.223   0.379  19.464          28.169     15.671              9
     105    7    0  2077.0    0.251   0.309  12.533          36.566     15.629             10

  전체 우선순위표 저장 → welfare_blindspot_priority.csv
  ※ 책임성(규칙3): 위 점수는 '방문상담 우선순위 보조'일 뿐,
    자동 수급중단 등 행정처분 근거로 쓰면 안 된다(미시간 MiDAS 85% 오판 반면교사).

[불확실성] 정규화 conformal 예측구간(90%, OOF 근사)과 신뢰등급
  90% 예측구간 경험적 포함률(OOF) = 0.903  (목표 0.90)
  구간 반폭(%p): 중앙값 1.53, 범위 [0.59, 4.19]
  신뢰등급 '낮음' 읍면동 = 100개
  주의: σ̂를 같은 OOF 잔차로 적합했으므로 포함률은 다소 낙관적이다.
        엄밀한 실무는 학습/보정/시험 3분할 split conformal을 쓴다(7.5절·보론).

  불확실성을 반영한 방문상담 우선순위 상위 10:
 unit_id  row  col  pred_risk  priority_rank  pi_half confidence
      31    2    1     18.263              1    2.623         낮음
      75    5    0     17.258              2    1.100         높음
      44    2   14     16.727              3    2.025         낮음
     104    6   14     16.681              4    2.305         낮음
      30    2    0     16.607              5    0.682         높음
      88    5   13     16.595              6    1.335         중간
      78    5    3     16.417              7    1.844         낮음
     107    7    2     15.742              8    0.978         높음
      80    5    5     15.671              9    2.398         낮음
     105    7    0     15.629             10    1.834         낮음
  → 신뢰등급 '낮음'은 배제 신호가 아니라 능동 점검 신호다: 사각지대에서
     저신뢰는 오히려 현장확인을 먼저 해야 할 곳일 수 있다(미시간 MiDAS 반면교사).

[완료] 복지·의료 사각지대 우선순위 분석을 마쳤다.

=== STDERR ===
