$ C:\Users\user\documents\lee\class\2026-2\geoai\.venv\Scripts\python.exe 12-2-infectious-spatiotemporal-risk.py

=== STDOUT ===
================================================================
감염병 시공간 확산 위험 예측과 보건소 권역 우선순위 (12-2)
================================================================

분석 단위: 256개 격자 × 40주, 보건소 권역 8개 (집계, 개인 식별 불가)
총 발생: 14345건, 피크 주 발생: 1279건

[1층 GIS] 보건소 권역별 누적 발생 집계
  권역 0: 누적 4083건
  권역 1: 누적 3613건
  권역 6: 누적 3055건
  권역 7: 누적 1782건
  권역 5: 누적 756건
  권역 2: 누적 266건
  권역 4: 누적 65건
  권역 3: 누적 18건

[2층 AI] 다음 주 발생 예측: 시공간 피처의 정보 가치
  시간 시차만(자기 과거)   R² =  0.694 | MAE = 1.483
  +공간 시차(이웃 과거)    R² =  0.776 | MAE = 1.294  (개선 R² +0.082, MAE +0.189)
  → 공간 시차가 (설계된) 이웃 의존 확산을 회복 = 방법 검증(실데이터 실증은 별도, 규칙2)

  피처 중요도(설명가능성):
    neigh_t1   0.440
    neigh_t    0.420
    self_t     0.074
    self_t1    0.046
    self_t2    0.019
    pop        0.000

[3층 정책] 다음 주 보건소 권역별 대응 자원 배분 우선순위
 region  pred_next_week_cases  priority_rank
      1                273.68              1
      0                255.50              2
      6                252.62              3
      7                150.04              4
      5                100.35              5
      2                 39.01              6
      4                 11.96              7
      3                  2.11              8

  권역 우선순위 저장 → infectious_region_priority.csv
  ※ 비식별 집계 단위 분석. 신고자료 원본은 개인정보·역학조사 목적 제한 준수.

[완료] 감염병 시공간 확산 위험 분석을 마쳤다.

=== STDERR ===
