$ C:\Users\user\documents\lee\class\2026-2\geoai\.venv\Scripts\python.exe 12-5-unmet-demand-siting.py

=== STDOUT ===
================================================================================
12-5. 미충족 수요와 제약 하 순차 입지 선택 — 서울 동물병원
================================================================================

[0] 자료와 가정
  기존 동물병원 905개 | 수요 단위(행정동) 415개 | 후보지 5,462개
  심야 생활인구 합계 9,617,177명 (상주 인구의 대리)
  [검증값] 마리당 월 병원비 37,000원 (농림축산식품부 2025년 반려동물 양육현황조사)
  [산출값] 인구 1인당 반려동물 ρ=0.104 (전국 0.152 × 서울/전국 양육가구비 0.682)
  [가정] β=2.0 | 2SFCA 반경 3,000m | 용량 배수 1.8 | 기여이익률 60% | 월 고정비 16백만원

[1] 1층: 2SFCA 현행 접근성 (4장 4.2)
  추정 반려동물 수요 합계 1,000,186마리
  병원 1곳당 현재 평균 담당 1,105마리 → 지점 용량 1,989마리/월 (×1.8)
  접근성 A(마리당 월 진료 용량): 최소 0.685 / 중앙 1.717 / 최대 3.186
  기준 접근성 A* = 수요가중 평균 = 1.8000 (= 용량 배수 1.8. 검산이 맞으면 A/A*는 용량·사육률 가정에 불변)
  접근성 비 A/A*: 최소 0.381 / 중앙 0.954 / 최대 1.770
  [정합성 검산] 가정을 돈으로 환산하면
    서울 동물병원 시장 규모(추정) 월 370억원 = 연 4,441억원
    병원 1곳 평균 월 매출(추정) 4,089만원
    지점 용량을 매출로 환산한 상한 7,360만원/월
    앞의 두 값이 실무 감각과 크게 어긋나면 사육률·기여이익률 가정을 먼저
    고쳐야 한다. 뒤의 최적화를 정교하게 해도 이 어긋남은 교정되지 않는다.

[2] 진단: 미충족 수요 — '골짜기'를 찾는 단계
  미충족 수요가 있는 행정동 239개 / 415개 (57.6%)
  미충족 수요 합계 108,080마리 (전체 수요의 10.8%)
  이 U는 총량 부족이 아니라 **분포의 불균형**만 잡는다(A*가 평균이므로).
  상위 8 행정동 (행정동 | 자치구 | 수요 | 접근성비 | 미충족):
    진관동          은평구        6,018    0.469     3,197
    세곡동          강남구        5,439    0.416     3,179
    오류2동         구로구        5,828    0.669     1,930
    강일동          강동구        5,672    0.683     1,799
    가산동          금천구        3,884    0.545     1,766
    대학동          관악구        3,143    0.454     1,718
    조원동          관악구        4,739    0.666     1,582
    상암동          마포구        3,984    0.603     1,580

[3] 선택: 자기잠식·용량 제약 하 탐욕적 순차 입지 (K=10)
  손익분기 포획 = 고정비 ÷ (월 병원비 × 기여이익률) = 721마리/월
  순서 | 후보ID | 자치구 | 단독배분 | 배분 | 실현 | 용량소진 | 한계순증 | 한계기여이익(백만) | 컷라인 | 동점
     1 |   1515 | 은평구    |    3,228 |  3,208 |  1,989 |   100.0% |    1,989 |               44.2 | 통과     |    72
     2 |    687 | 금천구    |    2,738 |  2,700 |  1,989 |   100.0% |    1,989 |               44.2 | 통과     |    69
     3 |   1699 | 관악구    |    2,676 |  2,611 |  1,989 |   100.0% |    1,989 |               44.2 | 통과     |    60
     4 |   1465 | 동작구    |    2,566 |  2,505 |  1,989 |   100.0% |    1,989 |               44.2 | 통과     |    48
     5 |   5447 | 강동구    |    2,492 |  2,489 |  1,989 |   100.0% |    1,989 |               44.2 | 통과     |    41
     6 |   4960 | 강남구    |    2,452 |  2,448 |  1,989 |   100.0% |    1,989 |               44.2 | 통과     |    38
     7 |   1539 | 영등포구   |    2,334 |  2,293 |  1,989 |   100.0% |    1,989 |               44.2 | 통과     |    35
     8 |   1586 | 관악구    |    2,325 |  2,241 |  1,989 |   100.0% |    1,989 |               44.2 | 통과     |    31
     9 |    251 | 구로구    |    2,182 |  2,162 |  1,989 |   100.0% |    1,989 |               44.2 | 통과     |    24
    10 |   1567 | 은평구    |    2,176 |  2,146 |  1,989 |   100.0% |    1,989 |               44.2 | 통과     |    19
  총 배분 24,801마리 / 실현 19,893마리
  자기잠식 손실률 1.5% (단독 합 25,168 → 동시 24,801)
  한계 순증이 손익분기를 넘는 지점 10개 / 10개 → **개설 가능 10개**
  컷라인은 그 지점의 자기 매출이 아니라 **자기잠식을 뺀 한계 순증**에 적용한다.
  자기 매출로 판정하면 이미 낸 지점에서 옮겨 온 몫을 새 이익으로 세게 된다.
  역산 — 월 고정비가 44.2백만원을 넘으면 마지막 지점부터 탈락한다

[4] 돈: 컷라인이 언제 구속하는가 (월 고정비 스윕, 탐욕 선택 기준)
  월 고정비(백만) | 손익분기(마리) | 개설 가능 | 총 한계기여이익(백만) | 총 월 영업이익(백만)
              16 |            721 |        10 |                 441.6 |               281.6
              24 |          1,081 |        10 |                 441.6 |               201.6
              32 |          1,441 |        10 |                 441.6 |               121.6
              40 |          1,802 |        10 |                 441.6 |                41.6
              44 |          1,982 |        10 |                 441.6 |                 1.6
              48 |          2,162 |         0 |                   0.0 |                 0.0

[5] 대조: 네 전략을 같은 평가자로 채점
  전략 | 지점 | 단독합 | 총배분 | 실현포획 | 자기잠식률 | 개설가능 | 총영업이익(백만) | G와 Jaccard
  N0 인구 상위K                10   16,203   13,003    13,003      19.7%        10             128.7         0.00
  N1 미충족수요 상위K             10   16,398   13,399    13,399      18.3%        10             137.5         0.00
  N2 N1+이격1km              10   15,435   14,051    14,051       9.0%        10             151.9         0.00
  G  탐욕 순차                 10   25,168   24,801    19,893       1.5%        10             281.6         1.00
  → 탐욕 − N0: 실현 +6,890마리 (+53.0%), 자기잠식 -18.3%p, 영업이익 +153.0백만원/월
  → 탐욕 − N1: 실현 +6,494마리 (+48.5%), 자기잠식 -16.8%p, 영업이익 +144.2백만원/월
  → 탐욕 − N2: 실현 +5,842마리 (+41.6%), 자기잠식 -7.5%p, 영업이익 +129.7백만원/월
  격차 분해 (탐욕 − 미충족수요 순위, 마리):
    ① 자리 자체의 포획력(단독 합 차이)     +8,770
    ② 자기잠식 손실 차이                  +2,632
    ③ 용량 손실 차이                      -4,908
    합계(실현 차이)                       +6,494
  ①이 크다는 것은 **미충족 수요가 큰 동과 포획이 큰 자리가 다르다**는 뜻이다.
  접근성이 낮은 곳은 대개 배후 수요 자체가 얇아, 진단 지표 상위가 곧 좋은
  자리는 아니다. 순위표를 결정으로 바꾸면 안 되는 이유가 여기에 하나 더 있다.

[6] 용량 체제: 상한을 낮추면 '어디에'가 '몇 개'로 바뀐다
  용량배수 | 용량(마리) | 매출상한(만원/월) | G실현 | N1실현 | 차이 | G상한도달 | 1회차동점 | Jaccard(G,N1)
       1.8 |      1,989 |             7,360 | 19,893 | 13,399 | +6,494 |        10 |        72 |          0.00
       1.4 |      1,547 |             5,725 | 15,472 | 13,172 | +2,300 |        10 |       350 |          0.00
       1.0 |      1,105 |             4,089 | 11,052 | 11,052 |     +0 |        10 |     1,797 |          0.00
  읽는 법: 용량 배수가 낮아지면 상한 도달 지점이 늘고 1회차 동점 후보가
  급증한다. 동점이 커진다는 것은 **어느 자리를 먼저 열어도 실현 포획이 같다**는
  뜻이므로, 그 체제에서는 입지의 우열이 사라지고 '몇 개를 열 것인가'만 남는다.

[7] 퇴화 검사와 동점 진단
  (가) 답이 '사람 많은 곳'을 되풀이하는가 — 14장 14.6.6의 검사
      1회차 한계이득 ~ 권역 수요(인구) 상관 +0.432 | ~ 권역 미충족수요 상관 +0.468
      탐욕 vs 인구 상위K Jaccard 0.00 | vs 미충족수요 상위K Jaccard 0.00
  (나) 순서가 정보를 담고 있는가
      단계별 동점 후보 수 [72, 69, 60, 48, 41, 38, 35, 31, 24, 19]
      용량 상한에 걸린 지점 10개 / 10개
      한계 순증 감소 추이 ['1,989', '1,989', '1,989', '1,989', '1,989', '1,989', '1,989', '1,989', '1,989', '1,989']
  (다) 선택된 지점의 자치구 ['강남구', '강동구', '관악구', '구로구', '금천구', '동작구', '영등포구', '은평구']
  (라) 해상도 인공물 점검 — 행정동 대표점까지의 거리(m)
      전체 후보 중앙 392 / 선택 지점 중앙 199 / 선택 지점 최소 149
      선택 지점이 전체보다 뚜렷하게 가깝다면, 그만큼은 '대표점 옆 칸'이라는
      자료 구조에서 온 이득이다. 좌표를 그대로 후보지로 읽지 말아야 하는 이유다.

[8] 민감도: 가정값을 흔들면 선택이 바뀌는가
  시나리오 | 미충족합계 | G실현포획 | 개설가능 | 기준 대비 Jaccard | G−N1 실현차
  기준                   108,080    19,893        10              1.00      +6,494
  β 1.5                108,080    16,399        10              0.43      +3,257
  β 2.5                108,080    19,893        10              0.67      +7,026
  사육률 ρ −30%            75,656    13,925        10              1.00      +4,546
  사육률 ρ +30%           140,504    25,861        10              1.00      +8,442
  용량 배수 1.4            108,080    15,472        10              1.00      +2,300
  용량 배수 1.0            108,080    11,052        10              1.00          +0
  2SFCA 반경 −30%        123,416    19,893        10              1.00      +6,988
  2SFCA 반경 +30%        100,483    19,893        10              1.00      +7,411
  원가 가정(선택 집합 불변, 컷라인만 이동):
    기여이익률 −30%     손익분기   1,030마리 → 개설 가능 10개
    기여이익률 +30%     손익분기     554마리 → 개설 가능 10개
    고정비 +30%       손익분기     937마리 → 개설 가능 10개
    고정비 −30%       손익분기     505마리 → 개설 가능 10개
  → 개설 가능 10~10개, 선택 집합 Jaccard 0.43~1.00
  → G−N1 실현차는 모든 시나리오에서 +0~+8,442마리 — 부호가 뒤집히지 않는다면 결론(순차가 순위표보다 낫다)은 가정에 견고하다
  → 확인 못 한 사육률 ρ: 선택 집합 Jaccard 1.00~1.00 (선택 불변). ρ는 접근성비와 선택을 바꾸지 않고 금액만 비례로 움직인다

--------------------------------------------------------------------------------
저장: vet_site_selection.csv, vet_unmet_demand.csv, vet_strategy_comparison.csv, vet_capacity_regimes.csv, vet_sensitivity.csv, 12-5-vet-siting-map.png
================================================================================
[완료] 미충족 수요 진단 → 제약 하 순차 선택 → 컷라인 결정

=== STDERR ===
