$ C:\Users\user\documents\lee\class\2026-2\geoai\.venv\Scripts\python.exe 3-0b-commercial-bias-data-prep.py

=== STDOUT ===
========================================================================
3장 준비: 상업 공간 데이터 편향 진단용 집계 자료
========================================================================

[1] 서울 행정동 경계 (서울 열린데이터광장 OA-22160)
  (이미 받아 둔 파일 사용) seoul_sangkwon_area_dong.zip — 1.7 MB
  행정동 425개, 좌표계 EPSG:5181
  면적 중앙값 0.97 km², 시청 거리 0.4~17.6 km

[2] 소상공인시장진흥공단 상가(상권)정보
  원본: 소상공인시장진흥공단_상가(상권)정보_서울_202606.csv (302 MB)
  서울 점포 554,092개, 행정동 427개
  대응표에 잡힌 점포(좁은 대응 합계): 187,592개

[3] OpenStreetMap POI (Overpass API)
  (이미 받아 둔 파일 사용) 40,528개
  대응표에서 빠진 태그 317개 제외 → 40,211개
    미용·뷰티 [shop=beauty]: 237개
    미용·뷰티 [shop=hairdresser]: 25,431개
    미용·뷰티 [shop=massage]: 52개
    서점 [shop=books]: 130개
    세탁소 [shop=dry_cleaning]: 16개
    세탁소 [shop=laundry]: 305개
    안경 [shop=optician]: 112개
    약국 [amenity=pharmacy]: 811개
    약국 [shop=chemist]: 29개
    제과점 [shop=bakery]: 736개
    제과점 [shop=confectionery]: 25개
    제과점 [shop=pastry]: 40개
    카페 [amenity=cafe]: 4,748개
    카페 [shop=coffee]: 37개
    카페 [shop=tea]: 13개
    편의점 [shop=convenience]: 7,257개
    화장품 [shop=cosmetics]: 211개
    화장품 [shop=perfumery]: 21개
  서울 행정동 안에 떨어진 것 38,659개 (경계 밖 1,552개는 bbox가 서울보다 넓어 생긴다)

[4] 서울 상권분석서비스 추정매출-행정동 2025년 (OA-22175)
  (이미 받아 둔 파일 사용) seoul_sales_dong_2025.zip — 11.2 MB
  원본: 서울시 상권분석서비스(추정매출-행정동)_2025년.csv — 67,113행
  행정동 425개 × 업종 63개 × 분기 [np.int64(20251), np.int64(20252), np.int64(20253), np.int64(20254)]

[5] 저장
  bias_dong.parquet — 25 KB
  bias_counts.parquet — 51 KB
  bias_sales.parquet — 2205 KB
  SOURCES_bias.json

완료. 다음: python 3-4-commercial-data-bias.py

=== STDERR ===
