$ C:\Users\user\documents\lee\class\2026-2\geoai\.venv\Scripts\python.exe 12-0b-vetcare-data-prep.py

=== STDOUT ===
======================================================================
12-0b 준비: 서울 동물병원 입지 분석용 실데이터
======================================================================

[1/2] 상가(상권)정보 — 동물병원·행정동 대표점·후보지
  원본: 소상공인시장진흥공단_상가(상권)정보_서울_202606.csv (302 MB, utf-8-sig)
  경로: C:\Users\user\Documents\lee\class\2026-2\geoAI\practice\chapter14\data\raw\소상공인시장진흥공단
  서울 전체 점포 554,092개, 자치구 25개
  좌표 결측률(전 업종) 0.000%
  동물병원(소분류 '동물병원') 905개 | 자치구 25개 | 행정동 344개
    대분류/중분류: ['과학·기술'] / ['수의']
    자치구 상위5: {'강남구': np.int64(92), '송파구': np.int64(85), '서초구': np.int64(58), '강동구': np.int64(58), '양천구': np.int64(49)}
    자치구 하위3: {'금천구': np.int64(14), '중구': np.int64(14), '종로구': np.int64(11)}
  행정동 대표점 427개 (전 업종 점포 중심)
  점포가 1개 이상인 250m 격자 6,485칸
  후보지: 점포 5개 이상인 칸 5,462개

[2/2] 생활인구(행정동) — 심야 배후 인구
  원본: 행정동 단위 서울 생활인구(내국인).csv (179 MB, cp949)
  행정동 424개 | 기간 20260612~20260731 | 0~5시 평균
  서울 심야 생활인구 합계 9,823,054명

결합 점검: 대표점 행정동 중 생활인구와 매칭 97.2% (415/427)
  동물병원의 행정동 매칭 98.2%
----------------------------------------------------------------------
저장: vet_clinics.parquet(905행), vet_demand_dong.parquet(415행), vet_candidates.parquet(5462행), SOURCES_vet.txt
======================================================================
[완료] 다음: python 12-5-unmet-demand-siting.py

=== STDERR ===
