$ C:\Users\user\documents\lee\class\2026-2\geoai\.venv\Scripts\python.exe 12-4-satscan-cluster.py

=== STDOUT ===
================================================================
공간 스캔 통계(SaTScan) 감염병 군집 탐지 (12-4)
================================================================

분석 단위: 300개 격자(20×15), 총발생 C=10371건, 총인구 P=443692명
참 군집(심은 신호): 중심 (6.0, 4.0), 반경 2.6, 단위 21개, 상대위험 RR=3.0

[군집 탐지] 관측자료의 가장 가능성 높은 군집(MLC)
  중심 단위: (row 6, col 4) | 구성단위 21개
  관측 c=2245, 기대 e=892.6, 상대위험 관측 RR=2.52
  로그우도비 LLR=819.57

[유의성] 몬테카를로 순열 검정
  순열 최대 LLR: 중앙값 5.63, 95%분위 8.39
  관측 LLR 819.57 ≥ 순열 최대 LLR 인 경우 0/999
  p값 = 0.0010  (유의(군집 존재))

[검증] 참 군집 회복(construct validation)
  탐지 군집이 참 군집을 덮은 비율(recall) = 1.00 (21/21)
  탐지 군집 중 참 군집 비율(precision) = 1.00 (21/21)
  MLC 중심이 참 군집 내부인가: 예
  → SaTScan이 심은 군집을 유의하게 회복했다(방법 검증 성공).

  군집 탐지 결과 저장 → satscan_cluster.csv
  ※ SaTScan은 예측이 아니라 이상 군집의 조기 탐지(감시)다.
    12-2의 시차예측(다음 주 위험)과 상호보완적으로 쓴다(8.5절·12.4절 연결).

[완료] 공간 스캔 통계 군집 탐지 분석을 마쳤다.

=== STDERR ===
