$ C:\Users\user\documents\lee\class\2026-2\geoai\.venv\Scripts\python.exe 13-0b-trade-area-data-prep.py

=== STDOUT ===
========================================================================
13장 준비(비즈니스): 상가(상권)정보 → 읍면동 상권 지표·편의점 점포 목록
========================================================================

[1/4] 원자료 16개 읽기  (폴더: C:\Users\user\Documents\lee\class\2026-2\geoAI\practice\chapter14\data\raw)
  [ 1/16] 소상공인시장진흥공단_상가(상권)정보_강원_202606.csv                     110,206행 (utf-8-sig)
  [ 2/16] 소상공인시장진흥공단_상가(상권)정보_경기_202606.csv                     672,680행 (utf-8-sig)
  [ 3/16] 소상공인시장진흥공단_상가(상권)정보_경남_202606.csv                     172,887행 (utf-8-sig)
  [ 4/16] 소상공인시장진흥공단_상가(상권)정보_경북_202606.csv                     144,967행 (utf-8-sig)
  [ 5/16] 소상공인시장진흥공단_상가(상권)정보_대구_202606.csv                     118,357행 (utf-8-sig)
  [ 6/16] 소상공인시장진흥공단_상가(상권)정보_대전_202606.csv                      80,704행 (utf-8-sig)
  [ 7/16] 소상공인시장진흥공단_상가(상권)정보_부산_202606.csv                     159,689행 (utf-8-sig)
  [ 8/16] 소상공인시장진흥공단_상가(상권)정보_서울_202606.csv                     554,092행 (utf-8-sig)
  [ 9/16] 소상공인시장진흥공단_상가(상권)정보_세종_202606.csv                      15,816행 (utf-8-sig)
  [10/16] 소상공인시장진흥공단_상가(상권)정보_울산_202606.csv                      54,737행 (utf-8-sig)
  [11/16] 소상공인시장진흥공단_상가(상권)정보_인천_202606.csv                     136,995행 (utf-8-sig)
  [12/16] 소상공인시장진흥공단_상가(상권)정보_전남광주_202606.csv                   175,276행 (utf-8-sig)
  [13/16] 소상공인시장진흥공단_상가(상권)정보_전북_202606.csv                      98,749행 (utf-8-sig)
  [14/16] 소상공인시장진흥공단_상가(상권)정보_제주_202606.csv                      59,009행 (utf-8-sig)
  [15/16] 소상공인시장진흥공단_상가(상권)정보_충남_202606.csv                     124,589행 (utf-8-sig)
  [16/16] 소상공인시장진흥공단_상가(상권)정보_충북_202606.csv                      93,731행 (utf-8-sig)
  전국 합계 2,772,484행

[2/4] 지역 구분 — 인구감소지역 고시 여부
  고시 목록 89곳 중 자료에서 확인된 시군구 89곳
  분석 우주: 점포 370,491개 (인구감소지역 292,738 / 비지정 군 77,753)
  대조군 시군구(비지정 군) 13곳: ['강원 인제군', '경기 양평군', '경북 예천군', '경북 칠곡군', '대구 달성군', '부산 기장군', '울산 울주군', '전남 무안군', '전북 완주군', '충남 홍성군', '충북 음성군', '충북 증평군', '충북 진천군']

[3/4] 읍면동 상권 지표
  읍면동 1,151개  (인구감소지역 1,036 / 비지정 군 115)
  점포 수 분포: 중앙값 139, [2, 3476]
  업종 대분류 10개: ['과학·기술', '교육', '보건의료', '부동산', '소매', '수리·개인', '숙박', '시설관리·임대', '예술·스포츠', '음식']
  [convenience] 키워드 ('편의점',) → 소분류 1종, 보유 읍면동 869개 (75.5%)
      매칭 소분류 예: ['편의점']
  [pharmacy] 키워드 ('약국',) → 소분류 1종, 보유 읍면동 603개 (52.4%)
      매칭 소분류 예: ['약국']
  [clinic] 키워드 ('의원',) → 소분류 12종, 보유 읍면동 412개 (35.8%)
      매칭 소분류 예: ['기타 의원', '내과/소아과 의원', '방사선 진단/병리 검사 의원', '산부인과 의원', '성형외과 의원', '신경/정신과 의원']
  [gas] 키워드 ('주유소',) → 소분류 1종, 보유 읍면동 989개 (85.9%)
      매칭 소분류 예: ['주유소']

[4/4] 철수 판정 대상 점포
  convenience 점포 6,818개 (인구감소지역 5,084 / 비지정 군 1,734)
------------------------------------------------------------------------
저장: trade_area_units.parquet(1,151행), trade_area_stores.parquet(6,818행), SOURCES_trade_area.txt
========================================================================
[완료] 다음: python 13-4-trade-area-exit-decision.py

=== STDERR ===
