$ C:\Users\user\documents\lee\class\2026-2\geoai\.venv\Scripts\python.exe 13-2-nightlight-economic-decline.py

=== STDOUT ===
================================================================
야간조명 경제 프록시와 지역 쇠퇴 예측 (13-2, 2층 AI + 규칙4)
================================================================

분석 단위: 300개 시군구(20×15), 개인 식별 불가 집계

[프록시 검증] 야간조명 ↔ (관측 불가) 진짜 경제활동
  상관 r = 0.872 (공유분산 r² = 0.760)
  → 야간조명은 경제활동의 유용한 위성 프록시(Henderson 2012). 단, 측정오차 존재.

[규칙4] 거친 프록시를 예측변수로 쓸 때 측정오차 편의(attenuation)
  쇠퇴~진짜경제 표준화계수(오라클)   = -0.962
  쇠퇴~야간조명 표준화계수(관측)     = -0.838  (attenuation 12.9% 0쪽 수축)
  attenuation 보정 후(÷ r)            = -0.961  (진짜계수 복원)
  → 야간조명을 결과/예측변수로 쓰면 효과를 과소추정. 보정 또는 복수지표 필요.

[2층 AI] 쇠퇴 예측: 공간 피처 유무 비교 (공간 블록 CV)
  비공간 피처(야간조명+행정지표)  R² =  0.830
  +공간 시차 피처                 R² =  0.887  (개선 +0.057)
  → 공간 시차가 쇠퇴 예측을 개선 = 공간 명시적 AI 정당화(규칙1·2).
  ※ FM 경고(규칙2): 거친 집계 쇠퇴는 행정지표+야간조명으로 대부분 설명된다.
    고차원 임베딩(AlphaEarth류)은 '신호를 실제로 더한다'가 입증될 때만 정당.

  피처 중요도(설명가능성):
    decline_lag  0.713
    biz          0.103
    aging        0.099
    nightlight   0.050
    nl_lag       0.035

[3층 정책] 시군구 쇠퇴위험 우선순위(투자 배분 보조)
 region_id  nightlight  aging    biz  pred_decline  priority_rank
       246      -1.716  0.450 20.906        10.428              1
       204      -4.080  0.436  5.000         9.600              2
       188      -2.592  0.345 18.431         8.539              3
       218      -1.400  0.372 19.389         8.535              4
       234      -2.838  0.346 15.284         8.474              5
       219      -1.107  0.336 10.038         8.457              6
       231      -2.291  0.403 17.135         8.218              7
       187      -1.780  0.365  6.540         8.164              8
       249      -1.642  0.399 22.098         8.144              9
       230      -1.999  0.370 13.032         8.090             10

  쇠퇴위험 우선순위 저장 → econ_decline_priority.csv

[불확실성] 정규화 conformal 예측구간(90%, OOF 근사)과 신뢰등급
  90% 예측구간 경험적 포함률(OOF) = 0.903  (목표 0.90)
  구간 반폭(쇠퇴율 %p): 중앙값 1.21, 범위 [0.35, 3.61]
  신뢰등급 '낮음' 시군구 = 100개
  주의: σ̂를 같은 OOF 잔차로 적합했으므로 포함률은 다소 낙관적이다.
        엄밀한 실무는 학습/보정/시험 3분할 split conformal을 쓴다(7.5절·보론).

  불확실성을 반영한 시군구 쇠퇴위험 우선순위(상위 10):
 region_id  pred_decline  priority_rank  pi_half  pi_low  pi_high confidence
       246        10.428              1    3.139   7.289   13.567         낮음
       204         9.600              2    1.018   8.582   10.617         높음
       188         8.539              3    0.725   7.814    9.265         높음
       218         8.535              4    0.837   7.698    9.373         높음
       234         8.474              5    0.658   7.815    9.132         높음
       219         8.457              6    1.474   6.984    9.931         낮음
       231         8.218              7    1.406   6.812    9.624         낮음
       187         8.164              8    0.837   7.327    9.001         높음
       249         8.144              9    0.509   7.635    8.653         높음
       230         8.090             10    0.799   7.292    8.889         높음
  → 예측 쇠퇴율이 높아도 신뢰등급이 '낮음'이면, 투자 확정 전에 추가 관측·현장확인으로
     불확실성을 줄인다(점추정 맹신 방지).

[완료] 야간조명 경제 프록시·쇠퇴 예측 분석을 마쳤다.

=== STDERR ===
