$ C:\Users\user\documents\lee\class\2026-2\geoai\.venv\Scripts\python.exe 13-4-trade-area-exit-decision.py

=== STDOUT ===
============================================================================
상권 세분화와 점포 철수 결정 (13-4, 실데이터 + 단위 경제)
============================================================================

분석 단위: 읍면동 1,151개 (인구감소지역 1,036 / 비지정 군 115)
대상 점포(편의점): 6,818개
※ 상가(상권)정보 2026년 6월 기준 스냅숏. 매출·인구 정보는 없다.

----------------------------------------------------------------------------
[1] 상권 세분화 — 군집 수 선택과 안정성
  피처 9개: ['log_stores', 'diversity', 'chain_share', 'share_음식', 'share_소매', 'share_수리·개인', 'share_숙박', 'share_과학·기술', 'share_시설관리·임대']
  실루엣 계수: k=2:0.182  k=3:0.212  k=4:0.195  k=5:0.188  k=6:0.175  k=7:0.167  k=8:0.171
  → 선택 k = 3 (최대 실루엣 0.212)
  안정성(시드 10개 평균 쌍별 ARI) = 1.000
  [퇴화 검사] 점포 수 분위 라벨과의 ARI = 0.320
     → 1에 가까우면 군집은 '규모'의 다른 이름일 뿐이다.

  유형별 프로필 (점포수 중앙값 오름차순)
           n  점포수중앙값    다양성   체인비율  편의점보유   약국보유   의원보유
cluster                                                
0        467    58.0  0.884  0.015  0.555  0.296  0.126
2        362   142.0  0.762  0.015  0.798  0.431  0.257
1        322   652.0  0.817  0.064  0.997  0.960  0.807

----------------------------------------------------------------------------
[2] 실측 — 유형별 생활서비스 공백률 (편의점·약국·의원이 하나도 없는 읍면동)
  편의점 공백률 — 전체 24.5% | 유형0:44.5%  유형1:0.3%  유형2:20.2%
      [대조 N3] 유형 라벨 무작위화 1000회: 산포 0.1809, p = 0.001
  약국 공백률 — 전체 47.6% | 유형0:70.4%  유형1:4.0%  유형2:56.9%
      [대조 N3] 유형 라벨 무작위화 1000회: 산포 0.2865, p = 0.001
  의원 공백률 — 전체 64.2% | 유형0:87.4%  유형1:19.3%  유형2:74.3%
      [대조 N3] 유형 라벨 무작위화 1000회: 산포 0.2952, p = 0.001

----------------------------------------------------------------------------
[3] 대조 — 인구감소지역 고시 여부 (군 지역만 비교)
  비교 대상: 군 지역 읍면동 823개 (지정 708 / 비지정 115)
  편의점 공백률 — 지정 30.4% vs 비지정 9.6% | 차이 +20.8%
      [대조 N4] 지정 라벨 무작위화 1000회: p = 0.001
  약국 공백률 — 지정 54.8% vs 비지정 29.6% | 차이 +25.2%
      [대조 N4] 지정 라벨 무작위화 1000회: p = 0.001
  의원 공백률 — 지정 72.2% vs 비지정 42.6% | 차이 +29.6%
      [대조 N4] 지정 라벨 무작위화 1000회: p = 0.001

  유형별 편의점 공백률 (군 지역, 지정 여부별)
         n_비지정  n_지정    비지정     지정
cluster                           
0           37   320  0.243  0.478
1           55   108  0.000  0.009
2           23   280  0.087  0.218

----------------------------------------------------------------------------
[4] 철수 판정 — 무차원 단위 경제 (고정비 F = 1 기준)
  파라미터(전부 가정값): rent_share=0.35, penalty=0.3, restore=4.0, discount=0.005, decay=-0.005, lease_months=24

  상권 배분 지수 s = (읍면동 총 점포 수) / (읍면동 편의점 수)
    중앙값 48.73, 사분위 [36.38, 61.00], 범위 [7.00, 290.50]
    정규화: 중앙값 점포의 월 기여이익이 정확히 0이 되도록 맞춤
    ※ 수준은 이 정규화가 정한 것이고, 데이터가 정하는 것은 순서다.

  즉시 철수 비용 E = 3.92 (고정비 3.92개월분)
  컷라인(관측 단위): 즉시 철수 s < 42.79 | 만료 시점에 적자 s < 54.96
  판정 3분류: 즉시 철수 2,436개 (35.7%) | 만료 시 철수 1,799개 (26.4%) | 유지 2,583개 (37.9%)

  **이 분석의 결론은 두 컷라인 사이의 간격이다.** s ∈ [42.79, 54.96)
    적자로 갈 것이 보이는데도 만료까지 버티는 편이 옳은 구간이며, 점포 1,799개(26.4%)가 여기 있다.
    간격을 만드는 것은 잔여 위약금과 원상복구비 — 즉 되돌릴 수 없는 철수 비용이다.
    반면 '적자 점포가 몇 %인가'는 결론이 아니다. 중앙값을 손익분기로 맞춘
    정규화가 그 비율을 정한다(수준은 가정, 순서는 데이터).

  철수 시점의 한계 조건: 그 달 손실 −m(t)가 ψρ = 0.105(고정비 대비)를
    넘을 때 닫는다. 한 달 더 버티면 위약금이 그만큼 줄기 때문이다. 손익분기
    (m = 0)가 아니라 그보다 아래에서 닫는 것이 합리적이다 — 되돌릴 수 없는
    철수 비용이 만드는 이력현상(Dixit, 1989).
    잔여 계약 안에 한계 조건이 성립하는 점포 3,470개 (50.9%), t* 중앙값 0개월, t*=0(지금) 2,498개
    순차 판정(t*=0)과 현재가치 판정(즉시 철수)이 각각 2,498개 대 2,436개로 거의 겹친다 — 두 규칙의 정합성 확인이다.

----------------------------------------------------------------------------
[5] 겹침 — 그리고 이 모형을 어디까지 쓸 수 있는가
  (가) 실측 부분: 서비스가 **이미** 빠져나간 자리는 [3]에서 봤다 —
       군 지역 편의점 공백률 지정 30% 대 비지정 10% 수준의 격차(p=0.001).
  (나) 모형 부분: 즉시 철수 후보 2,436개 중 인구감소지역 소재 1,651개 (67.8%)
       점포 대비 즉시 철수 비율: 인구감소지역 32.5% vs 비지정 군 45.3%
       → **방향이 뒤집혔다.** 인구감소지역 쪽이 오히려 낮다.
  (다) 왜 뒤집혔는가 — 프록시를 진단한다
       s 중앙값: 인구감소지역 51.49 vs 비지정 군 46.38
       읍면동 총 점포 수 중앙값: 668 vs 1266 | 편의점 비중 중앙값: 0.019 vs 0.022
       s와 편의점 비중의 상관 = -0.768
       비지정 군의 읍면동은 총 점포 수도 많지만 편의점 수가 더 빠르게 많다.
       편의점은 배후 인구에 붙고 총 점포 수는 상업 집적에 붙기 때문이다. 그래서
       인구는 많고 상업 집적은 상대적으로 덜한 주거형 교외에서 s가 낮게 나오고,
       모형은 그것을 '배후가 얇다'로 잘못 읽는다. 매출 대리변수의 결함이다.
  (라) 그러므로 이 모형은 **비교 가능한 집합 안에서 순서를 정하는 데만** 쓴다.
       지역 간 비교에는 쓰지 않는다. 이 결함을 드러낸 것은 모형의 통계 진단이
       아니라, 지정 여부로 갈라 본 대조와 프록시를 갈아 끼운 대조군([6] N1b)이다.

  인구감소지역 안에서만 다시 판정 (그 안의 중앙값으로 정규화)
    점포 5,084개 — 즉시 철수 36.1% | 만료 시 철수 27.6% | 유지 36.3%
    편의점 전부가 즉시 철수 후보인 읍면동 230개 / 765개 (30.1%)
    → 그 읍면동은 편의점이 하나도 남지 않게 된다. [2]의 공백 목록에 더해질 자리다.

----------------------------------------------------------------------------
[6] 대조군(null control) — 심은 메커니즘만 제거해 다시 돌린다
  N1 동종 경쟁 나눗셈 제거(s = 총 점포 수): 즉시 철수 44.9% (기준 35.7%), Jaccard 0.358
  N1b 배후 대리 교체(s = 생활밀착 업종 수 / 편의점 수, 수리·개인 업종 0인 점포 17개 제외): 즉시 철수 39.6%, Jaccard 0.602
      지정 39.1% vs 비지정 군 41.3%  → 프록시를 바꿔도 방향이 그대로다(결함이 배후 대리 자체에 있다)
  N2 수요 감소 추세 제거(g = 0): 즉시 철수 32.0%, 만료 시 철수 17.8%, Jaccard 0.894

[7] 민감도 — 가정값 ±30%
        파라미터  배수       값   즉시철수  만료시철수     유지  컷라인(관측)  Jaccard
  rent_share 0.7  0.2450 0.3925 0.2287 0.3789   45.487    0.910
  rent_share 1.3  0.4550 0.3190 0.3021 0.3789   40.089    0.893
     penalty 0.7  0.2100 0.3808 0.2404 0.3789   44.523    0.938
     penalty 1.3  0.3900 0.3244 0.2967 0.3789   41.053    0.908
     restore 0.7  2.8000 0.3668 0.2543 0.3789   43.752    0.974
     restore 1.3  5.2000 0.3294 0.2917 0.3789   41.824    0.922
    discount 0.7  0.0035 0.3573 0.2639 0.3789   42.967    1.000
    discount 1.3  0.0065 0.3573 0.2639 0.3789   42.607    1.000
       decay 0.7 -0.0035 0.3328 0.2576 0.4097   42.018    0.931
       decay 1.3 -0.0065 0.3654 0.3016 0.3331   43.569    0.978
lease_months 0.7 17.0000 0.3221 0.2715 0.4064   40.953    0.901
lease_months 1.3 31.0000 0.3803 0.2866 0.3331   44.086    0.939

  즉시 철수 비율 범위 31.9%~39.2%, Jaccard 최소 0.893
  → 판정 집합의 크기는 가정에 흔들린다. 흔들리지 않는 것은 '어느 점포가 먼저'다.

  저장 → trade_area_typology.csv, store_exit_decision.csv, store_exit_sensitivity.csv, 13-4-trade-area-exit-map.png

============================================================================
[완료] 상권 세분화(실측)와 철수 판정(모형)을 마쳤다.
주의: 공백률은 흐름(폐업률)이 아니라 상태다. '원래 없던 곳'과 '사라진 곳'을
      구분하지 못한다. 철수 판정의 수준은 가정의 산물이고 순서가 결론이다.
============================================================================

=== STDERR ===
