$ C:\Users\user\documents\lee\class\2026-2\geoai\.venv\Scripts\python.exe 14-1-huff-location-cannibalization.py

=== STDOUT ===
======================================================================
비즈니스 분석: 입지 점수와 자기잠식 제약 (Huff 흡인 모형)
======================================================================

대상: 강남구 카페 2113개 | 자사 102개 / 경쟁 2011개 (자사 점포 점유율 4.8%)
  수요 단위: 행정동 21개 | 낮 활동 인구 합계 993,215명
  후보지: 250m 격자 540개 | 자사 최근접 거리 중앙값 301m

----------------------------------------------------------------------
표 14.4  후보지 상위 10곳 — 총배분 순위와 순증 순위 (beta=2.0, A=상수)
----------------------------------------------------------------------
   총배분순위      자사최근접(m)      예상배분(명)      자기잠식(명)      전이율      순증(명)     순증순위
       1           129        1,228           80    6.5%      1,148      1.0
       2           180        1,221           80    6.6%      1,141      2.0
       3           338        1,214           80    6.6%      1,134      3.0
       4           416        1,213           80    6.6%      1,134      4.0
       5           373        1,208           79    6.6%      1,129      5.0
       6           144        1,203           79    6.6%      1,124      6.0
       7           529        1,203           79    6.6%      1,123      7.0
       8           385        1,199           79    6.6%      1,120      8.0
       9           334        1,088           71    6.5%      1,017      9.0
      10           633        1,070           71    6.6%        999     10.0

----------------------------------------------------------------------
표 14.5  자사 최근접 매장까지의 거리와 전이율
----------------------------------------------------------------------
      거리대(m)     후보수       평균 전이율       평균 순증(명)
        ~300     268        4.9%            430
     300~500     129        5.0%            410
     500~800      68        5.3%            355
    800~1200      41        4.7%            335
   1200~2000      34        3.7%            476
  거리~전이율 상관: -0.333

----------------------------------------------------------------------
결정 — 자기잠식 상한은 언제 구속력을 갖는가
----------------------------------------------------------------------
  총배분 1위: 배분 1,228명, 전이율 6.5%, 순증 1,148명
  전이율 분포: 중앙값 4.8%, 최대 6.6%
  상한  30%: 통과 540/540 (100.0%) | 구속하지 않음
  상한  10%: 통과 540/540 (100.0%) | 구속하지 않음
  상한   6%: 통과 490/540 (90.7%) | 구속함 — 순증 1위 탈락, 대안 순증 872명 (-24.0%)
  상한   5%: 통과 312/540 (57.8%) | 구속함 — 순증 1위 탈락, 대안 순증 872명 (-24.0%)
  상한   4%: 통과  36/540 ( 6.7%) | 구속함 — 순증 1위 탈락, 대안 순증 872명 (-24.0%)

----------------------------------------------------------------------
표 14.6  민감도 — 거리 저항 beta
----------------------------------------------------------------------
  beta       평균 전이율        최선 후보 순증(명)        기준 대비 이동(m)
   1.5        4.9%                721                  0
   2.0        4.9%              1,148                  0
   2.5        4.9%              1,478                  0

----------------------------------------------------------------------
표 14.7  민감도 — 매력도 A의 대리변수
----------------------------------------------------------------------
                  매력도 정의        최선 후보 순증(명)        기준 대비 이동(m)
                  상수(기준)              1,148                  0
          집적도(50m 내 점포수)              1,501                  0

----------------------------------------------------------------------
퇴화 검사 — 결과가 '사람 많은 곳'을 되풀이하는 데 그치는가
----------------------------------------------------------------------
  총배분 ~ 최근접 행정동 낮인구 상관: -0.051
  순증  ~ 최근접 행정동 낮인구 상관: -0.052
  순증  ~ 자사 최근접 거리 상관    : -0.046

저장: results/location_candidates.csv (540행)
======================================================================
[완료] 입지 점수와 자기잠식 제약

=== STDERR ===
