$ C:\Users\user\Documents\lee\class\2026-2\geoAI\.venv\Scripts\python.exe 4-0-market-data-prep.py

=== STDOUT ===
================================================================
4장 준비: 국내 공개 데이터 → 행정동 단위 입지 분석용 파일
================================================================

[1/3] 상가(상권)정보 → 행정동 집계
  원본: 소상공인시장진흥공단_상가(상권)정보_서울_202606.csv (302 MB, utf-8-sig)
  전체 점포 554,092개 | 자치구 25개
  소분류 '카페' 22,739개 (4.1%)
  행정동 427개로 집계 | 카페 수 중앙값 38, 최대 535

[2/3] 생활인구(행정동) → 수요 피처
  원본: 행정동 단위 서울 생활인구(내국인).csv (179 MB, cp949)
  행정동 424개 | 기간 20260612~20260731
  낮 11~15시 / 심야 0~6시 평균

[3/3] 결합과 공간 피처
  결합 점검: 행정동코드 매칭 97.2% (415/427)
  공간 시차: 최근접 5개 동 평균 (경계 파일 없이 중심점 거리로 근사)
  최종 415개 행정동 | 자치구 25개
----------------------------------------------------------------
저장: seoul_dong_market.parquet(415행 × 17열), SOURCES_market.txt
================================================================
[완료] 다음: python 4-6-store-location-supply.py

=== STDERR ===
