$ C:\Users\user\Documents\lee\class\2026-2\geoAI\.venv\Scripts\python.exe 4-0-raster-inspection.py

=== STDOUT ===
============================================================
실제 Sentinel-2 L2A 파일 열어보기
============================================================

--- 1. 파일 메타데이터 ---
  파일 경로: C:\Users\user\Documents\lee\class\2026-2\geoAI\practice\chapter4\data\sentinel2_l2a_12band_clip.tif
  밴드 수: 12
  행×열: 1314 × 1338
  좌표계: EPSG:32652 (('EPSG', '32652'))
  공간 해상도: 10m × 10m
  bounds: (379420.0, 4186720.0, 392800.0, 4199860.0)
  nodata: 0.0
  dtype: uint16

  밴드 목록:
    밴드  1: B01 Coastal aerosol (443nm, 원본 60m)
    밴드  2: B02 Blue (490nm, 원본 10m)
    밴드  3: B03 Green (560nm, 원본 10m)
    밴드  4: B04 Red (665nm, 원본 10m)
    밴드  5: B05 Red Edge 1 (705nm, 원본 20m)
    밴드  6: B06 Red Edge 2 (740nm, 원본 20m)
    밴드  7: B07 Red Edge 3 (783nm, 원본 20m)
    밴드  8: B08 NIR (842nm, 원본 10m)
    밴드  9: B8A NIR narrow (865nm, 원본 20m)
    밴드 10: B09 Water vapour (945nm, 원본 60m)
    밴드 11: B11 SWIR 1 (1610nm, 원본 20m)
    밴드 12: B12 SWIR 2 (2190nm, 원본 20m)

--- 2. 데이터 큐브 ---
  배열 shape (밴드, 행, 열): (12, 1314, 1338)
  메모리 크기: 42.2 MB
  유효 픽셀: 1,758,132 / 1,758,132 (100.0%)

--- 3. 밴드별 통계 (유효 픽셀, 반사율 단위) ---
  밴드                     |      최소 |      평균 |      최대
  ---------------------- | ------- | ------- | -------
  B01 Coastal aerosol    |   0.021 |   0.061 |   0.242
  B02 Blue               |   0.015 |   0.073 |   1.970
  B03 Green              |   0.018 |   0.087 |   1.843
  B04 Red                |   0.016 |   0.095 |   1.736
  B05 Red Edge 1         |   0.016 |   0.120 |   1.341
  B06 Red Edge 2         |   0.010 |   0.159 |   1.329
  B07 Red Edge 3         |   0.011 |   0.176 |   1.384
  B08 NIR                |   0.010 |   0.192 |   1.645
  B8A NIR narrow         |   0.008 |   0.193 |   1.342
  B09 Water vapour       |   0.008 |   0.196 |   0.734
  B11 SWIR 1             |   0.008 |   0.205 |   1.367
  B12 SWIR 2             |   0.005 |   0.154 |   1.408

--- 4. 특정 픽셀의 밴드값 벡터 ---
  픽셀 (행=657, 열=669)의 원시 DN 값:
    B01:   327  (반사율 0.033)
    B02:   403  (반사율 0.040)
    B03:   441  (반사율 0.044)
    B04:   264  (반사율 0.026)
    B05:   224  (반사율 0.022)
    B06:   179  (반사율 0.018)
    B07:   178  (반사율 0.018)
    B08:   164  (반사율 0.016)
    B8A:   136  (반사율 0.014)
    B09:   109  (반사율 0.011)
    B11:    94  (반사율 0.009)
    B12:    82  (반사율 0.008)

--- 5. 파생지수 (실제 밴드값 계산) ---
  이 픽셀 NDVI = (NIR 0.016 - Red 0.026) / (합) = -0.234
  이 픽셀 NDWI = (Green 0.044 - NIR 0.016) / (합) = 0.458
  영상 전체 NDVI: 최소 -0.525, 평균 0.328, 최대 0.867
    NDVI > 0.4 (식생) 비율: 38.4%

--- 6. 장면분류(SCL) 요약 ---
  구름·그림자 픽셀: 7,652 (0.44%)
  SCL 4 식생: 376,792 (21.4%)
  SCL 5 나지: 1,018,232 (57.9%)
  SCL 6 수역: 143,464 (8.2%)

[완료] 실제 파일 검사를 마쳤다. 원자료는 (밴드, 행, 열) 숫자 배열이다.

=== STDERR ===
