$ C:\Users\user\documents\lee\class\2026-2\geoai\.venv\Scripts\python.exe 4-0-data-download.py

=== STDOUT ===
============================================================
실습 데이터 다운로드: Sentinel-2 L2A + ESA WorldCover
============================================================

--- 1. STAC 검색 (Planetary Computer) ---
  검색 조건: 2021-04-01/2021-11-30, 장면 구름 < 5%
  검색 결과: 14개 장면
  선택 장면: S2B_MSIL2A_20210407T021559_R003_T52SCG_20210407T135939
    취득일: 2021-04-07 02:15 UTC
    구름 비율: 0.44%
    처리 베이스라인: 02.12

--- 2. 목표 격자 ---
  좌표계: EPSG:32652 (UTM)
  크기: 1314행 × 1338열, 해상도 10m
  bounds: (379420, 4186720) ~ (392800, 4199860)

  데이터 파일이 이미 존재하므로 다운로드를 건너뛴다.

--- 5. 저장 파일 요약 ---
  sentinel2_l2a_12band_clip.tif: 12밴드 1314×1338, EPSG:32652, 10m, dtype=uint16
  sentinel2_scl_clip.tif: 1밴드 1314×1338, EPSG:32652, 10m, dtype=uint8
  worldcover_2021_clip.tif: 1밴드 1314×1338, EPSG:32652, 10m, dtype=uint8

[완료] 실습 데이터 다운로드를 마쳤다.

=== STDERR ===
