$ C:\Users\user\Documents\lee\class\2026-2\geoAI\.venv\Scripts\python.exe 4-1-spatial-features.py

=== STDOUT ===
============================================================
공간 피처 추출 실습
============================================================

--- 1. 건물 필지 데이터 불러오기 ---
  불러온 건물: 200개 (좌표계 EPSG:32652)

--- 2. 기하 유효성 검사 ---
  유효하지 않은 기하 객체: 0개
  수정 후 유효하지 않은 객체: 0개

--- 3. 형태학적 피처 ---
  면적 범위: 167.0 ~ 3393.9 m²
  둘레 범위: 52.4 ~ 233.0 m
  조밀도 범위: 0.423 ~ 0.785
  종횡비 범위: 1.00 ~ 3.87

--- 4. 거리 기반 피처 ---
  지하철역 거리: 96 ~ 3415 m
  중심 거리: 141 ~ 4064 m

--- 5. 위상적 피처 (인접 건물 수) ---
  50m 내 인접 건물 수: 0 ~ 2
  평균 인접 건물 수: 0.1

--- 6. 피처 요약 ---
  피처                 |         평균 |       표준편차 |         최소 |         최대
  ------------------ | ---------- | ---------- | ---------- | ----------
  area_m2            |     1194.7 |      723.8 |      167.0 |     3393.9
  perimeter_m        |      138.8 |       39.7 |       52.4 |      233.0
  compactness        |        0.7 |        0.1 |        0.4 |        0.8
  aspect_ratio       |        1.3 |        0.5 |        1.0 |        3.9
  dist_to_station    |     1586.4 |      754.2 |       96.0 |     3415.0
  dist_to_center     |     2347.7 |      876.8 |      141.4 |     4064.0
  neighbors_50m      |        0.1 |        0.4 |        0.0 |        2.0

  총 7개 공간 피처 추출 완료

[완료] 공간 피처 추출 실습을 마쳤다.

=== STDERR ===
