$ C:\Users\user\documents\lee\class\2026-2\geoai\.venv\Scripts\python.exe 4-4-spatial-clustering.py

=== STDOUT ===
============================================================
비지도 군집: K-means vs DBSCAN (실제 Sentinel-2)
============================================================

--- 1. 실제 픽셀 표본 ---
  표본 수: 4,000개, 피처 15개
  실제 토지피복(WorldCover) 클래스: ['산림', '초지', '경작지', '시가지', '수역']

--- 2. 엘보·실루엣 분석 ---
    K |      Inertia |      실루엣
  --- | ------------ | --------
    2 |        25705 |    0.587
    3 |        16243 |    0.417
    4 |        12990 |    0.375
    5 |        11006 |    0.365
    6 |         9899 |    0.350
    7 |         8902 |    0.332

  최적 K (실루엣 기준): 2

--- 3. K-means (K=5, 실제 클래스 수) ---
  실루엣 점수: 0.365
    군집 0: 510개
    군집 1: 877개
    군집 2: 796개
    군집 3: 383개
    군집 4: 1434개

--- 4. 군집 vs 실제 토지피복(WorldCover) ---
  조정 랜드 지수(ARI): 0.329  (1.0=완전 일치, 0=우연 수준)
  정규화 상호정보(NMI): 0.431

  실제 클래스 × K-means 군집 (분할표):
           | 군집 0 | 군집 1 | 군집 2 | 군집 3 | 군집 4
  산림       |     7 |   360 |     2 |   363 |    68
  초지       |   224 |   195 |    10 |     4 |   367
  경작지      |   123 |   174 |     4 |    14 |   485
  시가지      |   156 |   128 |     1 |     1 |   514
  수역       |     0 |    20 |   779 |     1 |     0

--- 5. K-means 군집별 분광 특성 ---
    군집 |    NDVI |    NDWI |    NDBI | 해석
  ---- | ------- | ------- | ------- |
     0 |   0.182 |  -0.260 |   0.055 | 시가지·나지(양의 NDBI)
     1 |   0.299 |  -0.359 |   0.146 | 시가지·나지(양의 NDBI)
     2 |  -0.152 |   0.386 |  -0.102 | 수역(높은 NDWI)
     3 |   0.612 |  -0.579 |  -0.157 | 식생(높은 NDVI)
     4 |   0.222 |  -0.288 |   0.087 | 시가지·나지(양의 NDBI)

--- 6. DBSCAN ---
  발견된 군집 수: 2
  노이즈 포인트: 123개 (3.1%)
  DBSCAN이 찾은 밀집 지역은 군집화의 산물이지, 통계적으로 유의한
  핫스팟이라는 증명은 아니다(유의성 검정은 8장 LISA·공간 스캔).

[완료] 비지도 군집 실습을 마쳤다.

=== STDERR ===
