$ C:\Users\user\documents\lee\class\2026-2\geoai\.venv\Scripts\python.exe 4-6-store-location-supply.py

=== STDOUT ===
==================================================================
비즈니스 분석: 행정동 기대 공급량과 자치구 단위 공간 검증
==================================================================

자료: 서울 415개 행정동, 25개 자치구
  카페 점포 수 — 중앙값 38, 최대 535 (서교동)

------------------------------------------------------------------
[1] 공간 시차를 넣으면 나아지는가 (자치구 단위 CV 기준)
------------------------------------------------------------------
  수요·위치 피처만      R² =  0.656
  + 공간 시차 피처      R² =  0.660  (개선 +0.003)

------------------------------------------------------------------
[2] 무작위 CV vs 자치구 단위 CV — 처음 보는 자치구에도 통하는가
------------------------------------------------------------------
  무작위 5-Fold CV      R² =  0.685
  자치구 GroupKFold CV  R² =  0.660  (과대추정 +0.025)

  폴드별(자치구 묶음) 성능:
    R²  0.726  (n= 82)  강북구, 광진구, 송파구, 용산구, 종로구
    R²  0.621  (n= 84)  강동구, 관악구, 구로구, 동대문구, 양천구
    R²  0.603  (n= 81)  강남구, 금천구, 마포구, 서초구, 중랑구
    R²  0.564  (n= 84)  노원구, 서대문구, 성북구, 은평구, 중구
    R²  0.715  (n= 84)  강서구, 도봉구, 동작구, 성동구, 영등포구

------------------------------------------------------------------
[3] 대조군 — 결과변수를 섞으면 성능이 사라지는가
------------------------------------------------------------------
  라벨 셔플 20회 R² = -0.141 (SD 0.045, 최대 -0.040)
  → 실제 0.660 대비, 모델이 잡은 것은 잡음이 아니라 구조다

------------------------------------------------------------------
[4] SHAP — 기대 공급량을 무엇이 끌어올리는가
------------------------------------------------------------------
  낮 생활인구           18.434
  주야 인구비           12.401
  이웃 동 카페 수         4.486
  도심 거리             1.920
  주말/평일 비           1.914
  시간대 변동            1.322
  이웃 동 낮인구          0.725
  심야 생활인구           0.644

------------------------------------------------------------------
[5] 기대 공급량보다 점포가 적은 행정동 (자치구 CV 예측 기준)
------------------------------------------------------------------
  자치구     행정동            실제      기대      차이       낮인구
  서대문구    북아현동           16   176.0  -160.0    77,295
  강남구     삼성1동          118   202.6   -84.6    72,796
  서대문구    충현동            78   146.8   -68.8    45,789
  강남구     수서동            35   103.2   -68.2    27,981
  강남구     대치1동           23    88.7   -65.7    30,366
  강서구     화곡8동           30    94.4   -64.4    78,297
  서초구     반포4동           77   140.0   -63.0    57,761
  송파구     잠실3동           28    90.4   -62.4    49,910
  서초구     서초3동          197   258.7   -61.7    94,334
  송파구     잠실6동           68   128.4   -60.4    59,573

  반대쪽(기대보다 많은 동) 상위 3:
    마포구 서교동: 실제 535 vs 기대 238.5 (+296.5)
    강남구 역삼1동: 실제 463 vs 기대 263.8 (+199.2)
    마포구 연남동: 실제 210 vs 기대 31.8 (+178.2)

------------------------------------------------------------------
[6] 시드를 바꾸면 위 두 차이가 얼마나 흔들리는가 (잡음 바닥)
------------------------------------------------------------------

  (A) 모델 시드만 교체 (폴드 배정 고정, 42=본 실행 재현)
      시드     수요·위치     +공간시차      개선     무작위CV     과대추정    폴드SD(구)    폴드SD(무)
       0     0.649     0.657  +0.008     0.684   +0.026      0.060      0.089
       1     0.654     0.659  +0.005     0.683   +0.024      0.058      0.089
       2     0.652     0.657  +0.005     0.676   +0.019      0.059      0.094
      42     0.656     0.660  +0.003     0.685   +0.025      0.064      0.093
    범위 — 공간시차 개선 +0.003 ~ +0.008 / 과대추정 +0.019 ~ +0.026
    폴드 간 R² SD 평균 — 자치구 CV 0.060, 무작위 CV 0.091

  (B) 모델 시드 + 폴드 배정 시드 동시 교체
      시드     수요·위치     +공간시차      개선     무작위CV     과대추정    폴드SD(구)    폴드SD(무)
       0     0.617     0.624  +0.006     0.657   +0.034      0.185      0.152
       1     0.621     0.638  +0.018     0.632   -0.006      0.311      0.140
       2     0.652     0.651  -0.001     0.650   -0.001      0.170      0.057
      42     0.645     0.657  +0.013     0.685   +0.027      0.091      0.093
    범위 — 공간시차 개선 -0.001 ~ +0.018 / 과대추정 -0.006 ~ +0.034
    폴드 간 R² SD 평균 — 자치구 CV 0.189, 무작위 CV 0.111

  → 재려는 차이(개선 +0.003, 과대추정 +0.025)를 위 범위·SD와 나란히 놓고,
    차이가 흔들림보다 큰지 확인한 뒤에만 부호를 해석한다.

------------------------------------------------------------------
저장: ch4_dong_supply_gap.csv, ch4_supply_cv_comparison.csv, ch4_supply_gap_map.png
==================================================================
[완료] 이 표는 후보 목록이지 출점 결정이 아니다. 새 매장이 자사 기존 매장의
       손님을 얼마나 가져가는지는 이 모델이 답하지 못한다.

=== STDERR ===
C:\Users\user\Documents\lee\class\2026-2\geoAI\lecture_practice\chapter4\code\4-6-store-location-supply.py:259: UserWarning: Glyph 8722 (\N{MINUS SIGN}) missing from font(s) Malgun Gothic.
  fig.tight_layout()
C:\Users\user\Documents\lee\class\2026-2\geoAI\lecture_practice\chapter4\code\4-6-store-location-supply.py:260: UserWarning: Glyph 8722 (\N{MINUS SIGN}) missing from font(s) Malgun Gothic.
  fig.savefig(RESULT_DIR / "ch4_supply_gap_map.png", dpi=150)
