$ C:\Users\user\documents\lee\class\2026-2\geoai\.venv\Scripts\python.exe 8-1-nightlight-did-dml.py

=== STDOUT ===
야간조명 + DID/DML 개발사업 효과 분석 (교육용 시뮬레이션)
격자 300개 · 2016~2023 · 사업착수 2020 · 진짜 ATT +0.50

=== 공간 자기상관 진단 (Moran's I) ===
도시화 공변량 I=0.869(공간 군집) vs 비공간 공변량 I=0.077(무작위 근처)

=== [1층] 처치/대조 평균 야간조명(로그 radiance) ===
           사전(2016-2019)  사후(2020-2023)
대조(사업 없음)          2.717          2.609
처치(사업)             3.129          4.040

단순 사후 비교(처치-대조): +1.431  ← 선택 편향 포함

=== [3층] DID 추정 ===
DID(treated:post): +1.019 (SE=0.029, p=0.0000)
  → naive보다 편향이 줄지만 진짜 ATT(+0.50)와는 여전히 차이. 처치와 상관된 시변 교란 때문(아래 2층 DML로 통제).
event-study 사전(pre-treatment) 상호작용 계수 최대 |값|: 0.050 (사전추세 평행(필요조건 충족))
  ※ 사전추세 평행은 필요조건이지 충분조건이 아니다. 처치와 상관된 시변 교란이 있으면 DID도 편향된다 → 2층 DML로 고차원 통제 필요.

=== [2층 AI] 고차원 공변량 통제: 단순 vs 선형 vs DML(무작위 CV vs 공간 블록 CV) ===
방법                                ATT 추정       진짜값과 오차
naive(통제 없음)                       1.019        +0.519
OLS(선형 통제)                         0.506        +0.006
DML(무작위 KFold CV)                  0.511        +0.011
DML(공간 블록 CV)                      0.523        +0.023
DML 표준오차 — 무작위 CV: 0.032 · 공간 블록 CV: 0.030  (진짜 ATT=+0.50)
해석: 사업이 고잠재 지역에 선택 배치되어 무통제는 과대추정. 관측 공변량을 통제하면
      진짜값에 근접한다. 이 합성 구조에서는 선형(OLS)도 충분했고, DML은 비선형·
      고차원 교란일 때 정당하다(항상 우월하지 않음 — 규칙2: 정당성 입증 후 사용).
공간 명시성(규칙1): Moran's I가 큰 데이터에서 무작위 CV는 인접 격자 누수를 부른다.
      공간 블록 CV는 train/test를 공간적으로 분리해 누수를 막는다 — 두 추정의 차이가 그 신호다.
주의(규칙4): 통제 후 인과 해석은 '관측 공변량 조건부 평행추세/무교란' 가정 위에서만 성립. 예측력≠인과.

그림 저장: practice\chapter8\data\fig_8_1_event_study.png

[3층 구조] 1층 집계 → 2층 DML 고차원 통제 → 3층 DID 인과·event-study. AI(2층)는 비선형 고차원 교란을 통제할 때 정당하며, 식별 가정을 대체하지 않는다.

=== STDERR ===
