$ C:\Users\user\documents\lee\class\2026-2\geoai\.venv\Scripts\python.exe 8-3-store-opening-donut-did.py

=== STDOUT ===
====================================================================================
신규 출점의 상권 효과 — IPW-DID + 도넛 설계 (합성 데이터, construct validation)
====================================================================================
설계: 격자 100m × 1600개 중 브랜드 상권 802개 · 24개월(사전 12·사후 12) · 기존점 12 · 신규점 3
      처치 격자 80(≤300m) · 잠식 링 120(300~500m, 잠식 적용 118) · 원거리 602
참값: 총효과 +0.400 · 잠식 최대 0.090(링 평균 0.0687) · 순효과 +811.13 매출지수(+16.42%)
잠재 성장력 평균 — 처치 +0.770 · 링 +0.636 · 원거리 +0.371  ← 내생적 배치의 지문
매출 귀속: 판매 매장의 상권에 안분(거주지 기준이 아니다). 거주지 기준으로
          집계하면 손님이 기존점→신규점으로 옮겨도 격자 지출 총액이 그대로여서
          자기잠식이 격자 수준에서 관측되지 않는다.

------------------------------------------------------------------------------------
[1] 추정 계단 — 대조군을 어떻게 잡는가 (관측된 한 번의 출점)
------------------------------------------------------------------------------------
공간 블록(1000m) — 전체 15개 중 처치 격자를 담은 블록 7개, 블록별 처치 격자 수 [5, 18, 27, 11, 1, 17, 1]
  ※ 클러스터 SE의 유효 클러스터 수는 전체 블록 수가 아니라 이 7개다. 처치가 신규점 3곳으로 정해지므로 격자를 늘려도 이 수는 늘지 않는다.

추정 계단                                 ATT       참값과 오차   SE(HC1)     SE(블록)    처치     대조
1 단순 DID(전체 대조)                    0.5006      +0.1006    0.0320     0.0878    80    722
2 단순 DID(인접 링 대조)                  0.4894      +0.0894    0.0396     0.0702    80    120
3 IPW-DID(인접 링 대조)                 0.4563      +0.0563    0.0460     0.0862    80    120
4 IPW-DID(전체 대조)                   0.4085      +0.0085    0.0355     0.0890    80    722
5 IPW-DID + 도넛(원거리 대조)             0.3800      -0.0200    0.0364     0.0953    80    602
6 이중강건 + 도넛                        0.3657      -0.0343    0.0145          —    80    602

------------------------------------------------------------------------------------
[2] overlap 진단 — 가중이 외삽인지 확인한다
------------------------------------------------------------------------------------
구분                  최소     p10      중위     p90      최대
처치 ê(x)          0.013   0.084   0.252   0.504   0.658
대조 ê(x)          0.000   0.004   0.029   0.238   0.498
전체 대조                대조 격자  722 · 처치 ê p10 이상인 비율 0.335
원거리 대조(도넛)           대조 격자  602 · 처치 ê p10 이상인 비율 0.252
인접 링 대조              대조 격자  120 · 처치 ê p10 이상인 비율 0.750
  ※ 이 비율이 낮으면 가중이 '처치받았을 법한 대조'를 찾지 못해 외삽이 된다.
대조 가중치 최대 1.00 · 상위 1% 평균 0.81
도넛 추정 — 전체 가중 0.3800 · 상위 1% 절단 후 0.3756 (차이 -0.0044)

------------------------------------------------------------------------------------
[3] 도넛 폭 민감도 — 오염 반경을 모른다고 가정하면
------------------------------------------------------------------------------------
도넛 폭                  ATT       참값과 오차   SE(HC1)     대조 격자
없음(300m)           0.4085      +0.0085    0.0355       722
400m               0.4072      +0.0072    0.0363       674
500m               0.3800      -0.0200    0.0364       602
800m               0.4968      +0.0968    0.0356       470
1200m              0.5497      +0.1497    0.0353       328
  ※ 참 오염 반경은 500m다. 폭을 넓히면 정밀도만 잃는 것이 아니다 —
     가장 닮은 대조 격자부터 버리게 되므로 가중이 외삽에 가까워지고 편향이 커진다.

------------------------------------------------------------------------------------
[4] 링별 노출-반응 프로파일 — 이분법을 버린다
------------------------------------------------------------------------------------
거리 링             추정 효과      SE    95% 하한    95% 상한    격자 수     참 τ−κ
0-300m          0.3452  0.0147    0.3165    0.3740      80   +0.4000
300-500m       -0.1030  0.0126   -0.1277   -0.0783     120   -0.0687
500-800m       -0.0176  0.0131   -0.0433    0.0080     132   +0.0000
800-1200m      -0.0176  0.0091   -0.0355    0.0003     142   +0.0000
1200m+           0(기준)       —         —         —     328   +0.0000

그림 저장: practice\chapter8\data\fig_8_3_ring_profile.png

------------------------------------------------------------------------------------
[5] 반복 실험 — 배치를 다시 뽑아 평균 편향을 잰다
------------------------------------------------------------------------------------
(배치 재추출 200회, 640초)

세계 A — 관측(배치+교란+잠식) (참값 +0.4000)
추정 계단                                 평균 편향     경험 SD     평균 SE      기각률
1 단순 DID(전체 대조)                     +0.1594    0.1103    0.0331    1.000
2 단순 DID(인접 링 대조)                   +0.1357    0.0437    0.0404    1.000
3 IPW-DID(인접 링 대조)                  +0.0684    0.0612    0.0494    1.000
4 IPW-DID(전체 대조)                    +0.0586    0.0327    0.0379    1.000
5 IPW-DID + 도넛(원거리 대조)              +0.0534    0.0696    0.0385    1.000
6 이중강건 + 도넛                         +0.0216    0.0323    0.0173    1.000

세계 B — 잠식 0 (참값 +0.4000)
추정 계단                                 평균 편향     경험 SD     평균 SE      기각률
1 단순 DID(전체 대조)                     +0.1455    0.1108    0.0331    1.000
2 단순 DID(인접 링 대조)                   +0.0677    0.0434    0.0405    1.000
3 IPW-DID(인접 링 대조)                  -0.0022    0.0619    0.0496    1.000
4 IPW-DID(전체 대조)                    +0.0293    0.0314    0.0380    1.000
5 IPW-DID + 도넛(원거리 대조)              +0.0534    0.0696    0.0385    1.000
6 이중강건 + 도넛                         +0.0216    0.0323    0.0173    1.000

세계 C — 효과 0(교란 유지) (참값 +0.0000)
추정 계단                                 평균 편향     경험 SD     평균 SE      기각률
1 단순 DID(전체 대조)                     +0.1455    0.1108    0.0331    0.795
2 단순 DID(인접 링 대조)                   +0.0677    0.0434    0.0405    0.380
3 IPW-DID(인접 링 대조)                  -0.0022    0.0619    0.0496    0.100
4 IPW-DID(전체 대조)                    +0.0293    0.0314    0.0380    0.070
5 IPW-DID + 도넛(원거리 대조)              +0.0534    0.0696    0.0385    0.405

세계 D — 순수 잡음 (참값 +0.0000)
추정 계단                                 평균 편향     경험 SD     평균 SE      기각률
1 단순 DID(전체 대조)                     +0.0009    0.0060    0.0059    0.075
2 단순 DID(인접 링 대조)                   +0.0011    0.0077    0.0072    0.055
3 IPW-DID(인접 링 대조)                  +0.0011    0.0092    0.0086    0.080
4 IPW-DID(전체 대조)                    +0.0007    0.0068    0.0066    0.070
5 IPW-DID + 도넛(원거리 대조)              +0.0006    0.0069    0.0068    0.055
6 이중강건 + 도넛                         +0.0004    0.0079    0.0071    0.070

대조 격자 수 — 전체 592 · 인접 링 121(최소 73) · 도넛 472(최소 346, 표준편차 52.8)

------------------------------------------------------------------------------------
[6] 1종 오류율 — 도넛이 추론을 깨는가 (지리 고정 · 잡음만 재추출)
------------------------------------------------------------------------------------
대조군 구성                       세계 C(HC1)         세계 C(블록)       세계 D(HC1)         세계 D(블록)
전체 대조(도넛 없음)               0.000 ±0.000     0.000 ±0.000     0.055 ±0.014     0.130 ±0.021
인접 링 대조                    0.000 ±0.000     0.000 ±0.000     0.051 ±0.014     0.118 ±0.020
원거리 대조(도넛)                 0.000 ±0.000     0.000 ±0.000     0.053 ±0.014     0.132 ±0.021
  ※ 세계 D는 교란까지 0인 순수 잡음이므로 명목 5%가 정답이다. 세계 C는 교란이 남아 있어 이를 통제하지 못한 절차는 정당하게 기각한다.
  ※ 이 지리(seed 42)에서는 IPW가 교란을 거의 다 걷어 세계 C의 점추정이 0 근처에 있다. 다른 지리에서는 그렇지 않다 — [5]의 세계 C 기각률을 함께 보라.
  ※ 반복 1000회, 몬테카를로 오차는 각 칸에 ± 로 표시했다.

  [진단] 블록 클러스터 SE의 분포 — 왜 더 많이 기각하는가
  세계   대조군                     평균 HC1      평균 블록    블록 p10      블록 최소      블록<HC1 비율
  C    전체 대조(도넛 없음)            0.0355     0.0901    0.0868     0.0817          0.000
  C    인접 링 대조                 0.0463     0.0894    0.0851     0.0795          0.000
  C    원거리 대조(도넛)              0.0367     0.0975    0.0942     0.0891          0.000
  D    전체 대조(도넛 없음)            0.0062     0.0055    0.0033     0.0018          0.696
  D    인접 링 대조                 0.0079     0.0072    0.0045     0.0018          0.637
  D    원거리 대조(도넛)              0.0064     0.0057    0.0035     0.0016          0.690
  ※ 읽는 법: 세계 C와 D에서 블록/HC1 비율이 **뒤집힌다.** C에서는 블록 SE가 HC1보다 크고(블록<HC1 비율 0.000), D에서는 오히려 작다(비율 0.6 이상).
  ※ 원인: 세계 C의 잔차는 시변 교란(공간적으로 매끄러운 latent)을 품어 블록 안에서 상관되므로 블록 SE가 커지는 것이 옳다. 세계 D의 잔차는 i.i.d. 백색잡음이라 블록 안에 흡수할 상관이 없고, 처치 격자를 담은 블록이 소수(위 [1]의 블록 진단 참조)뿐이어서 CRVE가 **아래로 편향**된다.
  ※ 그래서 한 번의 draw에서 블록 SE가 HC1보다 크다는 사실([1])은 '보수적'이라는 증거가 아니다. 잔차가 공간적으로 상관될 때만 커지고, 그렇지 않으면 작아진다. 그 작아진 SE로 나눈 반복들이 세계 D의 1종 오류율 0.13을 만든다.

------------------------------------------------------------------------------------
[7] 순효과 — 출점이 순증인가, 자기 매장 매출을 옮긴 것인가
------------------------------------------------------------------------------------
항목                                              추정       설계 참값
총효과(0-300m 매출 증가, 지수)                       841.51     1003.73
자기잠식(300-500m 감소, 지수)                      -283.72     -192.60
순효과(총효과 − 잠식, 지수)                           557.79      811.13
영향권 사전 매출(지수)                              4939.77     4939.77
순효과 / 영향권 사전 매출(%)                           11.29       16.42
총효과 중 잠식으로 상쇄된 비율(%)                         33.72       19.19
  ※ Pancras et al.(2012)의 미국 식료품 체인 추정치는 신규점 매출의 13.3%가
     기존점에서 옮겨온 몫이었다. 위 상쇄 비율은 이 예제의 **설계값**이며
     국내 실증치가 아니다 — 거리 스케일과 업종이 다르다.

====================================================================================
요약 — 반복 실험 평균 편향 기준
====================================================================================
- 자기잠식이 인접 링 대조에 심는 편향: 세계 A +0.0684 → 세계 B -0.0022 (차이 +0.0706). 참 링 평균 잠식 0.0687와 대조하라.
- 전체 대조에서는 오염이 희석된다: A +0.0586 → B +0.0293 (차이 +0.0294).
- 도넛은 세계 A에서 +0.0534로 인접 링(+0.0684)보다 낫지만, 세계 B에서는 +0.0534로 인접 링(-0.0022)보다 나쁘다.
  → 도넛은 무조건 옳은 처방이 아니다. 잠식 크기와 대조군 축소 비용의 교환이다.
- 순효과는 총효과의 66.3%이며 33.7%가 기존 매장에서 옮겨온 몫이다(설계 참값 19.2%).
- 도넛 대조 격자 수는 배치를 다시 뽑으면 평균 472, 최소 346, 표준편차 52.8다. 지리에 따라 변하지만 **표본이 붕괴하지는 않는다** — 배제 규칙이 신규점까지의 거리로 정해지고 기하가 대략 고정이기 때문이다.
- 그리고 지리를 고정하면 도넛의 1종 오류율이 명목 수준에 머문다([6]). 즉 거리로 정의한 도넛은 추론을 깨뜨리지 않는다. 경험 SD가 평균 SE보다 큰 것은 표준오차의 실패가 아니라 **신규점이 어디에 나느냐에 따라 편향이 달라지는** 데서 온다.

=== STDERR ===
