$ C:\Users\user\Documents\lee\class\2026-2\geoAI\.venv\Scripts\python.exe 11-1-flood-risk-priority.py

=== STDOUT ===
================================================================
침수위험 공간 예측과 대응 우선순위 (11-1, 2층 AI)
================================================================

분석 단위: 300개 격자(20×15), 행정구역 6개, 개인 식별 불가

[1층 GIS] 저지대 침수 노출 (표고 하위 25%)
  저지대 격자: 75개 | 평균 침수심 25.1cm vs 그 외 10.3cm
  → 표고만으로는 강우·불투수면·상류 흐름의 비선형을 놓침 → 2층 AI 동기

[2층 AI] 침수위험 예측: 공간 피처 유무 + 검증 방식 비교
  공간 블록 CV | 비공간 피처     R² =  0.781
  공간 블록 CV | +공간 시차 피처 R² =  0.816  (개선 +0.034)
  랜덤    CV | +공간 시차 피처 R² =  0.874  (공간 누수 과대추정 +0.058)
  → 공간 시차(상류 흐름)가 예측을 개선 = 공간 명시적 AI 정당화(규칙2).

  피처 중요도(설명가능성):
    depth_lag   0.569
    elevation   0.358
    imperv      0.040
    elev_lag    0.013
    slope       0.011
    rainfall    0.007
    river_dist  0.001

[3층 정책] 침수위험 대응 우선순위
  격자 우선순위 상위 10:
 cell  row  col  elevation  imperv  rainfall  pred_depth  priority_rank
  142    9    7       1.77    0.64    101.84       34.52              1
  277   18    7       2.72    0.75    126.23       34.18              2
  202   13    7       3.08    0.51    120.76       31.91              3
  187   12    7       0.00    0.65    114.38       31.90              4
  127    8    7       6.18    0.81    114.14       31.30              5
  246   16    6       6.10    0.60    150.93       31.16              6
  262   17    7       5.26    0.61    125.53       30.76              7
  218   14    8       8.00    0.69    120.69       30.07              8
  172   11    7       3.59    0.57    116.04       29.99              9
  232   15    7       3.61    0.55    112.98       29.91             10

  행정구역 우선순위:
       mean_pred_depth  high_risk_cells  priority_rank
admin                                                 
2                23.49               42              1
3                22.25               32              2
4                11.16                1              3
1                10.87                0              4
5                 8.19                0              5
0                 8.00                0              6

  격자 우선순위 저장 → flood_risk_priority.csv
  행정구역 우선순위 저장 → flood_admin_priority.csv
  ※ 침수위험 지도는 건축 규제·홍수보험·대피계획의 공간 근거가 된다.

[불확실성] 정규화 conformal 예측구간(90%, OOF 근사)과 신뢰등급
  90% 예측구간 경험적 포함률(OOF) = 0.903  (목표 0.90)
  구간 반폭(cm): 중앙값 3.1, 범위 [1.3, 18.7]
  주의: σ̂를 같은 OOF 잔차로 적합했으므로 포함률은 다소 낙관적이다.
        엄밀한 실무는 학습/보정/시험 3분할 split conformal을 쓴다(7.5절·보론).

[적용가능영역 AoA] 특징공간 비유사도로 신뢰 밖 영역 표기(개념 근사)
  DI 임계값(Q3+1.5·IQR) = 0.24 | 적용가능영역 밖 격자 = 9개
  → AoA 밖 격자는 신뢰가 낮아 현장확인 전에는 우선순위를 확정하지 않는다.

  불확실성·AoA를 반영한 행정구역 우선순위:
       mean_pred_depth  mean_pi_half  low_conf_cells  aoa_out_cells  priority_rank confidence
admin                                                                                        
2                23.49          5.46              32              1              1         낮음
3                22.25          3.79              12              2              2         중간
4                11.16          3.27              15              1              3         높음
1                10.87          4.12              18              2              4         낮음
5                 8.19          2.96               8              1              5         높음
0                 8.00          3.27              15              2              6         높음
  → 예측 침수심이 높아도 신뢰등급이 '낮음'이거나 AoA 밖이면, 확정 배분 전에
     추가 관측·현장확인으로 보완한다(점추정 맹신 방지).

[완료] 침수위험 공간 예측·대응 우선순위 분석을 마쳤다.

=== STDERR ===
