$ C:\Users\user\documents\lee\class\2026-2\geoai\.venv\Scripts\python.exe 4-2-spatial-cv.py

=== STDOUT ===
============================================================
공간 자기상관 분석 및 공간 CV 비교
============================================================

--- 1. 공간 포인트 관측 데이터 불러오기 ---
  불러온 포인트: 500개 (좌표계 EPSG:32652)
  타겟 범위: -7.2 ~ 72.8
  타겟 평균: 30.8, 표준편차: 15.1

--- 2. Global Moran's I ---
  Moran's I 값: 0.8660
  기대값 E[I]: -0.0020
  Z-score: 40.8371
  p-value: 0.0010
  해석: 강한 양의 공간 자기상관 → 공간 CV 필수

--- 3. Local Moran's I (LISA) ---
  유의한 클러스터 분류 (p < 0.05):
    HH (Hot Spot): 159개
    LH (Low-High): 1개
    LL (Cold Spot): 134개
    HL (High-Low): 0개
    Not Significant: 206개

--- 4. 피처 구성 ---
  피처 수: 5
  피처: ['x_coord', 'y_coord', 'dist_center_0', 'dist_center_1', 'dist_center_2']

--- 5. Random CV vs Block CV 비교 ---
  Random K-Fold CV:
    R² scores: [0.866, 0.876, 0.855, 0.870, 0.878]
    평균 R²: 0.869 +/- 0.008

  블록 수: 36개 (5km 격자)
  Spatial Block CV:
    R² scores: [0.878, 0.519, 0.828, 0.917, 0.849]
    평균 R²: 0.798 +/- 0.143

--- 6. Cluster CV ---
  Cluster CV:
    R² scores: [-0.179, 0.539, 0.508, 0.371, 0.509]
    평균 R²: 0.349 +/- 0.271

--- 7. CV 기법 비교 요약 ---
  기법              |    평균 R² |     표준편차 |     과대추정
  --------------- | -------- | -------- | --------
  Random CV       |    0.869 |    0.008 |   +0.071
  Block CV        |    0.798 |    0.143 |   +0.000
  Cluster CV      |    0.349 |    0.271 |   -0.449

  Random CV - Block CV = 0.071
  Random CV가 Block CV 대비 성능을 과대 추정
  과대 추정 비율: 8.8%

--- 8. 시드 반복: 위 사다리가 실행마다 얼마나 흔들리는가 ---
  생성식 대조: 시드 42로 다시 뽑은 타깃과 저장 자료의 최대 차이 = 0.00e+00
    (0에 가까워야 아래 (C) 반복이 원본과 같은 식을 흔든 것이다)

  (A) 모델 시드만 교체 — 자료·분할 고정 (42 = 위 실행 재현)
      시드   Random    Block  Cluster      R−B      R−C      폴드SD(B/C)
       0    0.869    0.796    0.352   +0.073   -0.517    0.138/0.318
       1    0.870    0.798    0.313   +0.072   -0.558    0.139/0.317
       2    0.868    0.798    0.343   +0.070   -0.525    0.140/0.242
      42    0.869    0.798    0.349   +0.071   -0.519    0.143/0.271
    R−B 범위 +0.070 ~ +0.073  (폭 0.004)
    R−C 범위 -0.558 ~ -0.517  (폭 0.041)

  (B) 분할 시드 교체 — 무작위 CV·블록 배정·군집 정의
      시드   Random    Block  Cluster      R−B      R−C      폴드SD(B/C)
       0    0.871    0.840    0.349   +0.031   -0.521    0.020/0.271
       1    0.874    0.793    0.332   +0.080   -0.542    0.062/0.244
       2    0.870    0.834    0.141   +0.036   -0.729    0.019/0.404
      42    0.869    0.793    0.349   +0.075   -0.519    0.050/0.271
    R−B 범위 +0.031 ~ +0.080  (폭 0.050)
    R−C 범위 -0.729 ~ -0.519  (폭 0.210)

  (C) 생성 시드 교체 — 포인트를 다시 뽑는다 (주축)
      시드   Random    Block  Cluster      R−B      R−C      폴드SD(B/C)
       0    0.865    0.814    0.170   +0.052   -0.695    0.089/0.382
       1    0.875    0.752   -0.872   +0.123   -1.747    0.223/1.403
       2    0.863    0.766   -0.429   +0.098   -1.293    0.141/0.912
      42    0.869    0.798    0.349   +0.071   -0.519    0.143/0.271
    R−B 범위 +0.052 ~ +0.123  (폭 0.071)
    R−C 범위 -1.747 ~ -0.519  (폭 1.227)

  → 12번(4시드×3축) 합계 — Random−Block +0.031 ~ +0.123, Random−Cluster -1.747 ~ -0.517
    두 차이는 같은 사다리에서 나왔지만 판정이 다를 수 있다.
    각각의 범위가 0을 품는지, 폴드 SD와 견주어 어느 쪽인지 따로 본다.

[완료] 공간 자기상관 분석 및 공간 CV 비교 실습을 마쳤다.

=== STDERR ===
