$ C:\Users\user\documents\lee\class\2026-2\geoai\.venv\Scripts\python.exe 4-3-ensemble-comparison.py

=== STDOUT ===
============================================================
앙상블 기법 비교: RF vs XGBoost vs LightGBM (실제 Sentinel-2)
============================================================

--- 1. 실제 픽셀 표 구성 ---
  표본 수: 7,500개 (클래스별 균형 표집)
  피처 15개: B01, B02, B03, B04, B05, B06, B07, B08, B8A, B09, B11, B12, NDVI, NDWI, NDBI
  클래스 5개: ['산림', '초지', '경작지', '시가지', '수역']
    산림: 1,500개
    초지: 1,500개
    경작지: 1,500개
    시가지: 1,500개
    수역: 1,500개

--- 2. 공간 블록 정의 ---
  블록 수: 196개 (1km 격자)
  같은 블록의 픽셀은 학습·검증에 갈라지지 않게 묶는다(공간 누수 차단).

--- 3. 모델 정의 ---
  Random Forest: 정의 완료
  XGBoost: 정의 완료
  LightGBM: 정의 완료

--- 4. Random CV vs 공간 Block CV (Macro-F1) ---

  Random Forest:
    Random CV Macro-F1: 0.763 +/- 0.011 (2.1초)
    Block CV  Macro-F1: 0.753 +/- 0.020 (2.2초)
    과대추정(Random-Block): +0.010

  XGBoost:
    Random CV Macro-F1: 0.772 +/- 0.007 (7.0초)
    Block CV  Macro-F1: 0.760 +/- 0.021 (7.0초)
    과대추정(Random-Block): +0.012

  LightGBM:
    Random CV Macro-F1: 0.768 +/- 0.010 (3.9초)
    Block CV  Macro-F1: 0.755 +/- 0.015 (3.6초)
    과대추정(Random-Block): +0.013

--- 5. 모델 비교 요약 ---
  모델              |  Random F1 |   Block F1 |     과대추정 |     학습시간
  --------------- | ---------- | ---------- | -------- | --------
  Random Forest   |      0.763 |      0.753 |   +0.010 |     2.2초
  XGBoost         |      0.772 |      0.760 |   +0.012 |     7.0초
  LightGBM        |      0.768 |      0.755 |   +0.013 |     3.6초

--- 6. Random Forest 변수 중요도 ---
  피처       |      중요도
  -------- | --------
  NDWI     |    0.109
  B01      |    0.096
  B11      |    0.092
  B07      |    0.081
  B8A      |    0.080
  B02      |    0.075
  B03      |    0.068
  B09      |    0.065

--- 7. 클래스별 성능 (RF, 공간 블록 홀드아웃) ---
              precision    recall  f1-score   support

          산림      0.917     0.889     0.903       298
          초지      0.601     0.474     0.530       232
         경작지      0.551     0.742     0.632       198
         시가지      0.807     0.765     0.785       311
          수역      0.966     0.980     0.973       348

    accuracy                          0.794      1387
   macro avg      0.768     0.770     0.765      1387
weighted avg      0.799     0.794     0.793      1387

  공간 블록 홀드아웃 Macro-F1: 0.765

--- 8. 이 실습의 범위와 한계 ---
  - 하나의 장면(2021-04-07, 춘천)에서 학습·검증하므로, 다른 지역·
    다른 계절로의 일반화 성능은 이 수치로 보장되지 않는다.
  - 4월 초 장면이라 경작지 상당수가 나지 상태다. WorldCover의
    연간 '경작지' 라벨과 4월 분광이 어긋나, 경작지 정확도가 낮게 나온다.
  - Block CV는 같은 장면 안에서의 공간 누수만 차단한다. 지역 일반화는
    별도 지역의 독립 검증이 필요하다.

--- 9. 시드 반복: 4절의 과대추정이 잡음보다 큰가 ---

  (A) 모델 시드만 교체 — 폴드 배정 고정 (42 = 4절 재현)
      시드       RF      XGB     LGBM     폴드SD(무작위)   폴드SD(Block)
       0   +0.009   +0.011   +0.015         0.008         0.018
       1   +0.006   +0.011   +0.017         0.008         0.018
       2   +0.007   +0.011   +0.017         0.009         0.018
      42   +0.010   +0.012   +0.013         0.009         0.018
    과대추정 범위(3모델×4시드) +0.006 ~ +0.017

  (B) 모델 시드 + 블록→폴드 배정 시드 교체
      시드       RF      XGB     LGBM     폴드SD(무작위)   폴드SD(Block)
       0   +0.011   +0.013   +0.016         0.012         0.012
       1   +0.007   +0.005   +0.010         0.009         0.016
       2   +0.009   +0.014   +0.013         0.014         0.008
      42   +0.014   +0.022   +0.017         0.009         0.021
    과대추정 범위(3모델×4시드) +0.005 ~ +0.022

  (C) 픽셀 표집 시드 교체 — 폴드 배정·모델 시드 고정
      시드       RF      XGB     LGBM     폴드SD(무작위)   폴드SD(Block)
       0   +0.010   +0.012   +0.012         0.006         0.010
       1   +0.016   +0.012   +0.016         0.006         0.015
       2   +0.013   +0.009   +0.010         0.010         0.021
      42   +0.010   +0.012   +0.013         0.009         0.018
    과대추정 범위(3모델×4시드) +0.009 ~ +0.016

  → 세 반복을 합치면 과대추정은 +0.005 ~ +0.022 사이를 오간다.
    4절이 보고한 +0.010~+0.013은 이 범위 안의 한 점이며, Block CV의
    폴드 간 표준편차보다 작다. 부호를 말하기 전에 이 폭을 먼저 봐야 한다.

[완료] 앙상블 기법 비교 실습을 마쳤다.

=== STDERR ===
