$ C:\Users\user\documents\lee\class\2026-2\geoai\.venv\Scripts\python.exe 10-0b-delivery-data-prep.py

=== STDOUT ===
====================================================================
10-0b 준비: 배달 권역 분석용 실데이터 스냅샷
====================================================================
대상: 서울 종로구 · 서대문구 · 은평구 | 격자 500m

[1/3] 상가(상권)정보
  원본: 소상공인시장진흥공단_상가(상권)정보_서울_202606.csv (302 MB, utf-8-sig)
  대상 3개 구 점포 52,131개 (음식 15,595 / 생활 인프라 3,288)
  업종 대분류 상위:
    음식: 15,595
    소매: 11,898
    과학·기술: 6,265
    수리·개인: 4,632
    교육: 3,904
    시설관리·임대: 2,661

[2/3] 생활인구(행정동)
  원본: 행정동 단위 서울 생활인구(내국인).csv (179 MB, cp949)
  행정동 424개 | 평일 기간 20260612~20260731 | 평시 14~16시, 피크 18~20시

[3/3] 격자 구성과 인구 배분
  격자 후보 258개 → 점포 3개 미만 셀 13개 제외(제외 셀의 점포 20개)
  행정동코드 결합률: 100.0% (245/245)
--------------------------------------------------------------------
활동 격자 245개 | 행정동 47개 | 생활 인프라 POI 3,288개
평시 총 생활인구 1,121,348명 → 피크 1,030,742명 (-8.1%)
셀 평시인구: 중앙값 2,172 / 최대 45,198
저장: delivery_grid.parquet, delivery_infra.parquet, delivery_snapshot_meta.json
스냅샷 sha256: bbb4c3747dd31332…
공개 데이터가 갱신되면 수치가 달라진다. 재현의 기준은 이 스냅샷이다.
====================================================================
[완료] 다음: python 10-4-delivery-zone-optimization.py

=== STDERR ===
