$ C:\Users\user\documents\lee\class\2026-2\geoai\.venv\Scripts\python.exe 10-1-living-soc-accessibility.py

=== STDOUT ===
================================================================
생활SOC 접근성 형평성과 우선 공급 후보지 (10-1, 1층 기준선)
================================================================

분석 단위: 300개 격자(20×15, 셀 500m), 총 인구 1,870,844명
생활SOC: 도서관 6개소, 돌봄 10개소, 공원 12개소, 체육 8개소

[1층 GIS] 생활SOC 종류별 도보 접근성(분) — 결정론적 거리 계산
  도서관 : 인구가중 평균  24.0분 | 15분 초과 사각지대 인구 67.2% | Gini 0.324
  돌봄  : 인구가중 평균  20.2분 | 15분 초과 사각지대 인구 54.1% | Gini 0.349
  공원  : 인구가중 평균  16.5분 | 15분 초과 사각지대 인구 50.1% | Gini 0.307
  체육  : 인구가중 평균  24.9분 | 15분 초과 사각지대 인구 64.3% | Gini 0.362

  종합 접근성(4종 평균): 인구가중 평균 21.4분, Gini 0.246
  종합 15분 초과 격자: 258개 (인구의 69.5%)

[2층 AI 판단] 이 진단에 AI가 필요한가? → 아니오(기준선으로 명시)
  접근성·서비스 권역·형평성은 거리·시간의 결정론적 계산으로 완결된다.
  학습 모델을 붙여도 설명력만 떨어지고 책임성 추적이 어려워진다(규칙2).
  → AI는 민원 시공간 '예측'(10-2)처럼 비선형·미래 추정이 필요할 때 정당화된다.

[3층 정책] 생활SOC 우선 공급 후보지 (접근성 사각 ∩ 인구 多)
  사각지대 후보 258개 중 상위 10:
 cell  row  col    pop  access_composite  deficit_min  priority_score  priority_rank
   30    2    0 6321.0             45.12        30.12       190366.86              1
   22    1    7 5476.0             47.51        32.51       178014.40              2
   68    4    8 9701.0             30.43        15.43       149685.78              3
   39    2    9 5003.0             44.67        29.67       148432.57              4
   57    3   12 6517.0             37.55        22.55       146962.84              5
  118    7   13 9571.0             30.10        15.10       144514.15              6
  193   12   13 9220.0             30.54        15.54       143233.56              7
  164   10   14 6679.0             36.27        21.27       142064.00              8
  273   18    3 6784.0             35.64        20.64       140001.38              9
   35    2    5 6199.0             37.47        22.47       139293.83             10

  전체 우선순위표 저장 → living_soc_priority.csv
  ※ 형평(equity) ≠ 균등(equality): 수요(인구)가 큰 사각지대에 먼저 공급.
    Gini는 공급 전후 형평성 변화를 추적하는 정책 모니터링 지표로 쓴다.

[완료] 생활SOC 접근성 형평성 분석을 마쳤다(1층 기준선).

=== STDERR ===
