$ C:\Users\user\documents\lee\class\2026-2\geoai\.venv\Scripts\python.exe 10-2-civil-complaint-forecast.py

=== STDOUT ===
================================================================
민원 발생 시공간 예측과 현장대응 우선순위 (10-2, 2층 AI)
================================================================

분석 단위: 256개 격자 × 40주(분석 12~39주), 권역 8개 집계, 개인 식별 불가
총 민원(분석기간): 126,117건, 주 평균 4504건

[1층 GIS] 권역(행정동 대용)별 누적 민원 집계 — 8개 권역(열 2분할 × 행 4분할)
  권역 0: 누적 22,650건
  권역 1: 누적 20,398건
  권역 2: 누적 11,419건
  권역 3: 누적 10,460건
  권역 4: 누적 13,182건
  권역 5: 누적 13,246건
  권역 6: 누적 13,218건
  권역 7: 누적 15,026건

[2층 AI] 다음 주 민원 예측: 시공간 피처 유무 비교 (시간 블록 CV 70/30)
  시간 시차만(자기 과거)   R² =  0.753 | MAE = 6.510
  +공간 시차(이웃 과거)    R² =  0.813 | MAE = 5.498
    (개선  R² +0.059, MAE +1.012)
  → 공간 시차가 다음 주 예측을 개선 = 공간 명시적 AI 정당화(규칙2).
    민원은 인접 구간으로 번지므로 자기 과거만으로는 확산을 놓친다.

  피처 중요도(설명가능성):
    self_t    0.589
    neigh_t   0.364
    self_t2   0.018
    neigh_t1  0.017
    road      0.007
    self_t1   0.005

[3층 정책] 다음 주 권역별 현장대응 자원 배치 우선순위
 region  pred_next_week_complaints  priority_rank
      0                     1311.7              1
      1                     1292.3              2
      7                      759.1              3
      4                      720.7              4
      6                      711.6              5
      2                      675.1              6
      5                      655.4              7
      3                      556.4              8

  권역 우선순위 저장 → complaint_response_priority.csv
  ※ 책임성(규칙3): 이 점수는 현장대응 '배치 보조'일 뿐이다.
    민원 자료는 신고 편향을 담고(민원 多 ≠ 문제 多), 자원을 신고 많은 곳에만
    몰면 자기실현적 편향(신고→자원→신고) 루프에 빠진다. 신고 저조 취약지역을
    별도 점검하고, 점수를 기관 평가·행정처분 근거로 직결하지 않는다.

[불확실성] 정규화 conformal 예측구간(90%, 시간블록 OOF 근사)과 신뢰등급
  90% 예측구간 경험적 포함률(OOF) = 0.901  (목표 0.90)
  구간 반폭(건): 중앙값 8.82, 범위 [5.41, 119.80]
  주의: σ̂를 같은 OOF 잔차로 적합했으므로 포함률은 다소 낙관적이다.
        엄밀한 실무는 학습/보정/시험 3분할 split conformal을 쓴다(7.5절·보론).

  불확실성을 반영한 다음 주 권역 우선순위:
 region  pred_next_week_complaints  priority_rank  mean_pi_half  low_conf_cells confidence
      0                     1311.7              1         16.00              20         낮음
      1                     1292.3              2         12.03              20         낮음
      7                      759.1              3          8.89              10         중간
      4                      720.7              4          8.96               9         낮음
      6                      711.6              5          8.85               7         높음
      2                      675.1              6          8.90               9         중간
      5                      655.4              7          8.59               7         높음
      3                      556.4              8          7.86               3         높음
  다음 주 권역 우선순위(불확실성 포함) 저장 → complaint_response_priority_uncertainty.csv
  → 예측 민원이 많아도 신뢰등급이 '낮음'이면, 자원 확정 전에 추가 관측·현장확인으로
     불확실성을 줄인다(점추정 맹신 방지).

[완료] 민원 시공간 예측·현장대응 우선순위 분석을 마쳤다.

=== STDERR ===
