$ C:\Users\user\documents\lee\class\2026-2\geoai\.venv\Scripts\python.exe 15-3-decision-economics.py

=== STDOUT ===
==============================================================================
15-3 추정값을 결정으로 바꾸는 층 — 임계비·NPV·용량 제약
==============================================================================

[가정값 목록] 전부 가정이며 출처가 아니다. 결론은 절대값이 아니라 민감도다.
파라미터                                     값   근거
수요 예측 점추정                         100 단위/일   가정 — 앞 장의 예측 모형 산출을 상정
수요 예측 90% 구간                     [70, 130]   가정 — conformal 예측구간을 상정
신선식품 Cu (결품 1단위 손실)                 1,200원   가정 — 판매 마진
신선식품 Co (잉여 1단위 손실)                 2,000원   가정 — 원가 + 폐기비
내구재 Cu (결품 1단위 손실)                 15,000원   가정 — 마진 + 기회 상실
내구재 Co (잉여 1단위 손실)                  1,500원   가정 — 재고 유지비(다음에 팔림)
신규점 월 총매출                          3,000만원   가정 — 14.6 배분 수요와 무관한 별도 가정
기여이익률                                  15%   가정 — 임차료·인건비 차감 후
초기 투자                             15,000만원   가정 — 보증금·인테리어·집기
임대차 계약 기간                             60개월   가정
hurdle rate                          연 12%   가정 — 자본의 기회비용
시장 내 동종 매장 수 N                         20개   가정 — (3) 대조에서 결론을 좌우하는 값
월 처리 가능 매출 상한                      3,500만원   가정 — 좌석·주방 용량

==============================================================================
(1) 비대칭 손실과 임계비 — 같은 예측에서 정반대 결정이 나온다
==============================================================================
예측: 점추정 100, 90% 구간 [70, 130]
  → 정규 가정으로 환산한 표준편차 σ = 18.24
  (구간 폭 = 2·z·σ. 수요 분포가 비대칭이면 이 환산은 틀린다.)

[신선식품] Cu 1,200원 / Co 2,000원
  임계비 = 1,200 / (1,200 + 2,000) = 0.375
  최적 발주량 = 수요분포의 37.5% 분위수 = 94.2 → 94단위
  검산(몬테카를로 기대손실 최소) = 94단위  일치

[내구재] Cu 15,000원 / Co 1,500원
  임계비 = 15,000 / (15,000 + 1,500) = 0.909
  최적 발주량 = 수요분포의 90.9% 분위수 = 124.4 → 124단위
  검산(몬테카를로 기대손실 최소) = 124단위  일치

**같은 구간 [70, 130]에서 한쪽은 94, 다른 쪽은 124을 시킨다.** 차이 30단위.
예측이 같아도 결정이 갈린다. 갈리게 만드는 것은 모형이 아니라 두 손실의 비율이다.
신선식품은 남으면 버려야 하므로(Co 큼) 보수적으로, 내구재는 못 팔면 기회를 잃고
남은 재고는 다음에 팔리므로(Cu 큼) 공격적으로 시킨다.

[임계비 훑기] 임계비가 발주량을 어떻게 옮기는가
     임계비     분위수 z      발주량
     0.1    -1.282     76.6
     0.2    -0.842     84.6
     0.3    -0.524     90.4
     0.4    -0.253     95.4
     0.5     0.000    100.0
     0.6     0.253    104.6
     0.7     0.524    109.6
     0.8     0.842    115.4
     0.9     1.282    123.4
임계비 0.5(두 손실이 같음)에서만 점추정이 답이다. 그 밖에서는 점추정을 쓰는 것이
곧 '두 손실이 같다'고 가정하는 셈이다 — 대개 사실이 아니다.

==============================================================================
(2) hurdle rate와 NPV — 전이율 몇 %까지 견디는가
==============================================================================
연 12% → 월 할인율 0.00949, 60개월 연금계수 45.59
월 기여이익(전이율 0%) = 3,000만원 × 15% = 450만원

     전이율       월 순기여이익     NPV(만원)      회수기간  판정
      0%           450       5,515      41개월  통과
     15%           382       2,437      50개월  통과
     25%           338         386      58개월  통과
     35%           292      -1,666       미회수  기각

**손익분기 전이율 = 26.9%**
  전이율이 26.9%를 넘으면 이 출점은 자본의 기회비용을 못 넘는다.

14장이 자기잠식 상한을 30%·25% 같은 값으로 두는 관행을 소개했다. 그 숫자가
어디서 오는지가 여기서 답해진다. **상한은 관행이 아니라 손익분기 전이율에서
역산된 값이다.** 이 파라미터 조합에서는 26.9%이고, 실무의 25%는 그보다
낮으니 안전 여유를 둔 값으로 읽힌다. 파라미터가 달라지면 상한도 달라진다 —
그러므로 '이격 거리 몇 미터', '상한 몇 %'를 보편 상수처럼 쓰면 안 된다.

[민감도] 손익분기 전이율은 어느 가정에 민감한가
변화                                손익분기 전이율
기준                                   26.9%
기여이익률 15% → 12%                       8.6%
기여이익률 15% → 20%                      45.2%
초기 투자 1.5억 → 2.0억                     2.5%
계약 60개월 → 36개월                       -9.7%  ← 음수 = 자기잠식이 0이어도 기각
hurdle 12% → 8%                      32.9%

읽는 법 둘.
  ① 손익분기 전이율이 **음수**면 자기잠식이 전혀 없어도 이 출점은 기각이다. 계약
     기간을 60개월에서 36개월로 줄이면 그렇게 된다 — 회수 기간이 계약 기간보다
     길어지기 때문이다. 임대차 조건이 입지 판단의 일부라는 뜻이며, 자기잠식을
     계산하기 전에 먼저 확인할 값이다.
  ② 상한은 기여이익률에 극단적으로 민감하다. 15%에서 12%로 3%포인트만 내려가도
     견딜 수 있는 자기잠식이 26.9%에서 8.6%로 무너진다. 그러므로 '전이율 상한 25%'
     같은 규칙을 브랜드·업종을 가로질러 쓰면 안 된다. 원가 구조가 다르면 상한이
     다르다. 관행값을 쓰기 전에 자기 원가로 역산하는 것이 순서다.

==============================================================================
(3) 두 경로의 대조 — 시장 단위 추정치와 매장 단위 계산이 맞는가
==============================================================================
15-2의 추정: 시장 매출 +11.54% (placebo p=0.027, 유의)
15-2의 참값: 시장 매출 +5.02%

두 경로가 같은 값을 가리켜야 한다.
  경로 1 (매장 단위): 순증 = 신규점 총매출 × (1 − 전이율)
  경로 2 (시장 단위): 순증 = 시장 기준 매출 × ATT = (N × 신규점 총매출) × ATT
  두 식을 같게 두면  **전이율 = 1 − N × ATT**

N (시장 내 동종 매장 수)                 참값 ATT 함의 전이율         추정 ATT 함의 전이율
10                                       49.8%                -15.4%
15                                       24.7%                -73.0%
20                                       -0.4%               -130.7%
25                                      -25.6%               -188.4%
30                                      -50.7%               -246.1%

가정한 N = 20에서 읽으면:
  참값 ATT 5.02% → 함의 전이율 -0.4% (거의 0 — 신규점 매출이 대부분 순증이라는 뜻)
  추정 ATT 11.54% → 함의 전이율 -130.7% (**음수** — 자기잠식이 0인 것을 넘어 시장 자체가 커졌다는 뜻)

여기서 결정적인 것이 나온다. 추정값을 그대로 믿으면 **전이율이 음수**가 된다.
신규점이 자기 매출의 2배가 넘는 크기로 시장 전체를 키웠다는 말이다. 집적 효과로
불가능하지는 않지만, 그런 주장에는 별도의 증거가 필요하다. 근거 없이 받아들이면
자기잠식을 걱정할 필요가 없다는 결론으로 곧장 간다.

**이 검산이 분석 2의 편향을 잡아냈다.** placebo 순열추론은 p=0.027로 통과시켰다.
통계적 유의성은 크기의 정확성을 보증하지 않는다 — 추정치가 참값의 2.3배인데도 유의했다.
경제 논리로 되짚어 보는 검산이 통계 검정이 못 잡는 것을 잡는다. 순서가 중요하다:
추정 → 유의성 → **경제적 정합성** → 결정. 세 번째 칸을 비우면 안 된다.

[결정으로 옮기면] 추정 편향이 판정을 뒤집는 지점이 있는가
음수 전이율은 0으로 묶어 읽는다. 시장 확대를 주장할 근거가 없으므로 그 이득을
현금흐름에 태우지 않는 것이 보수적 처리다.

   N      참값 전이율     참값 NPV     판정        추정 전이율     추정 NPV     판정  결론
  10       49.8%     -4,698     기각        -15.4%      5,515     통과  **뒤집힌다**
  15       24.7%        454     통과        -73.0%      5,515     통과  같다
  20       -0.4%      5,515     통과       -130.7%      5,515     통과  같다
  25      -25.6%      5,515     통과       -188.4%      5,515     통과  같다
  30      -50.7%      5,515     통과       -246.1%      5,515     통과  같다

**N = [10]에서 판정이 뒤집힌다.** 참값으로 계산하면 기각인 출점을 부풀린
추정치는 통과시킨다. 편향이 소수 셋째 자리의 문제가 아니라 열지 말아야 할
매장을 여는 문제로 나타난다.

동시에 정직하게 적어 둘 것이 있다. **N도 가정값이다.** N이 얼마인지 모르면
어느 쪽 결론도 확정되지 않는다. 두 경로를 맞추는 환산 계수를 모르는 채로
시장 단위 추정치를 매장 단위 결정에 쓰는 것 자체가 위험하다. 실무에서 먼저 할
일은 더 정교한 추정이 아니라 **시장 안에 자사·경쟁 매장이 몇 개인지 세는 것**이다.

==============================================================================
(4) 용량 제약 — 수요가 있어도 못 받는다
==============================================================================
월 처리 가능 매출 상한 = 3,500만원 (기준 매출 3,000만원의 1.17배)

수요 시나리오                   수요(만원)       실현 매출       월 기여이익     NPV(만원)
하방 −20%                    2,400       2,400          360       1,412
기준                         3,000       3,000          450       5,515
상방 +20%                    3,600       3,500          525       8,934
상방 +40%                    4,200       3,500          525       8,934

상방은 잘린다: 수요가 40% 늘어도 실현 매출은 +16.7%에서 멈춘다(용량 상한).
하방은 잘리지 않는다: 수요가 20% 줄면 매출도 그대로 20% 준다.
NPV로 보면 상방 +3,419만원 대 하방 -4,103만원 — **비대칭이다.**

이 비대칭이 (1)의 임계비와 같은 구조라는 점이 중요하다. 용량이 상방을 자르면
기대 이득이 줄고, 그러면 같은 예측에서도 결정이 보수적으로 밀린다. 입지 점수 상위가
곧 최선이 아닌 이유가 여기 있다 — 용량을 늘려야 하는 자리와 그대로 받을 수 있는
자리의 투자액이 다르고, 상방을 받을 수 없는 자리는 점수만큼의 값을 못 낸다.

그림 저장: 15-3-decision-economics.png
표 저장: 15-3-critical-ratio.csv · 15-3-npv.csv · 15-3-breakeven-sensitivity.csv · 15-3-capacity.csv · 15-3-reconciliation.csv · 15-3-decision.csv

=== STDERR ===
