$ C:\Users\user\documents\lee\class\2026-2\geoai\.venv\Scripts\python.exe 7-0b-demand-simdata.py

=== STDOUT ===
==================================================================
실습 데이터 준비 2: 점포별 일 수요 패널 (7-3용)
==================================================================

[본 데이터 — 이분산] 17,520행 = 점포 6 × 품목 2 × 1460일
                  평균  표준편차   변동계수
item store_id                    
도시락  S1        110.4  36.8  0.333
     S2         93.4  39.0  0.418
     S3         89.0  21.2  0.238
     S4         83.4  32.9  0.394
     S5         69.8  15.1  0.216
     S6         61.0  15.9  0.261
우산   S1         20.9   9.3  0.445
     S2         17.8  10.5  0.590
     S3         16.5   6.9  0.418
     S4         15.4   9.5  0.617
     S5         13.1   5.4  0.412
     S6         11.3   5.3  0.469

[대조군 C1 — 등분산(잡음 크기 구조만 제거)] 17,520행 = 점포 6 × 품목 2 × 1460일
                  평균  표준편차   변동계수
item store_id                    
도시락  S1        110.2  39.9  0.362
     S2         93.5  35.2  0.376
     S3         88.8  25.1  0.283
     S4         83.9  24.3  0.290
     S5         69.7  21.1  0.303
     S6         60.9  21.1  0.346
우산   S1         20.9  10.2  0.488
     S2         17.8   9.0  0.506
     S3         16.5   7.7  0.467
     S4         15.4   7.4  0.481
     S5         13.2   6.7  0.508
     S6         11.4   6.4  0.561

두 패널의 평균 수요는 같고 잡음의 '크기 구조'만 다르다:
  도시락: 평균 84.50 vs 84.52 / 표준편차 32.73 vs 32.85
  우산: 평균 15.82 vs 15.87 / 표준편차 8.67 vs 8.60

  → store_demand.parquet, store_demand_homoskedastic.parquet
[완료] 7-3이 쓸 수요 패널을 data/ 폴더에 저장했다.

=== STDERR ===
