$ C:\Users\user\documents\lee\class\2026-2\geoai\.venv\Scripts\python.exe 7-1-autonomous-gis-query.py

=== STDOUT ===
================================================================
자율 GIS 에이전트 — 자연어 공간 쿼리와 실패 양상 (7-1)
================================================================

레이어 카탈로그: 인구격자, 도서관, 학교 (좌표계 EPSG:5179)
아키텍처: 질의 → 파싱 → 계획 → [검증] → 실행 → 결과

Q: 도서관에서 1km 이내 인구는?
   계획: buffer_count(layer=도서관, radius=1000m)
   ✅ 성공: 약 73,713명

Q: 지하철역에서 500m 이내 인구는?
   ❌ 거부: 존재하지 않는 레이어 '지하철역' (사용가능: 인구격자, 도서관, 학교)

Q: 위도 37.5 경도 127.0 학교에서 1km 이내 인구는?
   ❌ 거부: 좌표계 불일치: 질의 좌표 EPSG:4326 vs 데이터 EPSG:5179 — 변환(transform) 없이 실행 불가

Q: 그 동네 살기 좋은 곳 알려줘
   ❌ 거부: 의도를 파싱할 수 없음(모호한 질의)

[요약] 질의 4건 중 성공 1건, 검증 단계가 차단 3건
  → 검증(self-verifying) 단계가 없었다면 CRS 오류·없는 레이어가 그대로
    '그럴듯한 숫자'로 출력됐을 것이다. 자율 GIS의 신뢰성은 검증에 달렸다.
  ※ 정책 함의: 자연어 질의는 비전문가의 GeoAI 접근성을 높이지만,
    출력 검증·책임성 없이 의사결정에 직결하면 hallucinated 결과의 위험이 크다.

  질의 처리 로그 저장 → autonomous_gis_query_log.csv

[완료] 자율 GIS 에이전트 시연을 마쳤다.

=== STDERR ===
