$ C:\Users\user\documents\lee\class\2026-2\geoai\.venv\Scripts\python.exe 7-3-demand-newsvendor.py

=== STDOUT ===
========================================================================
매출 예측과 발주량 결정 (7-3, LSTM + 분할 conformal → newsvendor 임계비)
========================================================================
장치: cpu

[비용 가정값] 전부 가정이며, 결론은 금액이 아니라 임계비의 방향에 둔다
 품목    Cu   Co    임계비                     설명
도시락  1200 2000 0.3750    Cu=판매 마진, Co=원가+폐기비
 우산 15000 1500 0.9091 Cu=마진+기회 상실, Co=재고 유지비

------------------------------------------------------------------------
[1] 본 데이터(이분산) — 3분할 split conformal
------------------------------------------------------------------------

  [이분산 · 도시락] 창 8,592개 (학습 5,088 / 보정 1,752 / 시험 1,752)
    시험 RMSE = 23.45 단위/일
    정규화          포함률  89.3% · 평균 폭  69.94 · 폭 변동계수 0.364 · 반폭-실오차 순위상관 +0.343
                 수요 3분위별 포함률 91.3% / 91.1% / 85.6% (편차 5.7%p)
    비정규화(C2)     포함률  88.9% · 평균 폭  72.70 · 폭 변동계수 0.000 · 반폭-실오차 순위상관   정의불가(상수폭)
                 수요 3분위별 포함률 96.2% / 89.2% / 81.3% (편차 14.9%p)
    점포별 조건부 포함률(정규화): S1 87.3%, S2 87.0%, S3 90.4%, S4 88.7%, S5 92.8%, S6 89.7%
    표류 점검: 평균 잔차 보정 +1.61 → 시험 +3.41 (평균 수요 86.2 → 90.2)

  [이분산 · 우산] 창 8,592개 (학습 5,088 / 보정 1,752 / 시험 1,752)
    시험 RMSE = 6.48 단위/일
    정규화          포함률  89.6% · 평균 폭  19.68 · 폭 변동계수 0.473 · 반폭-실오차 순위상관 +0.385
                 수요 3분위별 포함률 88.5% / 90.1% / 90.1% (편차 1.5%p)
    비정규화(C2)     포함률  89.3% · 평균 폭  19.49 · 폭 변동계수 0.000 · 반폭-실오차 순위상관   정의불가(상수폭)
                 수요 3분위별 포함률 97.4% / 89.4% / 81.0% (편차 16.4%p)
    점포별 조건부 포함률(정규화): S1 87.7%, S2 92.1%, S3 91.1%, S4 90.1%, S5 88.0%, S6 88.4%
    표류 점검: 평균 잔차 보정 -0.23 → 시험 -0.17 (평균 수요 15.7 → 16.8)

------------------------------------------------------------------------
[2] 대조군 C1 — 등분산 데이터(잡음 크기 구조만 제거)
------------------------------------------------------------------------

  [등분산C1 · 도시락] 창 8,592개 (학습 5,088 / 보정 1,752 / 시험 1,752)
    시험 RMSE = 22.30 단위/일
    정규화          포함률  89.3% · 평균 폭  71.88 · 폭 변동계수 0.032 · 반폭-실오차 순위상관 +0.035
                 수요 3분위별 포함률 91.1% / 89.4% / 87.3% (편차 3.8%p)
    비정규화(C2)     포함률  89.0% · 평균 폭  71.79 · 폭 변동계수 0.000 · 반폭-실오차 순위상관   정의불가(상수폭)
                 수요 3분위별 포함률 91.6% / 88.9% / 86.5% (편차 5.1%p)
    점포별 조건부 포함률(정규화): S1 90.4%, S2 86.3%, S3 88.4%, S4 88.7%, S5 92.1%, S6 89.7%
    표류 점검: 평균 잔차 보정 +1.98 → 시험 +3.93 (평균 수요 86.1 → 90.4)

  [등분산C1 · 우산] 창 8,592개 (학습 5,088 / 보정 1,752 / 시험 1,752)
    시험 RMSE = 6.14 단위/일
    정규화          포함률  89.7% · 평균 폭  20.09 · 폭 변동계수 0.062 · 반폭-실오차 순위상관 +0.070
                 수요 3분위별 포함률 89.2% / 88.4% / 91.6% (편차 3.3%p)
    비정규화(C2)     포함률  89.7% · 평균 폭  20.22 · 폭 변동계수 0.000 · 반폭-실오차 순위상관   정의불가(상수폭)
                 수요 3분위별 포함률 91.1% / 89.0% / 89.0% (편차 2.1%p)
    점포별 조건부 포함률(정규화): S1 91.1%, S2 87.3%, S3 92.5%, S4 89.4%, S5 87.3%, S6 90.8%
    표류 점검: 평균 잔차 보정 -0.18 → 시험 +0.02 (평균 수요 15.7 → 16.8)

[대조군 C1·C2 판정] 정규화의 이득이 정말 이분산에서 오는가
 품목     데이터  폭변동계수  반폭_실오차_순위상관  분위편차_정규화  분위편차_비정규화C2
도시락  이분산(본)  0.364        0.343       5.7         14.9
도시락 등분산(C1)  0.032        0.035       3.8          5.1
 우산  이분산(본)  0.473        0.385       1.5         16.4
 우산 등분산(C1)  0.062        0.070       3.3          2.1
  폭변동계수 = 구간 폭이 관측마다 얼마나 달라지는가(등분산이면 0에 가까워야 한다)
  분위편차 = 수요 3분위별 조건부 포함률의 최대−최소(%p). 작을수록 고른 구간

------------------------------------------------------------------------
[3] 세 발주 정책의 실현 손익 (시험 집합, 본 데이터)
------------------------------------------------------------------------

  도시락 (CR = 0.375, 시험 1,752건)
               정책       결품손실        과잉손실         총손실 실현서비스수준  평균발주       P3대비
           P1 점추정 21,774,000  24,336,000  46,110,000   44.7%  86.8    444,000
    P2 구간 상한(90%)  1,459,200 117,894,000 119,353,200   93.6% 123.1 73,687,200
P3 newsvendor(CR) 28,104,000  17,562,000  45,666,000   34.9%  81.8          0

  우산 (CR = 0.909, 시험 1,752건)
               정책       결품손실       과잉손실        총손실 실현서비스수준  평균발주       P3대비
           P1 점추정 59,850,000  6,390,000 66,240,000   57.6%  17.0 36,228,000
    P2 구간 상한(90%)  4,380,000 26,824,500 31,204,500   95.3%  26.9  1,192,500
P3 newsvendor(CR)  7,560,000 22,452,000 30,012,000   92.8%  25.1          0

------------------------------------------------------------------------
[4] 임계비 민감도 — 같은 예측에서 CR만 흔들면 발주와 손실이 얼마나 움직이나
------------------------------------------------------------------------

  도시락 (참 CR = 0.375)
 가정CR  평균발주         총손실      최적대비초과
0.100  62.6  63,916,400 +18,250,400
0.250  74.7  48,825,600  +3,159,600
0.375  81.8  45,666,000          +0
0.500  88.0  46,697,600  +1,031,600
0.750 102.1  64,122,800 +18,456,800
0.909 117.0 100,978,400 +55,312,400
0.950 123.1 119,353,200 +73,687,200

  우산 (참 CR = 0.909)
 가정CR  평균발주         총손실       최적대비초과
0.100   9.0 211,434,000 +181,422,000
0.250  12.6 133,045,500 +103,033,500
0.375  14.6  97,528,500  +67,516,500
0.500  16.5  72,345,000  +42,333,000
0.750  20.8  37,879,500   +7,867,500
0.909  25.1  30,012,000           +0
0.950  26.9  31,204,500   +1,192,500

------------------------------------------------------------------------
[5] 비용비를 틀리는 대가 대 예측을 개선하는 이득
------------------------------------------------------------------------
 품목 기준_LSTM_참CR 예측열화_계절나이브 비용비오지정_대칭가정 비용비오지정_뒤바뀜  RMSE_LSTM  RMSE_나이브
도시락  45,666,000 16,632,000   1,031,600 55,312,400      23.45     32.22
 우산  30,012,000 13,231,500  42,333,000 67,516,500       6.48      8.58
  (금액은 시험 구간 전체 합계. 값이 클수록 그 잘못의 대가가 크다)

  [등가 오차] 계절 나이브로 떨어뜨린 대가와 같은 손실을 내는 CR 오차 폭
 품목   참CR      나이브대가 등가CR오차_아래 등가CR오차_위
도시락 0.375 16,632,000     0.270    0.355
 우산 0.909 13,231,500     0.214    0.086
  (임계비를 이 폭만큼 틀리면 예측 모델을 계절 나이브로 바꾼 것과 같은 손실이 된다)

[저장] ch7_conformal_coverage.csv / ch7_newsvendor_policy.csv / ch7_newsvendor_sensitivity.csv / 7-3-demand-newsvendor.png

[완료] 예측구간을 임계비로 발주 결정에 옮기는 계산을 마쳤다.

=== STDERR ===
