$ python 4-2-spatial-cv.py

=== 표준 출력 ===
[학번 시드] 난수 오프셋 299713 적용 — 이 결과는 제출자 고유값이다.



============================================================

공간 자기상관 분석 및 공간 CV 비교

============================================================



--- 1. 공간 포인트 관측 데이터 불러오기 ---

  불러온 포인트: 500개 (좌표계 EPSG:32652)

  타겟 범위: -7.2 ~ 72.8

  타겟 평균: 30.8, 표준편차: 15.1



--- 2. Global Moran's I ---

  Moran's I 값: 0.8660

  기대값 E[I]: -0.0020

  Z-score: 39.0212

  p-value: 0.0010

  해석: 강한 양의 공간 자기상관 → 공간 CV 필수



--- 3. Local Moran's I (LISA) ---

  유의한 클러스터 분류 (p < 0.05):

    HH (Hot Spot): 167개

    LH (Low-High): 1개

    LL (Cold Spot): 128개

    HL (High-Low): 0개

    Not Significant: 204개



--- 4. 피처 구성 ---

  피처 수: 5

  피처: ['x_coord', 'y_coord', 'dist_center_0', 'dist_center_1', 'dist_center_2']



--- 5. Random CV vs Block CV 비교 ---

  Random K-Fold CV:

    R² scores: [0.865, 0.896, 0.881, 0.837, 0.866]

    평균 R²: 0.869 +/- 0.020



  블록 수: 36개 (5km 격자)

  Spatial Block CV:

    R² scores: [0.874, 0.524, 0.836, 0.913, 0.846]

    평균 R²: 0.798 +/- 0.140



--- 6. Cluster CV ---

  Cluster CV:

    R² scores: [0.008, 0.563, 0.482, 0.512, 0.206]

    평균 R²: 0.354 +/- 0.213



--- 7. CV 기법 비교 요약 ---

  기법              |    평균 R² |     표준편차 |     과대추정

  --------------- | -------- | -------- | --------

  Random CV       |    0.869 |    0.020 |   +0.070

  Block CV        |    0.798 |    0.140 |   +0.000

  Cluster CV      |    0.354 |    0.213 |   -0.444



  Random CV - Block CV = 0.070

  Random CV가 Block CV 대비 성능을 과대 추정

  과대 추정 비율: 8.8%



--- 8. 시드 반복: 검증 결과가 실행마다 얼마나 달라지는가 ---

  생성식 대조: 시드 42로 다시 뽑은 타깃과 저장 자료의 최대 차이 = 5.21e+01

    (0에 가까우면 아래 (C) 반복이 저장 자료와 같은 생성식을 사용함)



  (A) 모델 시드만 교체 — 자료·분할 고정 (42 = 위 실행 재현)

      시드   Random    Block  Cluster      R−B      R−C      폴드SD(B/C)

       0    0.867    0.798    0.343   +0.069   -0.524    0.139/0.293

       1    0.868    0.795    0.335   +0.073   -0.533    0.145/0.243

       2    0.867    0.797    0.352   +0.070   -0.515    0.143/0.274

      42    0.869    0.798    0.354   +0.070   -0.514    0.140/0.213

    R−B 범위 +0.069 ~ +0.073  (최댓값−최솟값 0.004)

    R−C 범위 -0.533 ~ -0.514  (최댓값−최솟값 0.019)



  (B) 분할 시드 교체 — 무작위 CV·블록 배정·군집 정의

      시드   Random    Block  Cluster      R−B      R−C      폴드SD(B/C)

       0    0.875    0.806    0.429   +0.069   -0.446    0.075/0.153

       1    0.866    0.821    0.341   +0.044   -0.525    0.038/0.219

       2    0.874    0.735    0.317   +0.139   -0.557    0.132/0.298

      42    0.869    0.806    0.354   +0.063   -0.514    0.090/0.213

    R−B 범위 +0.044 ~ +0.139  (최댓값−최솟값 0.094)

    R−C 범위 -0.557 ~ -0.446  (최댓값−최솟값 0.111)



  (C) 생성 시드 교체 — 포인트를 다시 뽑는다 (주요 비교 조건)

      시드   Random    Block  Cluster      R−B      R−C      폴드SD(B/C)

       0    0.870    0.825   -0.265   +0.044   -1.134    0.064/0.527

       1    0.864    0.799    0.239   +0.064   -0.625    0.092/0.315

       2    0.863    0.816   -0.076   +0.047   -0.939    0.089/0.907

      42    0.852    0.824   -0.119   +0.028   -0.971    0.044/0.558

    R−B 범위 +0.028 ~ +0.064  (최댓값−최솟값 0.036)

    R−C 범위 -1.134 ~ -0.625  (최댓값−최솟값 0.510)



  → 12번(4시드×3조건) 합계 — Random−Block +0.028 ~ +0.139, Random−Cluster -1.134 ~ -0.446

    두 차이는 같은 검증 방법에서 계산했어도 해석이 다를 수 있다.

    각각의 범위가 0을 품는지, 폴드 SD와 견주어 어느 쪽인지 따로 본다.



[완료] 공간 자기상관 분석 및 공간 CV 비교 실습을 마쳤다.


=== 오류 출력 ===

1. 눈에 띈 숫자 하나를 그대로 옮겨 적고, 왜 눈에 띄었는지 한 문장으로


2. 그 숫자가 왜 그렇게 나왔는가


3. 무작위 교차검증 점수를 그대로 보고서에 실었다면, 그 보고서는 무엇을 잘못 말하게 되는가?