$ C:\Users\user\documents\lee\class\2026-2\geoai\.venv\Scripts\python.exe 11-2-predictive-policing-bias.py

=== STDOUT ===
================================================================
예측적 치안의 자기실현적 편향 (11-2, 반면교사)
================================================================

분석 단위: 256개 격자(16×16), 라운드 8회, 개인 식별 불가
진짜 범죄율 평균 8.5건 (관측 불가) | group A(과잉단속) 평균 진짜율 8.4 vs group B 8.5 → 진짜 위험은 거의 동일

[입증] 라운드별 지표 — '정확해 보이는' 모델이 진짜 수요와 괴리된다
 round  r2_recorded  corr_patrol_true  patrol_gini  disparate_impact
     0        0.823             0.397        0.247             1.370
     1        0.924             0.537        0.436             1.574
     2        0.972             0.530        0.639             1.793
     3        0.988             0.511        0.753             1.893
     4        0.994             0.493        0.825             1.943
     5        0.998             0.467        0.875             1.971
     6        0.998             0.447        0.896             1.990
     7        0.999             0.429        0.917             2.001

  기록 기준 모델 R²: 0.823 → 0.999 (계속 높음 = 겉보기 정확)
  순찰-진짜위험 상관: 0.397 → 0.429 (+0.032, 진짜 수요와 괴리)
  순찰 집중도 Gini : 0.247 → 0.917 (+0.670, 소수 지역 집중)
  disparate impact: 1.370 → 2.001 (group A 과잉표적; 1.0=공정, >1=차별)

  편향 추이 저장 → predictive_policing_bias.csv

[결론 — 반면교사, 규칙3]
  진짜 범죄율은 두 집단이 거의 같았지만, 편향된 기록으로 학습한 예측은
  group A를 계속 과잉 표적하고(되먹임), 모델 R²는 높게 유지되어 '정확해' 보인다.
  → 정확도 ≠ 형평. 공정성·설명가능성이 정확도에 우선한다.
  → 예측적 치안은 정당화 사례가 아니라, 신고편향 보정·공정성 감사·인간 검토가
    전제될 때만 제한적으로 허용되는 '주의' 영역이다(Lum & Isaac 2016).

[완료] 예측적 치안 편향 시뮬레이션을 마쳤다.

=== STDERR ===
