$ C:\Users\user\documents\lee\class\2026-2\geoai\.venv\Scripts\python.exe 11-3-insurance-risk-grading.py

=== STDOUT ===
============================================================
비즈니스 분석: 건물별 홍수 리스크 등급과 보험료 차등
============================================================
  완전 모델(전체) CV R²: 0.890
  관측 모델(가입자 277채, 대상=청구 기록) CV R²: 0.520

────────────────────────────────────────────────────────────
표 11.5  관측 모델 리스크 등급별 보험료 차등과 편향
────────────────────────────────────────────────────────────
  등급      등급명    건물수       평균예측침수확률    보험료배수    저소득비율    미가입비율
────────────────────────────────────────────────────────────
   1     최고위험    125          0.404     3.0x    44.8%    54.4%
   2      고위험    125          0.222     2.0x    26.4%    40.8%
   3      중위험    125          0.145     1.5x    13.6%    48.0%
   4      저위험    125          0.073     1.0x    28.8%    35.2%

────────────────────────────────────────────────────────────
표 11.6  완전 모델 vs 관측 모델의 편향 (전부 교차검증 예측 기준)
────────────────────────────────────────────────────────────
                      지표      완전 모델      관측 모델
────────────────────────────────────────────────────────────
                   전체 R²      0.890      0.669
               저소득 건물 R²      0.888      0.588
              위험 과소평가 비율       2.0%      19.2%
────────────────────────────────────────────────────────────
  [대조군] 가입 선택을 없앤 동일크기 무작위 표본 R²: 0.658 (SD 0.030, 20회)
  → 관측 모델(0.669)과의 차이 -0.011가 '가입 선택' 고유의 몫이다.
  → 완전 모델(0.890)과 대조군의 차이 +0.231는 선택이 아니라 라벨(청구 기록)과
     표본 축소에서 온다. 두 몫을 섞어 읽지 않는다.

라벨 왜곡(소액 피해 미신고): 전체 48건, 그중 가입자 21건이 학습에 0으로 들어갔다.

등급 불일치 건물 비율: 38.0%
  저소득 건물 등급 불일치: 30.3%
  고소득 건물 등급 불일치: 41.1%
  저소득: 과소평가(덜 위험하다고 판단) 26건, 과대평가 17건

불확실성(정규화 conformal):
  q̂=1.601, 가입자 기준 포함률: 0.906 (목표 0.90)
  CI 반폭 중앙값: 0.116, 저신뢰 기준(상위 25%): 0.141
  구간폭-예측값 Spearman: 0.236 (1.000이면 '저신뢰=고위험'이 항등식)
  저신뢰 건물 수: 125개 (보험료 ×1.15 적용)
  저신뢰 건물의 최고위험 등급 비율: 43.2%

────────────────────────────────────────────────────────────
공공 vs 비즈니스 대비
────────────────────────────────────────────────────────────
              차원          공공(재난 대비)           비즈니스(보험)
────────────────────────────────────────────────────────────
         위험지도 용도        구조장비·대피소 배치           보험료·자산가치
         불확실성 대응          현장확인 우선배정         보험료 로딩(할증)
        라벨 편향 유형           순찰→적발 편향           가입→청구 편향
           윤리 쟁점          감시·차별적 단속         가격차별·레드라이닝

보험의 역설:
  진짜 고위험 건물 중 미가입: 70/125 (56.0%)
  이 건물들은 관측 모델 학습에 포함되지 않아 위험이 과소평가된다.
  → 보험 상품이 설계되지 않고 → 가입 불가 → 기록 부재 → 과소평가 지속
  (11-2 '순찰이 없으면 안전하다고 오학습'과 같은 되먹임)

============================================================
[완료] 비즈니스 분석: 건물별 홍수 리스크 등급과 보험료 차등
============================================================

=== STDERR ===
