$ C:\Users\user\documents\lee\class\2026-2\geoai\.venv\Scripts\python.exe 5-2-baseline-vs-cnn.py

=== STDOUT ===
==============================================================
저비용 기준선 대비 CNN: 이 과업에 딥러닝이 필요한가
==============================================================

--- 1. 데이터 (5-1과 동일한 구성) ---
  패치 724장, 4클래스 ['산림', '경작지', '시가지', '수역'], 클래스당 181개
  입력 텐서 (12, 32, 32), 공간 타일 36개
  요약 피처 30개 (밴드 평균·표준편차 + 지수 평균·표준편차)
  지수 평균 (클래스별) — 규칙이 기대는 물리가 실제로 갈라지는지 확인
    클래스    |    NDVI |    NDWI |    NDBI
    산림     |  +0.471 |  -0.493 |  -0.007
    경작지    |  +0.245 |  -0.309 |  +0.080
    시가지    |  +0.187 |  -0.226 |  +0.074
    수역     |  -0.088 |  +0.282 |  -0.111

--- 2. 공간 타일 분할(GroupKFold 5겹)로 다섯 방법 채점 ---
  R1 고정 임계 규칙            Acc=0.588±0.125  Macro-F1=0.514±0.037  학습=0.00초 추론=0.000초
  R2 학습된 임계(트리)          Acc=0.880±0.060  Macro-F1=0.857±0.050  학습=0.01초 추론=0.001초
  L  로지스틱 회귀             Acc=0.947±0.032  Macro-F1=0.934±0.034  학습=0.08초 추론=0.001초
  RF 랜덤 포레스트             Acc=0.935±0.044  Macro-F1=0.926±0.053  학습=2.31초 추론=0.285초
  CNN SimpleCNN    seed=42  Acc=0.975±0.011  Macro-F1=0.967±0.012  학습=6.12초 추론=0.025초
  CNN SimpleCNN    seed=0   Acc=0.972±0.012  Macro-F1=0.964±0.012  학습=6.41초 추론=0.016초
  CNN SimpleCNN    seed=1   Acc=0.970±0.009  Macro-F1=0.963±0.006  학습=6.24초 추론=0.017초
  CNN 시드 3개의 Macro-F1 범위: 0.963 ~ 0.967 (폭 0.004)

--- 3. 성능·비용·복잡도 ---
  방법                     |   Acc | Macro-F1 |     학습초 |     추론초 |         파라미터 | 구현
  R1 고정 임계 규칙            | 0.588 |    0.514 |    0.00 |   0.000 |            0 | 지수 3개 계산 + if 4줄
  R2 학습된 임계(트리)          | 0.880 |    0.857 |    0.01 |   0.001 |    트리 노드 ≤15 | 지수 3개 + 결정트리
  L  로지스틱 회귀             | 0.947 |    0.934 |    0.08 |   0.001 |          124 | 요약 피처 30개 + 표준화
  RF 랜덤 포레스트             | 0.935 |    0.926 |    2.31 |   0.285 |      트리 300개 | 요약 피처 30개
  CNN SimpleCNN          | 0.975 |    0.967 |    6.12 |   0.025 |       96,804 | GPU 권장 + 학습 파이프라인

--- 4. 클래스별 F1 (out-of-fold) ---
  방법                     |     산림 |    경작지 |    시가지 |     수역
  R1 고정 임계 규칙            |  0.528 |  0.039 |  0.567 |  0.983
  R2 학습된 임계(트리)          |  0.952 |  0.785 |  0.804 |  0.983
  L  로지스틱 회귀             |  0.967 |  0.916 |  0.926 |  0.981
  RF 랜덤 포레스트             |  0.958 |  0.894 |  0.905 |  0.983
  CNN SimpleCNN          |  0.980 |  0.959 |  0.967 |  0.995

--- 5. CNN 대 최고 기준선 ---
  최고 기준선: L  로지스틱 회귀 (Macro-F1 0.934)
  CNN Macro-F1 0.967 → 격차 +0.032 (Accuracy +0.028)
  폴드별 격차: +0.077, +0.001, +0.029, +0.018, +0.036
  폴드별 격차 범위 +0.001 ~ +0.077, CNN 시드 변동 폭 0.004
  → 격차가 실행 간 변동 폭보다 크다. 방향을 말할 수 있다.
  학습 시간 비: CNN 6.12초 대 L  로지스틱 회귀 0.08초

  저장: results/ch5_baseline_comparison.csv, results/ch5_perf_handoff.csv
  (5-3이 ch5_perf_handoff.csv의 실측 격차를 읽어 도입 손익분기를 계산한다)

--- 6. 이 비교가 말하는 것과 말하지 못하는 것 ---
  말하는 것: 이 과업(순수 패치·네 유형·단일 장면)에서 분광지수 기준선이
    어디까지 가고 CNN이 그 위에 무엇을 얹는지. 그리고 그 차이가 CNN 자신의
    실행 간 변동보다 큰지 작은지.
  말하지 못하는 것: 다른 과업에서의 우열. 유형이 세분되거나 분광이 겹치거나
    경계·혼합 패치가 포함되면 지수 규칙이 먼저 무너진다. 이 결과는
    '패치를 순수한 것만 골랐을 때'라는 조건 위에 서 있다.

[완료] 기준선 대비 CNN 비교를 마쳤다.

=== STDERR ===
