$ C:\Users\user\documents\lee\class\2026-2\geoai\.venv\Scripts\python.exe 5-3-adoption-cost-breakeven.py

=== STDOUT ===
==================================================================
도입 판정의 손익분기: 이 업무에 CNN을 넣을 것인가
==================================================================

--- 1. 분석 1에서 넘어온 실측 성능 (지어낸 값 없음) ---
  고정 임계 규칙 정확도 : 0.588
  최고 저비용 기준선     : 0.947  (L  로지스틱 회귀)
  CNN 정확도            : 0.975
  CNN − 기준선 격차      : +0.028
  학습에 쓴 라벨 패치     : 724장

--- 2. 파라미터와 등급 ---
  판독 단위 면적                  0.1024 km² (32px × 10m)   [산출값]
  IT 인력 일평균임금                              245,535원   [검증값] KOSA 2025 적용 공표
  시간당 인건비                                   30,692원   [산출값] 일평균÷8
  Sentinel-2 영상비                 0원 (Copernicus 개방)   [검증값]
  상업 VHR 영상비                   31,500원/km² ($15~30)   [검증값(범위)]+[가정] 환율
  판독 1건 소요                                     2.0분   [가정]
  사람 판독 정확도                                   0.980   [가정]
  오분류 1건 처리비                                50,000원   [가정]
  라벨 1장 단가                                   1,500원   [가정]
  구축 인일 (규칙/CNN)                           3일 / 15일   [가정]

  [산출값] 판독 1건 인건비 = 1,023원 (= 2.0분 × 30,692원/시간)

--- 3. 손익분기 면적 (Sentinel-2 무료 영상 기준) ---
  '얼마나 넓게, 몇 번 반복해야 자동화가 사람 판독보다 싸지는가'
     반복 주기 |          사람→규칙 |         사람→CNN |         규칙→CNN
       1회 |          역전 없음 |     624.65 km² |     297.76 km²
       4회 |          역전 없음 |     156.16 km² |      74.44 km²
      12회 |          역전 없음 |      52.05 km² |      24.81 km²
      52회 |          역전 없음 |      12.01 km² |       5.73 km²

  참고: 판독 단위 1건이 0.1024 km², 시군구 하나가 대략 수백 km²,
        남한 전체가 약 100,000 km² 규모다.

--- 4. 면적별 총비용 (연 12회 반복 기준, 백만원) ---
     면적(km²) |      사람 판독 |         규칙 |        CNN | 가장 싼 경로
           1 |        0.2 |        1.0 |        4.9 | 사람 판독
          10 |        2.4 |        3.8 |        6.2 | 사람 판독
         100 |       23.7 |       31.5 |       19.3 | CNN
         500 |      118.5 |      154.7 |       77.5 | CNN
       1,000 |      237.1 |      308.7 |      150.2 | CNN
      10,000 |    2,370.8 |    3,080.4 |    1,459.4 | CNN
     100,000 |   23,707.8 |   30,797.8 |   14,550.8 | CNN

--- 5. 유료 고해상도 영상이 값을 하는 최소 성능 격차 ---
  이득 = 패치수 × Δ정확도 × 오분류비,  비용 = 면적 × 영상단가
  두 식에 면적이 같이 들어가 상쇄된다 → 최소 격차는 면적과 무관하다.
                   영상 단가 |        원/km² |      필요 Δ정확도 | 판정
             VHR 아카이브 하단 |       21,000 |       0.043 | 달성 불가 (남은 여지 0.025)
             VHR 아카이브 중앙 |       31,500 |       0.065 | 달성 불가 (남은 여지 0.025)
             VHR 아카이브 상단 |       42,000 |       0.086 | 달성 불가 (남은 여지 0.025)
               VHR 신규 촬영 |       70,000 |       0.143 | 달성 불가 (남은 여지 0.025)
  현재 CNN 정확도가 0.975이므로 이론상 남은 개선 여지가 0.025뿐이다.
  주의: 유료 영상으로 정확도가 실제로 얼마나 오르는지는 재지 않았다.
        이 계산은 '얼마나 올라야 본전인가'를 정할 뿐이다.

--- 6. 민감도: 어느 값에서 판정이 뒤집히는가 (연 12회 기준) ---
  '사람→규칙'이 역전 없음이면 지수 규칙 자동화는 아무리 넓혀도 손해다.
  파라미터                   |            값 |          사람→규칙 |         사람→CNN |         규칙→CNN
  기준(위 설정)               |            — |          역전 없음 |       52.1 km² |       24.8 km²
  오분류 처리비                |      10,000원 |        9.0 km² |       41.7 km² |      124.1 km²
  오분류 처리비                |      50,000원 |          역전 없음 |       52.1 km² |       24.8 km²
  오분류 처리비                |     200,000원 |          역전 없음 |      701.5 km² |        6.2 km²
  오분류 처리비                |     500,000원 |          역전 없음 |          역전 없음 |        2.5 km²
  판독 1건 소요               |         0.5분 |          역전 없음 |    2,805.9 km² |       24.8 km²
  판독 1건 소요               |         2.0분 |          역전 없음 |       52.1 km² |       24.8 km²
  판독 1건 소요               |         5.0분 |        6.8 km² |       17.6 km² |       24.8 km²
  라벨 1장 단가               |         500원 |          역전 없음 |       44.2 km² |       20.4 km²
  라벨 1장 단가               |       1,500원 |          역전 없음 |       52.1 km² |       24.8 km²
  라벨 1장 단가               |       5,000원 |          역전 없음 |       79.7 km² |       40.4 km²
  CNN 구축 인일              |           5일 |          역전 없음 |       25.3 km² |        9.7 km²
  CNN 구축 인일              |          15일 |          역전 없음 |       52.1 km² |       24.8 km²
  CNN 구축 인일              |          40일 |          역전 없음 |      119.1 km² |       62.6 km²

--- 7. 퇴화 검사 ---
  (a) CNN 정확도를 기준선과 같게(0.947) 두면 규칙→CNN 손익분기: 역전 없음
      → 성능이 같은데 개발·라벨만 더 드는 경로이므로 '역전 없음'이 맞다.
  (b) 오분류 처리비를 0원으로 두면 규칙→CNN 손익분기: 역전 없음
      → 틀려도 비용이 없으면 정확도를 살 이유가 없다. '역전 없음'이 맞다.
  (c) 사람 인건비를 0원으로 두면 사람→규칙 손익분기: 역전 없음
      → 공짜 인력이 더 정확하면 자동화할 이유가 없다. '역전 없음'이 맞다.

  저장: ch5_breakeven_area.csv, ch5_total_cost.csv, ch5_cost_sensitivity.csv, ch5_imagery_threshold.csv

--- 8. 판정 ---
  [패치 1건의 손익] 자동화는 인건비를 아끼는 대신 오분류 비용을 더 낸다.
    아끼는 인건비           :      1,023원
    규칙이 더 내는 오분류 비용 :      1,628원 (정확도 0.980 → 0.947)
    CNN이 더 내는 오분류 비용 :        241원 (정확도 0.980 → 0.975)
    → 규칙 순손익 -605원/건, CNN 순손익 +782원/건

  지수 규칙 자동화는 **아무리 넓혀도 사람 판독보다 싸지지 않는다.**
    아끼는 인건비보다 늘어나는 오분류 처리비가 크기 때문이다.
    반면 CNN은 연 12회 기준 52.1 km²부터 사람 판독보다 싸진다.
  이 과업에서 도입 판정을 가른 것은 '자동화냐 아니냐'가 아니라
  **정확도 0.947과 0.975의 차이**다. 그 0.028이 자동화를 손해에서 이득으로 뒤집는다.
  분석 1의 성능 격차가 곧 도입 판정이었다는 뜻이며, 정확도 보고에서
  멈췄다면 '규칙으로도 0.947이면 충분하다'는 반대 결론을 냈을 것이다.
  유료 고해상도 영상은 정확도를 최소 0.065 올려야 본전인데, 남은 여지가 0.025뿐이라 이 과업에서는 값을 하지 못한다.
  단, 위 판정은 오분류 처리비 5만원 가정 위에 서 있다. 민감도(6)에서 보듯
  처리비가 1만원이면 규칙 자동화도 이득으로 돌아선다 — 판정이 뒤집히는 값이다.

--- 9. 이 계산이 말하는 것과 말하지 못하는 것 ---
  말하는 것: 성능 격차를 비용으로 환산하는 절차, 그 절차가 만드는 컷라인,
    그리고 컷라인이 어느 파라미터에 민감한지.
  말하지 못하는 것: 실제 기관의 도입 비용. 인건비를 뺀 네 파라미터가
    [가정]이고, 판독 인건비도 IT 인력 단가를 대리로 쓴 것이다. 이 숫자를
    특정 사업의 예산 근거로 옮겨 쓰면 안 된다. 절차를 가져가고 값은 다시 재라.

[완료] 도입 손익분기 계산을 마쳤다.

=== STDERR ===
