$ C:\Users\user\documents\lee\class\2026-2\geoai\.venv\Scripts\python.exe 7-2-spatiotemporal-uncertainty.py

=== STDOUT ===
================================================================
시공간 예측과 불확실성 정량화 (7-2, LSTM + MC Dropout)
================================================================

데이터: 1200시간 합성 교통량, 윈도우 24h → 다음 1h 예측
학습 823 / 검증 353 (앞 70% 학습, 시계열 누수 차단)
학습 완료(에폭 15, 최종 train MSE 0.1693)

[점추정] RMSE = 12.82 대/시간
[불확실성] 두 성분 결합: epistemic(모델) + aleatoric(데이터 잡음)
           평균 표준편차 epistemic 7.23 / aleatoric 11.69 (epistemic 비중 28%)
           90% 구간 포함률(coverage) = 91.5% (목표 90%)
           평균 구간 폭 = 45.18 대/시간
  ※ MC Dropout만 쓰면(epistemic만) 데이터 잡음을 놓쳐 구간이 좁고 과소포함된다.

[정책 연계] 예측 불확실성이 큰 상위 5개 시점(추가 관측·보수적 대응 대상)
 test_idx  pred_mean  interval_width     actual
       55       96.8            52.6 105.900002
      135       10.3            50.5   9.100000
       32       93.4            50.4 115.099998
      210        8.6            50.1  40.500000
       80       84.1            50.0  90.400002

  예측·신뢰구간 저장 → traffic_uncertainty.csv
  ※ 정책 함의: 점추정이 같아도 구간이 넓은 시점은 의사결정 위험이 크다.
    좁은 구간 → 확정 대응, 넓은 구간 → 추가 관측·완충 자원 확보.

[완료] 시공간 예측·불확실성 정량화를 마쳤다.

=== STDERR ===
