$ C:\Users\user\documents\lee\class\2026-2\geoai\.venv\Scripts\python.exe 6-1-change-detection-policy.py

=== STDOUT ===
================================================================
변화 탐지 결과의 평가·거짓변화 필터링·행정 집계 (6-1, 6.7 실습)
================================================================

래스터 128×128(픽셀 10m, 0.01ha) | 진짜 변화 2001px, 예측 변화 3022px

[6.2 평가] 거짓변화 필터링 전 (예측 vs 진짜)
  IoU 0.525 | 정밀도 0.572 | 재현율 0.865 | Dice 0.689
  → 정밀도가 낮다 = 거짓양성(구름·계절 잡음)이 섞여 있다.

[거짓변화 필터] NDVI 차분>0.25 + 최소면적≥1ha(100px)
  필터 후: IoU 0.865 | 정밀도 1.000 | 재현율 0.865 | Dice 0.927
  → 정밀도 0.572 → 1.000 (개선 +0.428), IoU 0.525 → 0.865
  ※ 거짓양성 제거로 정밀도가 오른다. 재현율은 약간의 경계 손실 대가.

[6.6 정책] 행정구역(4×4=16)별 개발 변화 면적·우선순위
 admin_zone  changed_px  changed_ha  priority_rank
          9         293        2.93              1
         10         247        2.47              2
         13         230        2.30              3
          6         178        1.78              4
         15         141        1.41              5
          0         134        1.34              6
          7         124        1.24              7
          1          92        0.92              8
          4          92        0.92              9
          5          70        0.70             10
          8          35        0.35             11
         14          32        0.32             12
         11          31        0.31             13
         12          30        0.30             14
          2           1        0.01             15

  탐지된 개발 변화 총 17.3ha, 우선순위 저장 → change_admin_priority.csv
  ※ 정책 연결: 구역별 변화 면적은 벌채 규제·복구·도시확장 관리의 우선순위 근거.
    필터 전 수치를 그대로 쓰면 거짓변화로 우선순위가 왜곡된다.

[완료] 변화 탐지 결과의 평가·필터·정책 집계를 마쳤다.

=== STDERR ===
