$ C:\Users\user\documents\lee\class\2026-2\geoai\.venv\Scripts\python.exe 6-2-site-sourcing.py

=== STDOUT ===
========================================================================
개발 가능 부지 탐색: 세그멘테이션 오차가 후보 목록을 흔드는 방식 (6-2, 6.7 분석 2)
========================================================================

무대: 512×512 래스터(픽셀 1m=1㎡, 26.2ha) | 도로 50,005㎡ | 건물 26,877㎡
개발 요건(예시 설정): 면적 ≥ 1,000㎡, 접도 ≥ 12m, 최소폭 ≥ 15m

[1] 정답: 유휴 부지 32필지 중 요건을 모두 채우는 우량 부지 10필지
    탈락 사유 — 면적 미달 9 | 맹지·접도 부족 10 | 최소폭 미달 4 (중복 포함)

[2] 예측 마스크 객체화: 연결요소 949개 중 909개는 50㎡ 미만 얼룩(제외) → 분석 대상 40개
    필지 검출률 30/32 (0.938) | 정답 필지와 무관한 오탐 객체 5개
    과분할(한 필지가 여러 객체로 쪼개짐) 3필지 | 병합(한 객체가 두 필지 이상을 덮음) 0객체
    면적 상대오차(검출 30필지): 중앙값 -0.125 (1사분위 -0.177 / 3사분위 -0.112) — 침식이 면적을 체계적으로 깎는다
    오차는 크기에 따라 다르다 — 큰 절반 -0.112 / 작은 절반 -0.136 (둘레÷면적 비가 작은 필지에서 손실이 작다)
    과분할 필지 1: 참 2,511㎡ → 조각 2개(최대 1,026㎡, 합 2,026㎡)
    과분할 필지 2: 참 2,412㎡ → 조각 2개(최대 1,093㎡, 합 2,152㎡)
    과분할 필지 9: 참 2,394㎡ → 조각 2개(최대 1,216㎡, 합 2,105㎡)

[3] 접도 판정 허용오차: 도로에 직접 맞붙은 경계만 세면 분석 대상 40개 중 37개가 접면 부족으로 탈락한다
    남는 3개 중 진짜 필지는 0개 — 침식이 진짜 부지를 도로에서 한 겹 떼어 놓는 사이, 침식되지 않은 오탐만 도로에 붙어 살아남는다.
    → 허용오차는 침식 깊이보다 커야 한다. 여기서는 3m를 쓴다.

[4] 개발 요건 필터 깔때기 (면적 보정 전)
    객체(얼룩 제외)            40건
    면적 ≥ 1,000㎡          20건
    접도 ≥ 12m              9건
    최소폭 ≥ 15m             8건
    후보 8건 | 우량 부지 오탈락 5건 (필지 [19, 20, 21, 22, 23])

[5] 면적 편향 보정: 실사 검토 풀 16건 중 무작위 12건을 현장 실측한다
    실측 12건 중 2건은 부지가 아님(오탐)으로 판명, 10건으로 보정 계수를 추정
    ① 스칼라 보정  k = 평균(참/추정) = 1.128
    ② 둘레 보정   Â = A + ĉ·P,  ĉ = 0.916 (침식 한 겹이면 ĉ≈1이 이론값)
    ※ 표본을 어디서 뽑느냐로 k가 달라진다 — 실사 풀 표본 1.128 | 검출 필지 전수(모의 세계의 참값) 1.217 | 검출된 모든 객체 1.453(중앙값 1.162)
      실사 풀 표본은 큰 필지 쪽으로 치우쳐 손실을 작게 보고, 모든 객체를 대상으로 하면 과분할 조각(참/추정≈2)이 섞여 반대로 부풀린다.

[6] 오탈락 분석 (이 예제의 결론표)
      보정  후보 수  우량 부지 오탈락  우량 부지 포착  헛후보(비우량)
   보정 없음     8          5         5         3
스칼라 k 보정    11          2         8         3
둘레 모형 보정    11          2         8         3
    (전체 우량 부지 10필지 기준)
    보정 뒤에도 남은 오탈락 [19, 21] — 그중 두 겹 침식 필지 2건. 전역 보정 계수 하나로는 필지마다 다른 침식 깊이를 되돌리지 못한다.

[7] 대조군 — 심은 오차를 하나씩만 제거하고 같은 파이프라인을 돌린다
         세계  검출 필지  면적오차 중앙값  후보 수  우량 오탈락  헛후보
본 실험(오차 3종)     30    -0.125     8       5    3
   C1 침식 제거     30     0.005    13       0    3
   C2 오탐 제거     30    -0.132     5       5    0
  C3 과분할 제거     32    -0.121     8       5    3

[8] 면적 임계를 어디에 둘 것인가 — 후보 수와 오탈락의 맞바꿈
    놓친 우량 부지 1건 = 실사  1건 비용일 때 → 최적 임계   1,450㎡ (후보 7건, 오탈락 5건)
    놓친 우량 부지 1건 = 실사  3건 비용일 때 → 최적 임계     725㎡ (후보 14건, 오탈락 0건)
    놓친 우량 부지 1건 = 실사 10건 비용일 때 → 최적 임계     725㎡ (후보 14건, 오탈락 0건)
    참고: 요건 그대로인 1,000㎡에서는 후보 8건, 오탈락 5건
    참고: 면적 편향(-0.125)만큼 낮춘 875㎡에서는 후보 11건, 오탈락 2건
    → 놓침이 실사보다 두 배만 비싸도 임계를 요건값보다 낮춰 잡는 편이 낫다. 요건값을 그대로 쓰는 것은 놓침이 실사만큼 싼 세계에서만 최적이다.

[9] 실사 예산 6건 — 무엇을 먼저 볼 것인가
    후보 11건 중 앞의 6건만 방문할 수 있다.
    면적 큰 순           적중 4/6건(서로 다른 필지 4개) | 확보한 참 면적 10,166㎡
    여유폭 큰 순          적중 4/6건(서로 다른 필지 4개) | 확보한 참 면적 10,166㎡
    (참고) 정답을 아는 순    적중 6/6건(서로 다른 필지 6개) | 확보한 참 면적 11,413㎡
    헛걸음 2건의 정체 — 유휴 부지가 아닌 오탐 2건, 부지이지만 요건 미달 0건
    → 두 순서의 성적이 같다. 후보의 기하 피처만으로는 오탐을 가려낼 수 없기 때문이다. 순서를 바꿔 풀 문제가 아니라 분류를 고쳐야 하는 문제다.

[10] 저장: ch6_site_candidates.csv(11행) | ch6_missed_sites.csv(5행) | ch6_threshold_cost.csv
[11] 지도 저장 → 6-2-site-sourcing-map.png

[완료] 세그멘테이션 오차가 후보 목록을 흔드는 방식을 계산했다.

=== STDERR ===
