$ C:\Users\user\documents\lee\class\2026-2\geoai\.venv\Scripts\python.exe 15-1-geo-experiment-power.py

=== STDOUT ===
==============================================================================
15-1 지역 실험의 설계와 검정력 — 시장 40개로 5% 효과를 잡을 수 있는가
==============================================================================
시장 40개(4×10 격자) · 군집 10개 · 주 104개(사전 52) · 배정 반복 1000회
참 효과 = 로그 +0.0490 (+5.02%)
파급    = 로그 -0.0150 (-1.49%)  ← 처치 시장에 인접한 대조 시장

[짝지음] 사전 52주 궤적 거리로 20개 쌍 구성
  이 중 지리적으로 인접한 쌍 = 11개 / 20개
  → 공간 자기상관 때문에 '닮은 시장'과 '이웃 시장'이 겹친다. 짝지음은 좋은
    설계인데도 오염 위험을 스스로 끌어들이는 구조다.

------------------------------------------------------------------------------
세계A 기준(효과+파급)
------------------------------------------------------------------------------
설계                           평균추정       편향     경험SD     평균SE     기각률    ±MC      MDE    단위     노출률
설계1 단순+사후비교                0.0657   0.0167   0.0881   0.0875   0.100  0.009   0.2518  40.0   0.904
설계2 단순+DID                 0.0617   0.0127   0.0379   0.0378   0.358  0.015   0.1087  40.0   0.904
설계3 짝지음+DID                0.0639   0.0149   0.0129   0.0131   1.000  0.000   0.0386  40.0   0.959
설계4 짝지음+오염제외               0.0465  -0.0025   0.0586   0.0414   0.167  0.028   0.3515   4.6   0.000
설계5 군집무작위+DID              0.0585   0.0095   0.0744   0.0758   0.080  0.009   0.2453  10.0   0.617

------------------------------------------------------------------------------
세계B 대조군(파급 0)
------------------------------------------------------------------------------
설계                           평균추정       편향     경험SD     평균SE     기각률    ±MC      MDE    단위     노출률
설계1 단순+사후비교                0.0521   0.0031   0.0881   0.0874   0.080  0.009   0.2517  40.0   0.904
설계2 단순+DID                 0.0481  -0.0009   0.0379   0.0378   0.227  0.013   0.1087  40.0   0.904
설계3 짝지음+DID                0.0495   0.0005   0.0130   0.0130   0.969  0.005   0.0385  40.0   0.959
설계4 짝지음+오염제외               0.0465  -0.0025   0.0586   0.0414   0.167  0.028   0.3515   4.6   0.000
설계5 군집무작위+DID              0.0492   0.0002   0.0745   0.0759   0.069  0.008   0.2459  10.0   0.617

------------------------------------------------------------------------------
세계C 대조군(효과0·파급0)
------------------------------------------------------------------------------
설계                           평균추정       편향     경험SD     평균SE     기각률    ±MC      MDE    단위     노출률
설계1 단순+사후비교                0.0031   0.0031   0.0881   0.0874   0.044  0.006   0.2517  40.0   0.904
설계2 단순+DID                -0.0009  -0.0009   0.0379   0.0378   0.045  0.007   0.1087  40.0   0.904
설계3 짝지음+DID                0.0005   0.0005   0.0130   0.0130   0.052  0.007   0.0385  40.0   0.959
설계4 짝지음+오염제외              -0.0025  -0.0025   0.0586   0.0414   0.233  0.032   0.3515   4.6   0.000
설계5 군집무작위+DID              0.0002   0.0002   0.0745   0.0759   0.024  0.005   0.2459  10.0   0.617

==============================================================================
대조군 1 — 파급을 제거하면 편향이 사라지는가 (세계 A vs 세계 B)
==============================================================================
설계                            A 편향      B 편향        차이  판정
설계1 단순+사후비교                 0.0167    0.0031    0.0136  통과 — 편향의 원인은 파급
설계2 단순+DID                  0.0127   -0.0009    0.0136  통과 — 편향의 원인은 파급
설계3 짝지음+DID                 0.0149    0.0005    0.0144  통과 — 편향의 원인은 파급
설계5 군집무작위+DID               0.0095    0.0002    0.0093  통과 — 편향의 원인은 파급
판정: 통과

[함께 볼 것] 설계별 대조군 노출률 — 어떤 설계가 오염을 줄이는가
  설계1 단순+사후비교              0.904
  설계2 단순+DID               0.904
  설계3 짝지음+DID              0.959
  설계4 짝지음+오염제외             0.000
  설계5 군집무작위+DID            0.617
  짝지음(설계 3)의 노출률이 단순 무작위보다 **높다.** 닮은 시장이 곧 이웃이라
  쌍마다 처치·대조가 붙어 앉기 때문이다. 정밀도를 높인 설계가 오염을 더 만든다는
  이 역설이 설계 4·5가 필요한 이유이며, 동시에 둘 다 대가를 치르는 이유다.

==============================================================================
대조군 2 — 효과·파급이 없는 세계에서 1종 오류율이 명목 5%인가
==============================================================================
초과(부풀림)와 미달(보수적)을 구분해 읽는다. 부풀림은 없는 효과를 있다고 말하게
만들므로 위험하고, 보수적 검정은 있는 효과를 놓치게 만들어 검정력을 깎는다.
  설계1 단순+사후비교              0.044 ± 0.013  가짜 효과 +0.0031  → 명목 수준 포함
  설계2 단순+DID               0.045 ± 0.013  가짜 효과 -0.0009  → 명목 수준 포함
  설계3 짝지음+DID              0.052 ± 0.014  가짜 효과 +0.0005  → 명목 수준 포함
  설계4 짝지음+오염제외             0.233 ± 0.063  가짜 효과 -0.0025  → **부풀림 — 없는 효과를 유의하다고 말한다**
  설계5 군집무작위+DID            0.024 ± 0.010  가짜 효과 +0.0002  → 보수적 — 기각을 덜 한다(검정력 손실)
판정: 부풀림 설계 = ['설계4 짝지음+오염제외']

==============================================================================
설계 4 진단 — 도넛을 사후 필터로 구현하면 무슨 일이 일어나는가
==============================================================================
평균 분석 단위 = 4.6개 (설계 3의 40개에서 감소)
유효 반복 = 180/1000회 — 쌍이 2개 미만 남으면 검정 자체가 성립하지 않는다

① 점추정은 목적을 달성했다.
   세계 A 편향 -0.0025 (설계 3의 +0.0149에서 거의 사라졌다)
   오염된 대조를 뺀 것 자체는 파급 편향을 실제로 걷어 냈다.

② 그런데 추론이 깨진다.
   경험 SD 0.0586 ≫ 보고된 평균 SE 0.0414
   세계 C 1종 오류율 0.233 (명목 0.05) — 네 배 이상 부풀었다
   표준오차가 실제 산포를 못 따라가므로 유의성 판정을 믿을 수 없다.

③ 원인: 표본이 배정 결과의 함수다.
   대조 시장이 오염되었는지는 그 반복에서 이웃이 처치를 받았는지에 달려 있다.
   즉 몇 쌍이 남는지가 반복마다 달라지는 확률변수이고, 배정을 보고 표본을 골랐으므로
   t분포의 자유도 가정이 성립하지 않는다. 같은 데이터로 설계와 추정을 함께 한 셈이다.

④ 처방 둘.
   (a) 도넛을 **설계**로 구현한다 — 처치 비중을 낮춰 순수 대조 시장을 미리 확보하고,
       배제 규칙을 배정 전에 확정한다.
   (b) 추론을 **순열 검정**으로 바꾼다 — 같은 필터를 귀무가설 아래 재배정에 적용해
       기준분포를 만든다. t분포를 빌려 쓰지 않는다.
   처치 비중이 50%이고 격자가 촘촘하면 사후 필터는 애초에 성립하지 않는다.

==============================================================================
시장 수와 MDE — 몇 개 시장이 필요한가 (설계 3 기준)
==============================================================================
    시장 수          파급     MDE(로그)    MDE(%)       검정력
      10       파급 있음      0.0972     10.21     0.242
      10       파급 없음      0.0973     10.22     0.242
      20       파급 있음      0.0538      5.53     0.910
      20       파급 없음      0.0536      5.51     0.644
      30       파급 있음      0.0566      5.83     0.888
      30       파급 없음      0.0567      5.84     0.604
      40       파급 있음      0.0385      3.93     1.000
      40       파급 없음      0.0384      3.92     0.970

참 효과 5.02%와 비교해 읽는다. MDE가 참 효과보다 크면 그
규모로는 이 효과를 잡을 수 없다 — 실험을 설계 단계에서 접어야 한다.
(MDE는 반복 표본의 평균 SE로 계산한 값이라 자체 오차가 있다)

파급이 MDE는 거의 움직이지 않는데 기각률은 올린다는 점을 눈여겨본다. 파급은
표준오차가 아니라 추정치를 밀어 올리므로 **검정력을 가짜로 높인다** — 기각이 늘어난
것이 효과를 잘 잡았다는 뜻이 아니다.

그림 저장: 15-1-mde-curve.png
표 저장: 15-1-designs-세계A/B/C.csv, 15-1-mde-curve.csv

=== STDERR ===
